[Cuda_Transfer_To_Device_Seconds]=1.570580e-04  [Cuda_Transfer_To_Host_Seconds]=1.216500e-05  [Cuda_Calculation_Time_Seconds]=2.101500e-05  [Sequential_Time_Seconds]=6.600000e-08  [N]=16  [Blocks]=1  [Threads]=1
[Cuda_Transfer_To_Device_Seconds]=2.129900e-05  [Cuda_Transfer_To_Host_Seconds]=1.149700e-05  [Cuda_Calculation_Time_Seconds]=2.856200e-05  [Sequential_Time_Seconds]=1.840000e-07  [N]=64  [Blocks]=1  [Threads]=1
[Cuda_Transfer_To_Device_Seconds]=1.837200e-05  [Cuda_Transfer_To_Host_Seconds]=1.185800e-05  [Cuda_Calculation_Time_Seconds]=3.802600e-05  [Sequential_Time_Seconds]=3.160000e-07  [N]=128  [Blocks]=1  [Threads]=1
[Cuda_Transfer_To_Device_Seconds]=2.337500e-05  [Cuda_Transfer_To_Host_Seconds]=1.300200e-05  [Cuda_Calculation_Time_Seconds]=1.093000e-04  [Sequential_Time_Seconds]=1.307000e-06  [N]=512  [Blocks]=1  [Threads]=1
[Cuda_Transfer_To_Device_Seconds]=2.088200e-05  [Cuda_Transfer_To_Host_Seconds]=1.216100e-05  [Cuda_Calculation_Time_Seconds]=1.809250e-04  [Sequential_Time_Seconds]=2.430000e-06  [N]=1024  [Blocks]=1  [Threads]=1
[Cuda_Transfer_To_Device_Seconds]=2.545500e-05  [Cuda_Transfer_To_Host_Seconds]=1.559800e-05  [Cuda_Calculation_Time_Seconds]=3.336020e-04  [Sequential_Time_Seconds]=5.549000e-06  [N]=2048  [Blocks]=1  [Threads]=1
[Cuda_Transfer_To_Device_Seconds]=2.628400e-05  [Cuda_Transfer_To_Host_Seconds]=2.015300e-05  [Cuda_Calculation_Time_Seconds]=6.563240e-04  [Sequential_Time_Seconds]=1.230800e-05  [N]=4096  [Blocks]=1  [Threads]=1
[Cuda_Transfer_To_Device_Seconds]=8.868800e-05  [Cuda_Transfer_To_Host_Seconds]=8.066200e-05  [Cuda_Calculation_Time_Seconds]=5.073572e-03  [Sequential_Time_Seconds]=1.087440e-04  [N]=32768  [Blocks]=1  [Threads]=1
[Cuda_Transfer_To_Device_Seconds]=4.995520e-04  [Cuda_Transfer_To_Host_Seconds]=6.346930e-04  [Cuda_Calculation_Time_Seconds]=5.149356e-02  [Sequential_Time_Seconds]=8.574860e-04  [N]=262144  [Blocks]=1  [Threads]=1
[Cuda_Transfer_To_Device_Seconds]=1.520701e-03  [Cuda_Transfer_To_Host_Seconds]=1.911885e-03  [Cuda_Calculation_Time_Seconds]=2.057721e-01  [Sequential_Time_Seconds]=3.658751e-03  [N]=1048576  [Blocks]=1  [Threads]=1
[Cuda_Transfer_To_Device_Seconds]=2.955637e-03  [Cuda_Transfer_To_Host_Seconds]=3.533174e-03  [Cuda_Calculation_Time_Seconds]=2.175590e-01  [Sequential_Time_Seconds]=7.647419e-03  [N]=2097152  [Blocks]=1  [Threads]=1
[Cuda_Transfer_To_Device_Seconds]=5.416538e-03  [Cuda_Transfer_To_Host_Seconds]=6.950214e-03  [Cuda_Calculation_Time_Seconds]=4.176080e-01  [Sequential_Time_Seconds]=1.492847e-02  [N]=4194304  [Blocks]=1  [Threads]=1
[Cuda_Transfer_To_Device_Seconds]=1.066372e-02  [Cuda_Transfer_To_Host_Seconds]=1.238322e-02  [Cuda_Calculation_Time_Seconds]=7.276040e-01  [Sequential_Time_Seconds]=2.866725e-02  [N]=8388608  [Blocks]=1  [Threads]=1
[Cuda_Transfer_To_Device_Seconds]=2.124275e-02  [Cuda_Transfer_To_Host_Seconds]=2.577514e-02  [Cuda_Calculation_Time_Seconds]=1.639413e+00  [Sequential_Time_Seconds]=5.471264e-02  [N]=16777216  [Blocks]=1  [Threads]=1
[Cuda_Transfer_To_Device_Seconds]=4.339185e-02  [Cuda_Transfer_To_Host_Seconds]=4.856946e-02  [Cuda_Calculation_Time_Seconds]=3.272703e+00  [Sequential_Time_Seconds]=1.191181e-01  [N]=33554432  [Blocks]=1  [Threads]=1
[Cuda_Transfer_To_Device_Seconds]=1.905100e-05  [Cuda_Transfer_To_Host_Seconds]=1.043900e-05  [Cuda_Calculation_Time_Seconds]=1.418600e-05  [Sequential_Time_Seconds]=7.600000e-08  [N]=16  [Blocks]=1  [Threads]=4
[Cuda_Transfer_To_Device_Seconds]=2.091500e-05  [Cuda_Transfer_To_Host_Seconds]=1.011200e-05  [Cuda_Calculation_Time_Seconds]=1.570600e-05  [Sequential_Time_Seconds]=1.820000e-07  [N]=64  [Blocks]=1  [Threads]=4
[Cuda_Transfer_To_Device_Seconds]=1.809300e-05  [Cuda_Transfer_To_Host_Seconds]=1.034900e-05  [Cuda_Calculation_Time_Seconds]=1.702100e-05  [Sequential_Time_Seconds]=3.100000e-07  [N]=128  [Blocks]=1  [Threads]=4
[Cuda_Transfer_To_Device_Seconds]=1.744100e-05  [Cuda_Transfer_To_Host_Seconds]=1.095700e-05  [Cuda_Calculation_Time_Seconds]=3.061300e-05  [Sequential_Time_Seconds]=1.158000e-06  [N]=512  [Blocks]=1  [Threads]=4
[Cuda_Transfer_To_Device_Seconds]=2.103700e-05  [Cuda_Transfer_To_Host_Seconds]=1.090600e-05  [Cuda_Calculation_Time_Seconds]=3.700700e-05  [Sequential_Time_Seconds]=2.322000e-06  [N]=1024  [Blocks]=1  [Threads]=4
[Cuda_Transfer_To_Device_Seconds]=2.297900e-05  [Cuda_Transfer_To_Host_Seconds]=1.305000e-05  [Cuda_Calculation_Time_Seconds]=5.804900e-05  [Sequential_Time_Seconds]=5.322000e-06  [N]=2048  [Blocks]=1  [Threads]=4
[Cuda_Transfer_To_Device_Seconds]=2.803500e-05  [Cuda_Transfer_To_Host_Seconds]=1.740900e-05  [Cuda_Calculation_Time_Seconds]=1.040640e-04  [Sequential_Time_Seconds]=1.146600e-05  [N]=4096  [Blocks]=1  [Threads]=4
[Cuda_Transfer_To_Device_Seconds]=8.245300e-05  [Cuda_Transfer_To_Host_Seconds]=7.501000e-05  [Cuda_Calculation_Time_Seconds]=7.358960e-04  [Sequential_Time_Seconds]=1.009030e-04  [N]=32768  [Blocks]=1  [Threads]=4
[Cuda_Transfer_To_Device_Seconds]=4.971410e-04  [Cuda_Transfer_To_Host_Seconds]=5.603670e-04  [Cuda_Calculation_Time_Seconds]=1.646864e-02  [Sequential_Time_Seconds]=9.386240e-04  [N]=262144  [Blocks]=1  [Threads]=4
[Cuda_Transfer_To_Device_Seconds]=1.574433e-03  [Cuda_Transfer_To_Host_Seconds]=1.821287e-03  [Cuda_Calculation_Time_Seconds]=5.475826e-02  [Sequential_Time_Seconds]=3.594314e-03  [N]=1048576  [Blocks]=1  [Threads]=4
[Cuda_Transfer_To_Device_Seconds]=2.806219e-03  [Cuda_Transfer_To_Host_Seconds]=3.338964e-03  [Cuda_Calculation_Time_Seconds]=9.081251e-02  [Sequential_Time_Seconds]=7.384503e-03  [N]=2097152  [Blocks]=1  [Threads]=4
[Cuda_Transfer_To_Device_Seconds]=5.814636e-03  [Cuda_Transfer_To_Host_Seconds]=6.336580e-03  [Cuda_Calculation_Time_Seconds]=1.640139e-01  [Sequential_Time_Seconds]=1.341384e-02  [N]=4194304  [Blocks]=1  [Threads]=4
[Cuda_Transfer_To_Device_Seconds]=1.069153e-02  [Cuda_Transfer_To_Host_Seconds]=1.286516e-02  [Cuda_Calculation_Time_Seconds]=2.046149e-01  [Sequential_Time_Seconds]=2.684524e-02  [N]=8388608  [Blocks]=1  [Threads]=4
[Cuda_Transfer_To_Device_Seconds]=2.133600e-02  [Cuda_Transfer_To_Host_Seconds]=2.404131e-02  [Cuda_Calculation_Time_Seconds]=3.964133e-01  [Sequential_Time_Seconds]=5.289332e-02  [N]=16777216  [Blocks]=1  [Threads]=4
[Cuda_Transfer_To_Device_Seconds]=4.596358e-02  [Cuda_Transfer_To_Host_Seconds]=5.183872e-02  [Cuda_Calculation_Time_Seconds]=8.195967e-01  [Sequential_Time_Seconds]=1.087168e-01  [N]=33554432  [Blocks]=1  [Threads]=4
[Cuda_Transfer_To_Device_Seconds]=1.924500e-05  [Cuda_Transfer_To_Host_Seconds]=1.035500e-05  [Cuda_Calculation_Time_Seconds]=1.743500e-05  [Sequential_Time_Seconds]=6.400000e-08  [N]=16  [Blocks]=1  [Threads]=16
[Cuda_Transfer_To_Device_Seconds]=1.637200e-05  [Cuda_Transfer_To_Host_Seconds]=1.022500e-05  [Cuda_Calculation_Time_Seconds]=1.493100e-05  [Sequential_Time_Seconds]=1.810000e-07  [N]=64  [Blocks]=1  [Threads]=16
[Cuda_Transfer_To_Device_Seconds]=1.772400e-05  [Cuda_Transfer_To_Host_Seconds]=1.039200e-05  [Cuda_Calculation_Time_Seconds]=1.557400e-05  [Sequential_Time_Seconds]=3.050000e-07  [N]=128  [Blocks]=1  [Threads]=16
[Cuda_Transfer_To_Device_Seconds]=1.750400e-05  [Cuda_Transfer_To_Host_Seconds]=1.063900e-05  [Cuda_Calculation_Time_Seconds]=1.777300e-05  [Sequential_Time_Seconds]=1.130000e-06  [N]=512  [Blocks]=1  [Threads]=16
[Cuda_Transfer_To_Device_Seconds]=2.199100e-05  [Cuda_Transfer_To_Host_Seconds]=1.078400e-05  [Cuda_Calculation_Time_Seconds]=2.094100e-05  [Sequential_Time_Seconds]=2.209000e-06  [N]=1024  [Blocks]=1  [Threads]=16
[Cuda_Transfer_To_Device_Seconds]=2.102900e-05  [Cuda_Transfer_To_Host_Seconds]=1.398300e-05  [Cuda_Calculation_Time_Seconds]=3.161700e-05  [Sequential_Time_Seconds]=5.476000e-06  [N]=2048  [Blocks]=1  [Threads]=16
[Cuda_Transfer_To_Device_Seconds]=2.478100e-05  [Cuda_Transfer_To_Host_Seconds]=1.817800e-05  [Cuda_Calculation_Time_Seconds]=4.128800e-05  [Sequential_Time_Seconds]=1.167800e-05  [N]=4096  [Blocks]=1  [Threads]=16
[Cuda_Transfer_To_Device_Seconds]=8.357400e-05  [Cuda_Transfer_To_Host_Seconds]=7.845200e-05  [Cuda_Calculation_Time_Seconds]=2.251150e-04  [Sequential_Time_Seconds]=1.035030e-04  [N]=32768  [Blocks]=1  [Threads]=16
[Cuda_Transfer_To_Device_Seconds]=5.430530e-04  [Cuda_Transfer_To_Host_Seconds]=5.630270e-04  [Cuda_Calculation_Time_Seconds]=3.386022e-03  [Sequential_Time_Seconds]=8.204330e-04  [N]=262144  [Blocks]=1  [Threads]=16
[Cuda_Transfer_To_Device_Seconds]=1.487884e-03  [Cuda_Transfer_To_Host_Seconds]=1.700968e-03  [Cuda_Calculation_Time_Seconds]=1.425161e-02  [Sequential_Time_Seconds]=3.383673e-03  [N]=1048576  [Blocks]=1  [Threads]=16
[Cuda_Transfer_To_Device_Seconds]=2.802116e-03  [Cuda_Transfer_To_Host_Seconds]=3.270924e-03  [Cuda_Calculation_Time_Seconds]=2.848292e-02  [Sequential_Time_Seconds]=6.892567e-03  [N]=2097152  [Blocks]=1  [Threads]=16
[Cuda_Transfer_To_Device_Seconds]=5.474663e-03  [Cuda_Transfer_To_Host_Seconds]=6.203699e-03  [Cuda_Calculation_Time_Seconds]=5.696198e-02  [Sequential_Time_Seconds]=1.358153e-02  [N]=4194304  [Blocks]=1  [Threads]=16
[Cuda_Transfer_To_Device_Seconds]=1.073845e-02  [Cuda_Transfer_To_Host_Seconds]=1.205814e-02  [Cuda_Calculation_Time_Seconds]=1.138220e-01  [Sequential_Time_Seconds]=2.627258e-02  [N]=8388608  [Blocks]=1  [Threads]=16
[Cuda_Transfer_To_Device_Seconds]=2.118609e-02  [Cuda_Transfer_To_Host_Seconds]=2.395142e-02  [Cuda_Calculation_Time_Seconds]=1.370391e-01  [Sequential_Time_Seconds]=5.276480e-02  [N]=16777216  [Blocks]=1  [Threads]=16
[Cuda_Transfer_To_Device_Seconds]=4.250939e-02  [Cuda_Transfer_To_Host_Seconds]=6.095594e-02  [Cuda_Calculation_Time_Seconds]=2.439197e-01  [Sequential_Time_Seconds]=1.046354e-01  [N]=33554432  [Blocks]=1  [Threads]=16
[Cuda_Transfer_To_Device_Seconds]=1.570100e-05  [Cuda_Transfer_To_Host_Seconds]=1.005100e-05  [Cuda_Calculation_Time_Seconds]=1.620500e-05  [Sequential_Time_Seconds]=6.700000e-08  [N]=16  [Blocks]=1  [Threads]=64
[Cuda_Transfer_To_Device_Seconds]=1.596200e-05  [Cuda_Transfer_To_Host_Seconds]=1.010500e-05  [Cuda_Calculation_Time_Seconds]=1.472400e-05  [Sequential_Time_Seconds]=1.640000e-07  [N]=64  [Blocks]=1  [Threads]=64
[Cuda_Transfer_To_Device_Seconds]=1.727000e-05  [Cuda_Transfer_To_Host_Seconds]=1.028900e-05  [Cuda_Calculation_Time_Seconds]=1.462500e-05  [Sequential_Time_Seconds]=2.730000e-07  [N]=128  [Blocks]=1  [Threads]=64
[Cuda_Transfer_To_Device_Seconds]=2.138500e-05  [Cuda_Transfer_To_Host_Seconds]=1.040900e-05  [Cuda_Calculation_Time_Seconds]=1.549900e-05  [Sequential_Time_Seconds]=1.143000e-06  [N]=512  [Blocks]=1  [Threads]=64
[Cuda_Transfer_To_Device_Seconds]=2.138900e-05  [Cuda_Transfer_To_Host_Seconds]=1.045000e-05  [Cuda_Calculation_Time_Seconds]=1.615900e-05  [Sequential_Time_Seconds]=2.283000e-06  [N]=1024  [Blocks]=1  [Threads]=64
[Cuda_Transfer_To_Device_Seconds]=2.089300e-05  [Cuda_Transfer_To_Host_Seconds]=1.405700e-05  [Cuda_Calculation_Time_Seconds]=1.862900e-05  [Sequential_Time_Seconds]=5.633000e-06  [N]=2048  [Blocks]=1  [Threads]=64
[Cuda_Transfer_To_Device_Seconds]=2.818000e-05  [Cuda_Transfer_To_Host_Seconds]=1.788600e-05  [Cuda_Calculation_Time_Seconds]=2.453900e-05  [Sequential_Time_Seconds]=1.150600e-05  [N]=4096  [Blocks]=1  [Threads]=64
[Cuda_Transfer_To_Device_Seconds]=8.280100e-05  [Cuda_Transfer_To_Host_Seconds]=7.767100e-05  [Cuda_Calculation_Time_Seconds]=8.991900e-05  [Sequential_Time_Seconds]=1.152990e-04  [N]=32768  [Blocks]=1  [Threads]=64
[Cuda_Transfer_To_Device_Seconds]=5.048700e-04  [Cuda_Transfer_To_Host_Seconds]=5.365410e-04  [Cuda_Calculation_Time_Seconds]=1.253678e-03  [Sequential_Time_Seconds]=8.877300e-04  [N]=262144  [Blocks]=1  [Threads]=64
[Cuda_Transfer_To_Device_Seconds]=1.488046e-03  [Cuda_Transfer_To_Host_Seconds]=1.683901e-03  [Cuda_Calculation_Time_Seconds]=5.250480e-03  [Sequential_Time_Seconds]=3.716420e-03  [N]=1048576  [Blocks]=1  [Threads]=64
[Cuda_Transfer_To_Device_Seconds]=2.850121e-03  [Cuda_Transfer_To_Host_Seconds]=3.236327e-03  [Cuda_Calculation_Time_Seconds]=1.009862e-02  [Sequential_Time_Seconds]=6.818842e-03  [N]=2097152  [Blocks]=1  [Threads]=64
[Cuda_Transfer_To_Device_Seconds]=5.435536e-03  [Cuda_Transfer_To_Host_Seconds]=6.146524e-03  [Cuda_Calculation_Time_Seconds]=2.087472e-02  [Sequential_Time_Seconds]=1.360396e-02  [N]=4194304  [Blocks]=1  [Threads]=64
[Cuda_Transfer_To_Device_Seconds]=1.093657e-02  [Cuda_Transfer_To_Host_Seconds]=1.255695e-02  [Cuda_Calculation_Time_Seconds]=4.322951e-02  [Sequential_Time_Seconds]=2.630541e-02  [N]=8388608  [Blocks]=1  [Threads]=64
[Cuda_Transfer_To_Device_Seconds]=2.125748e-02  [Cuda_Transfer_To_Host_Seconds]=2.604080e-02  [Cuda_Calculation_Time_Seconds]=7.987850e-02  [Sequential_Time_Seconds]=5.245940e-02  [N]=16777216  [Blocks]=1  [Threads]=64
[Cuda_Transfer_To_Device_Seconds]=4.227184e-02  [Cuda_Transfer_To_Host_Seconds]=4.963994e-02  [Cuda_Calculation_Time_Seconds]=1.457752e-01  [Sequential_Time_Seconds]=1.102765e-01  [N]=33554432  [Blocks]=1  [Threads]=64
[Cuda_Transfer_To_Device_Seconds]=1.749000e-05  [Cuda_Transfer_To_Host_Seconds]=1.038300e-05  [Cuda_Calculation_Time_Seconds]=1.850600e-05  [Sequential_Time_Seconds]=6.800000e-08  [N]=16  [Blocks]=1  [Threads]=256
[Cuda_Transfer_To_Device_Seconds]=2.090600e-05  [Cuda_Transfer_To_Host_Seconds]=1.094800e-05  [Cuda_Calculation_Time_Seconds]=2.412900e-05  [Sequential_Time_Seconds]=2.270000e-07  [N]=64  [Blocks]=1  [Threads]=256
[Cuda_Transfer_To_Device_Seconds]=2.112700e-05  [Cuda_Transfer_To_Host_Seconds]=1.145200e-05  [Cuda_Calculation_Time_Seconds]=1.999600e-05  [Sequential_Time_Seconds]=2.780000e-07  [N]=128  [Blocks]=1  [Threads]=256
[Cuda_Transfer_To_Device_Seconds]=2.012200e-05  [Cuda_Transfer_To_Host_Seconds]=9.983000e-06  [Cuda_Calculation_Time_Seconds]=1.588600e-05  [Sequential_Time_Seconds]=1.182000e-06  [N]=512  [Blocks]=1  [Threads]=256
[Cuda_Transfer_To_Device_Seconds]=1.927600e-05  [Cuda_Transfer_To_Host_Seconds]=1.054200e-05  [Cuda_Calculation_Time_Seconds]=1.669200e-05  [Sequential_Time_Seconds]=2.857000e-06  [N]=1024  [Blocks]=1  [Threads]=256
[Cuda_Transfer_To_Device_Seconds]=2.401200e-05  [Cuda_Transfer_To_Host_Seconds]=1.353900e-05  [Cuda_Calculation_Time_Seconds]=1.770700e-05  [Sequential_Time_Seconds]=7.208000e-06  [N]=2048  [Blocks]=1  [Threads]=256
[Cuda_Transfer_To_Device_Seconds]=2.370540e-04  [Cuda_Transfer_To_Host_Seconds]=2.053600e-05  [Cuda_Calculation_Time_Seconds]=1.623580e-04  [Sequential_Time_Seconds]=1.194100e-05  [N]=4096  [Blocks]=1  [Threads]=256
[Cuda_Transfer_To_Device_Seconds]=8.836600e-05  [Cuda_Transfer_To_Host_Seconds]=8.043300e-05  [Cuda_Calculation_Time_Seconds]=2.236030e-04  [Sequential_Time_Seconds]=1.095000e-04  [N]=32768  [Blocks]=1  [Threads]=256
[Cuda_Transfer_To_Device_Seconds]=5.447830e-04  [Cuda_Transfer_To_Host_Seconds]=8.364280e-04  [Cuda_Calculation_Time_Seconds]=1.642404e-03  [Sequential_Time_Seconds]=8.900220e-04  [N]=262144  [Blocks]=1  [Threads]=256
[Cuda_Transfer_To_Device_Seconds]=1.488425e-03  [Cuda_Transfer_To_Host_Seconds]=1.814847e-03  [Cuda_Calculation_Time_Seconds]=6.154093e-03  [Sequential_Time_Seconds]=4.399288e-03  [N]=1048576  [Blocks]=1  [Threads]=256
[Cuda_Transfer_To_Device_Seconds]=2.936965e-03  [Cuda_Transfer_To_Host_Seconds]=4.007029e-03  [Cuda_Calculation_Time_Seconds]=1.531196e-02  [Sequential_Time_Seconds]=7.421219e-03  [N]=2097152  [Blocks]=1  [Threads]=256
[Cuda_Transfer_To_Device_Seconds]=5.505959e-03  [Cuda_Transfer_To_Host_Seconds]=6.761360e-03  [Cuda_Calculation_Time_Seconds]=2.323514e-02  [Sequential_Time_Seconds]=1.457226e-02  [N]=4194304  [Blocks]=1  [Threads]=256
[Cuda_Transfer_To_Device_Seconds]=1.081957e-02  [Cuda_Transfer_To_Host_Seconds]=1.325330e-02  [Cuda_Calculation_Time_Seconds]=4.680121e-02  [Sequential_Time_Seconds]=2.884611e-02  [N]=8388608  [Blocks]=1  [Threads]=256
[Cuda_Transfer_To_Device_Seconds]=2.217075e-02  [Cuda_Transfer_To_Host_Seconds]=2.542241e-02  [Cuda_Calculation_Time_Seconds]=9.775869e-02  [Sequential_Time_Seconds]=5.757374e-02  [N]=16777216  [Blocks]=1  [Threads]=256
[Cuda_Transfer_To_Device_Seconds]=4.284840e-02  [Cuda_Transfer_To_Host_Seconds]=5.056296e-02  [Cuda_Calculation_Time_Seconds]=9.783628e-02  [Sequential_Time_Seconds]=1.131125e-01  [N]=33554432  [Blocks]=1  [Threads]=256
[Cuda_Transfer_To_Device_Seconds]=2.090800e-05  [Cuda_Transfer_To_Host_Seconds]=3.335000e-06  [Cuda_Calculation_Time_Seconds]=6.318951e-01  [Sequential_Time_Seconds]=6.400000e-08  [N]=16  [Blocks]=1  [Threads]=1024
[Cuda_Transfer_To_Device_Seconds]=1.683600e-05  [Cuda_Transfer_To_Host_Seconds]=2.729000e-06  [Cuda_Calculation_Time_Seconds]=1.078977e+00  [Sequential_Time_Seconds]=1.790000e-07  [N]=64  [Blocks]=1  [Threads]=1024
[Cuda_Transfer_To_Device_Seconds]=1.751500e-05  [Cuda_Transfer_To_Host_Seconds]=1.082800e-05  [Cuda_Calculation_Time_Seconds]=3.615300e-05  [Sequential_Time_Seconds]=2.920000e-07  [N]=128  [Blocks]=1  [Threads]=1024
[Cuda_Transfer_To_Device_Seconds]=2.185700e-05  [Cuda_Transfer_To_Host_Seconds]=3.442000e-06  [Cuda_Calculation_Time_Seconds]=5.047510e-01  [Sequential_Time_Seconds]=1.108000e-06  [N]=512  [Blocks]=1  [Threads]=1024
[Cuda_Transfer_To_Device_Seconds]=2.224100e-05  [Cuda_Transfer_To_Host_Seconds]=1.106800e-05  [Cuda_Calculation_Time_Seconds]=1.565900e-05  [Sequential_Time_Seconds]=2.248000e-06  [N]=1024  [Blocks]=1  [Threads]=1024
[Cuda_Transfer_To_Device_Seconds]=2.562300e-05  [Cuda_Transfer_To_Host_Seconds]=1.419400e-05  [Cuda_Calculation_Time_Seconds]=1.666600e-05  [Sequential_Time_Seconds]=5.555000e-06  [N]=2048  [Blocks]=1  [Threads]=1024
[Cuda_Transfer_To_Device_Seconds]=2.473100e-05  [Cuda_Transfer_To_Host_Seconds]=1.728300e-05  [Cuda_Calculation_Time_Seconds]=2.021100e-05  [Sequential_Time_Seconds]=1.230100e-05  [N]=4096  [Blocks]=1  [Threads]=1024
[Cuda_Transfer_To_Device_Seconds]=8.313900e-05  [Cuda_Transfer_To_Host_Seconds]=8.057800e-05  [Cuda_Calculation_Time_Seconds]=1.203640e-04  [Sequential_Time_Seconds]=1.057150e-04  [N]=32768  [Blocks]=1  [Threads]=1024
[Cuda_Transfer_To_Device_Seconds]=5.161490e-04  [Cuda_Transfer_To_Host_Seconds]=5.808770e-04  [Cuda_Calculation_Time_Seconds]=8.932580e-04  [Sequential_Time_Seconds]=8.878720e-04  [N]=262144  [Blocks]=1  [Threads]=1024
[Cuda_Transfer_To_Device_Seconds]=1.550769e-03  [Cuda_Transfer_To_Host_Seconds]=1.747536e-03  [Cuda_Calculation_Time_Seconds]=3.829118e-03  [Sequential_Time_Seconds]=3.502607e-03  [N]=1048576  [Blocks]=1  [Threads]=1024
[Cuda_Transfer_To_Device_Seconds]=2.994981e-03  [Cuda_Transfer_To_Host_Seconds]=3.401572e-03  [Cuda_Calculation_Time_Seconds]=5.503922e-03  [Sequential_Time_Seconds]=7.068123e-03  [N]=2097152  [Blocks]=1  [Threads]=1024
[Cuda_Transfer_To_Device_Seconds]=5.667460e-03  [Cuda_Transfer_To_Host_Seconds]=6.683183e-03  [Cuda_Calculation_Time_Seconds]=1.339840e-02  [Sequential_Time_Seconds]=1.446469e-02  [N]=4194304  [Blocks]=1  [Threads]=1024
[Cuda_Transfer_To_Device_Seconds]=1.074630e-02  [Cuda_Transfer_To_Host_Seconds]=1.268341e-02  [Cuda_Calculation_Time_Seconds]=3.211635e-02  [Sequential_Time_Seconds]=2.811651e-02  [N]=8388608  [Blocks]=1  [Threads]=1024
[Cuda_Transfer_To_Device_Seconds]=2.167926e-02  [Cuda_Transfer_To_Host_Seconds]=2.573849e-02  [Cuda_Calculation_Time_Seconds]=8.232127e-02  [Sequential_Time_Seconds]=5.471458e-02  [N]=16777216  [Blocks]=1  [Threads]=1024
[Cuda_Transfer_To_Device_Seconds]=4.309767e-02  [Cuda_Transfer_To_Host_Seconds]=5.082560e-02  [Cuda_Calculation_Time_Seconds]=9.334123e-02  [Sequential_Time_Seconds]=1.081303e-01  [N]=33554432  [Blocks]=1  [Threads]=1024
[Cuda_Transfer_To_Device_Seconds]=2.083900e-05  [Cuda_Transfer_To_Host_Seconds]=1.050100e-05  [Cuda_Calculation_Time_Seconds]=1.564900e-05  [Sequential_Time_Seconds]=7.000000e-08  [N]=16  [Blocks]=8  [Threads]=1
[Cuda_Transfer_To_Device_Seconds]=1.717400e-05  [Cuda_Transfer_To_Host_Seconds]=1.041800e-05  [Cuda_Calculation_Time_Seconds]=1.901200e-05  [Sequential_Time_Seconds]=1.760000e-07  [N]=64  [Blocks]=8  [Threads]=1
[Cuda_Transfer_To_Device_Seconds]=2.111000e-05  [Cuda_Transfer_To_Host_Seconds]=1.076100e-05  [Cuda_Calculation_Time_Seconds]=1.683500e-05  [Sequential_Time_Seconds]=3.000000e-07  [N]=128  [Blocks]=8  [Threads]=1
[Cuda_Transfer_To_Device_Seconds]=1.828900e-05  [Cuda_Transfer_To_Host_Seconds]=1.093100e-05  [Cuda_Calculation_Time_Seconds]=1.934300e-05  [Sequential_Time_Seconds]=1.204000e-06  [N]=512  [Blocks]=8  [Threads]=1
[Cuda_Transfer_To_Device_Seconds]=2.287800e-05  [Cuda_Transfer_To_Host_Seconds]=1.176700e-05  [Cuda_Calculation_Time_Seconds]=3.019600e-05  [Sequential_Time_Seconds]=2.290000e-06  [N]=1024  [Blocks]=8  [Threads]=1
[Cuda_Transfer_To_Device_Seconds]=2.447800e-05  [Cuda_Transfer_To_Host_Seconds]=1.409500e-05  [Cuda_Calculation_Time_Seconds]=3.649800e-05  [Sequential_Time_Seconds]=5.445000e-06  [N]=2048  [Blocks]=8  [Threads]=1
[Cuda_Transfer_To_Device_Seconds]=2.476100e-05  [Cuda_Transfer_To_Host_Seconds]=1.935300e-05  [Cuda_Calculation_Time_Seconds]=5.440800e-05  [Sequential_Time_Seconds]=1.178100e-05  [N]=4096  [Blocks]=8  [Threads]=1
[Cuda_Transfer_To_Device_Seconds]=8.857000e-05  [Cuda_Transfer_To_Host_Seconds]=8.082600e-05  [Cuda_Calculation_Time_Seconds]=6.594950e-04  [Sequential_Time_Seconds]=1.081490e-04  [N]=32768  [Blocks]=8  [Threads]=1
[Cuda_Transfer_To_Device_Seconds]=4.963830e-04  [Cuda_Transfer_To_Host_Seconds]=5.597190e-04  [Cuda_Calculation_Time_Seconds]=5.822869e-03  [Sequential_Time_Seconds]=8.589930e-04  [N]=262144  [Blocks]=8  [Threads]=1
[Cuda_Transfer_To_Device_Seconds]=1.489972e-03  [Cuda_Transfer_To_Host_Seconds]=1.725319e-03  [Cuda_Calculation_Time_Seconds]=2.164852e-02  [Sequential_Time_Seconds]=3.499913e-03  [N]=1048576  [Blocks]=8  [Threads]=1
[Cuda_Transfer_To_Device_Seconds]=2.826302e-03  [Cuda_Transfer_To_Host_Seconds]=3.331173e-03  [Cuda_Calculation_Time_Seconds]=4.330012e-02  [Sequential_Time_Seconds]=6.928081e-03  [N]=2097152  [Blocks]=8  [Threads]=1
[Cuda_Transfer_To_Device_Seconds]=5.439192e-03  [Cuda_Transfer_To_Host_Seconds]=6.440489e-03  [Cuda_Calculation_Time_Seconds]=9.013687e-02  [Sequential_Time_Seconds]=1.600360e-02  [N]=4194304  [Blocks]=8  [Threads]=1
[Cuda_Transfer_To_Device_Seconds]=1.067875e-02  [Cuda_Transfer_To_Host_Seconds]=1.449890e-02  [Cuda_Calculation_Time_Seconds]=1.250565e-01  [Sequential_Time_Seconds]=2.793020e-02  [N]=8388608  [Blocks]=8  [Threads]=1
[Cuda_Transfer_To_Device_Seconds]=2.128067e-02  [Cuda_Transfer_To_Host_Seconds]=2.471159e-02  [Cuda_Calculation_Time_Seconds]=1.946180e-01  [Sequential_Time_Seconds]=5.823961e-02  [N]=16777216  [Blocks]=8  [Threads]=1
[Cuda_Transfer_To_Device_Seconds]=4.229266e-02  [Cuda_Transfer_To_Host_Seconds]=4.984834e-02  [Cuda_Calculation_Time_Seconds]=3.676130e-01  [Sequential_Time_Seconds]=1.101248e-01  [N]=33554432  [Blocks]=8  [Threads]=1
[Cuda_Transfer_To_Device_Seconds]=2.029800e-05  [Cuda_Transfer_To_Host_Seconds]=1.064000e-06  [Cuda_Calculation_Time_Seconds]=4.483207e-02  [Sequential_Time_Seconds]=7.000000e-08  [N]=16  [Blocks]=8  [Threads]=4
[Cuda_Transfer_To_Device_Seconds]=1.696900e-05  [Cuda_Transfer_To_Host_Seconds]=1.018700e-05  [Cuda_Calculation_Time_Seconds]=1.422600e-05  [Sequential_Time_Seconds]=1.750000e-07  [N]=64  [Blocks]=8  [Threads]=4
[Cuda_Transfer_To_Device_Seconds]=1.658100e-05  [Cuda_Transfer_To_Host_Seconds]=1.061800e-05  [Cuda_Calculation_Time_Seconds]=1.451500e-05  [Sequential_Time_Seconds]=3.110000e-07  [N]=128  [Blocks]=8  [Threads]=4
[Cuda_Transfer_To_Device_Seconds]=2.024000e-05  [Cuda_Transfer_To_Host_Seconds]=8.515000e-06  [Cuda_Calculation_Time_Seconds]=1.610200e-05  [Sequential_Time_Seconds]=1.158000e-06  [N]=512  [Blocks]=8  [Threads]=4
[Cuda_Transfer_To_Device_Seconds]=2.159600e-05  [Cuda_Transfer_To_Host_Seconds]=1.073300e-05  [Cuda_Calculation_Time_Seconds]=1.903500e-05  [Sequential_Time_Seconds]=2.295000e-06  [N]=1024  [Blocks]=8  [Threads]=4
[Cuda_Transfer_To_Device_Seconds]=2.051000e-05  [Cuda_Transfer_To_Host_Seconds]=1.420100e-05  [Cuda_Calculation_Time_Seconds]=1.977200e-05  [Sequential_Time_Seconds]=5.466000e-06  [N]=2048  [Blocks]=8  [Threads]=4
[Cuda_Transfer_To_Device_Seconds]=2.734000e-05  [Cuda_Transfer_To_Host_Seconds]=1.733800e-05  [Cuda_Calculation_Time_Seconds]=2.942000e-05  [Sequential_Time_Seconds]=1.158600e-05  [N]=4096  [Blocks]=8  [Threads]=4
[Cuda_Transfer_To_Device_Seconds]=8.806800e-05  [Cuda_Transfer_To_Host_Seconds]=7.736300e-05  [Cuda_Calculation_Time_Seconds]=1.075720e-04  [Sequential_Time_Seconds]=1.058770e-04  [N]=32768  [Blocks]=8  [Threads]=4
[Cuda_Transfer_To_Device_Seconds]=4.987170e-04  [Cuda_Transfer_To_Host_Seconds]=5.485490e-04  [Cuda_Calculation_Time_Seconds]=7.357910e-04  [Sequential_Time_Seconds]=8.241980e-04  [N]=262144  [Blocks]=8  [Threads]=4
[Cuda_Transfer_To_Device_Seconds]=1.493732e-03  [Cuda_Transfer_To_Host_Seconds]=1.695821e-03  [Cuda_Calculation_Time_Seconds]=6.045815e-03  [Sequential_Time_Seconds]=3.460535e-03  [N]=1048576  [Blocks]=8  [Threads]=4
[Cuda_Transfer_To_Device_Seconds]=2.830600e-03  [Cuda_Transfer_To_Host_Seconds]=3.372742e-03  [Cuda_Calculation_Time_Seconds]=1.399708e-02  [Sequential_Time_Seconds]=7.003504e-03  [N]=2097152  [Blocks]=8  [Threads]=4
[Cuda_Transfer_To_Device_Seconds]=5.525349e-03  [Cuda_Transfer_To_Host_Seconds]=7.172987e-03  [Cuda_Calculation_Time_Seconds]=2.411063e-02  [Sequential_Time_Seconds]=1.372142e-02  [N]=4194304  [Blocks]=8  [Threads]=4
[Cuda_Transfer_To_Device_Seconds]=1.073116e-02  [Cuda_Transfer_To_Host_Seconds]=1.273453e-02  [Cuda_Calculation_Time_Seconds]=5.188710e-02  [Sequential_Time_Seconds]=2.916834e-02  [N]=8388608  [Blocks]=8  [Threads]=4
[Cuda_Transfer_To_Device_Seconds]=2.123128e-02  [Cuda_Transfer_To_Host_Seconds]=2.453355e-02  [Cuda_Calculation_Time_Seconds]=8.279478e-02  [Sequential_Time_Seconds]=5.430428e-02  [N]=16777216  [Blocks]=8  [Threads]=4
[Cuda_Transfer_To_Device_Seconds]=4.278487e-02  [Cuda_Transfer_To_Host_Seconds]=5.017187e-02  [Cuda_Calculation_Time_Seconds]=1.459202e-01  [Sequential_Time_Seconds]=1.208555e-01  [N]=33554432  [Blocks]=8  [Threads]=4
[Cuda_Transfer_To_Device_Seconds]=1.678600e-05  [Cuda_Transfer_To_Host_Seconds]=9.928000e-06  [Cuda_Calculation_Time_Seconds]=2.158600e-05  [Sequential_Time_Seconds]=8.900000e-08  [N]=16  [Blocks]=8  [Threads]=16
[Cuda_Transfer_To_Device_Seconds]=2.012800e-05  [Cuda_Transfer_To_Host_Seconds]=1.045400e-05  [Cuda_Calculation_Time_Seconds]=2.333100e-05  [Sequential_Time_Seconds]=1.670000e-07  [N]=64  [Blocks]=8  [Threads]=16
[Cuda_Transfer_To_Device_Seconds]=1.752900e-05  [Cuda_Transfer_To_Host_Seconds]=1.037800e-05  [Cuda_Calculation_Time_Seconds]=1.509600e-05  [Sequential_Time_Seconds]=2.900000e-07  [N]=128  [Blocks]=8  [Threads]=16
[Cuda_Transfer_To_Device_Seconds]=2.045600e-05  [Cuda_Transfer_To_Host_Seconds]=1.035000e-05  [Cuda_Calculation_Time_Seconds]=1.510100e-05  [Sequential_Time_Seconds]=1.261000e-06  [N]=512  [Blocks]=8  [Threads]=16
[Cuda_Transfer_To_Device_Seconds]=1.849700e-05  [Cuda_Transfer_To_Host_Seconds]=1.101400e-05  [Cuda_Calculation_Time_Seconds]=1.520100e-05  [Sequential_Time_Seconds]=2.477000e-06  [N]=1024  [Blocks]=8  [Threads]=16
[Cuda_Transfer_To_Device_Seconds]=2.394100e-05  [Cuda_Transfer_To_Host_Seconds]=1.379400e-05  [Cuda_Calculation_Time_Seconds]=1.556600e-05  [Sequential_Time_Seconds]=6.082000e-06  [N]=2048  [Blocks]=8  [Threads]=16
[Cuda_Transfer_To_Device_Seconds]=2.814900e-05  [Cuda_Transfer_To_Host_Seconds]=1.615100e-05  [Cuda_Calculation_Time_Seconds]=2.091200e-05  [Sequential_Time_Seconds]=1.169900e-05  [N]=4096  [Blocks]=8  [Threads]=16
[Cuda_Transfer_To_Device_Seconds]=8.579200e-05  [Cuda_Transfer_To_Host_Seconds]=7.822900e-05  [Cuda_Calculation_Time_Seconds]=4.194400e-05  [Sequential_Time_Seconds]=1.009120e-04  [N]=32768  [Blocks]=8  [Threads]=16
[Cuda_Transfer_To_Device_Seconds]=5.069270e-04  [Cuda_Transfer_To_Host_Seconds]=5.462330e-04  [Cuda_Calculation_Time_Seconds]=2.282440e-04  [Sequential_Time_Seconds]=8.423330e-04  [N]=262144  [Blocks]=8  [Threads]=16
[Cuda_Transfer_To_Device_Seconds]=1.501470e-03  [Cuda_Transfer_To_Host_Seconds]=1.696001e-03  [Cuda_Calculation_Time_Seconds]=1.805580e-03  [Sequential_Time_Seconds]=3.522939e-03  [N]=1048576  [Blocks]=8  [Threads]=16
[Cuda_Transfer_To_Device_Seconds]=2.802159e-03  [Cuda_Transfer_To_Host_Seconds]=3.179604e-03  [Cuda_Calculation_Time_Seconds]=3.570695e-03  [Sequential_Time_Seconds]=6.824088e-03  [N]=2097152  [Blocks]=8  [Threads]=16
[Cuda_Transfer_To_Device_Seconds]=5.460178e-03  [Cuda_Transfer_To_Host_Seconds]=6.313855e-03  [Cuda_Calculation_Time_Seconds]=7.099235e-03  [Sequential_Time_Seconds]=1.380600e-02  [N]=4194304  [Blocks]=8  [Threads]=16
[Cuda_Transfer_To_Device_Seconds]=1.070508e-02  [Cuda_Transfer_To_Host_Seconds]=1.224269e-02  [Cuda_Calculation_Time_Seconds]=1.439955e-02  [Sequential_Time_Seconds]=2.629303e-02  [N]=8388608  [Blocks]=8  [Threads]=16
[Cuda_Transfer_To_Device_Seconds]=2.130096e-02  [Cuda_Transfer_To_Host_Seconds]=2.444430e-02  [Cuda_Calculation_Time_Seconds]=2.883660e-02  [Sequential_Time_Seconds]=5.291432e-02  [N]=16777216  [Blocks]=8  [Threads]=16
[Cuda_Transfer_To_Device_Seconds]=4.236179e-02  [Cuda_Transfer_To_Host_Seconds]=5.031448e-02  [Cuda_Calculation_Time_Seconds]=5.709063e-02  [Sequential_Time_Seconds]=1.090494e-01  [N]=33554432  [Blocks]=8  [Threads]=16
[Cuda_Transfer_To_Device_Seconds]=1.712500e-05  [Cuda_Transfer_To_Host_Seconds]=9.620000e-07  [Cuda_Calculation_Time_Seconds]=6.284411e-02  [Sequential_Time_Seconds]=7.200000e-08  [N]=16  [Blocks]=8  [Threads]=64
[Cuda_Transfer_To_Device_Seconds]=2.114100e-05  [Cuda_Transfer_To_Host_Seconds]=1.140000e-06  [Cuda_Calculation_Time_Seconds]=8.783850e-02  [Sequential_Time_Seconds]=1.630000e-07  [N]=64  [Blocks]=8  [Threads]=64
[Cuda_Transfer_To_Device_Seconds]=1.765000e-05  [Cuda_Transfer_To_Host_Seconds]=9.320000e-07  [Cuda_Calculation_Time_Seconds]=7.441332e-02  [Sequential_Time_Seconds]=3.160000e-07  [N]=128  [Blocks]=8  [Threads]=64
[Cuda_Transfer_To_Device_Seconds]=1.704800e-05  [Cuda_Transfer_To_Host_Seconds]=1.035800e-05  [Cuda_Calculation_Time_Seconds]=1.716700e-05  [Sequential_Time_Seconds]=1.113000e-06  [N]=512  [Blocks]=8  [Threads]=64
[Cuda_Transfer_To_Device_Seconds]=2.074000e-05  [Cuda_Transfer_To_Host_Seconds]=1.088600e-05  [Cuda_Calculation_Time_Seconds]=1.508200e-05  [Sequential_Time_Seconds]=2.341000e-06  [N]=1024  [Blocks]=8  [Threads]=64
[Cuda_Transfer_To_Device_Seconds]=2.116300e-05  [Cuda_Transfer_To_Host_Seconds]=1.471900e-05  [Cuda_Calculation_Time_Seconds]=1.587400e-05  [Sequential_Time_Seconds]=5.399000e-06  [N]=2048  [Blocks]=8  [Threads]=64
[Cuda_Transfer_To_Device_Seconds]=2.436500e-05  [Cuda_Transfer_To_Host_Seconds]=1.793200e-05  [Cuda_Calculation_Time_Seconds]=1.496400e-05  [Sequential_Time_Seconds]=1.155000e-05  [N]=4096  [Blocks]=8  [Threads]=64
[Cuda_Transfer_To_Device_Seconds]=8.319300e-05  [Cuda_Transfer_To_Host_Seconds]=7.673500e-05  [Cuda_Calculation_Time_Seconds]=2.395600e-05  [Sequential_Time_Seconds]=1.039550e-04  [N]=32768  [Blocks]=8  [Threads]=64
[Cuda_Transfer_To_Device_Seconds]=5.023770e-04  [Cuda_Transfer_To_Host_Seconds]=5.468960e-04  [Cuda_Calculation_Time_Seconds]=9.655400e-05  [Sequential_Time_Seconds]=8.650100e-04  [N]=262144  [Blocks]=8  [Threads]=64
[Cuda_Transfer_To_Device_Seconds]=1.505725e-03  [Cuda_Transfer_To_Host_Seconds]=1.635296e-03  [Cuda_Calculation_Time_Seconds]=3.646430e-04  [Sequential_Time_Seconds]=3.457496e-03  [N]=1048576  [Blocks]=8  [Threads]=64
[Cuda_Transfer_To_Device_Seconds]=2.802909e-03  [Cuda_Transfer_To_Host_Seconds]=3.191368e-03  [Cuda_Calculation_Time_Seconds]=2.204151e-03  [Sequential_Time_Seconds]=6.806257e-03  [N]=2097152  [Blocks]=8  [Threads]=64
[Cuda_Transfer_To_Device_Seconds]=5.432021e-03  [Cuda_Transfer_To_Host_Seconds]=6.412295e-03  [Cuda_Calculation_Time_Seconds]=2.671784e-03  [Sequential_Time_Seconds]=1.413485e-02  [N]=4194304  [Blocks]=8  [Threads]=64
[Cuda_Transfer_To_Device_Seconds]=1.070553e-02  [Cuda_Transfer_To_Host_Seconds]=1.218699e-02  [Cuda_Calculation_Time_Seconds]=5.655442e-03  [Sequential_Time_Seconds]=2.676678e-02  [N]=8388608  [Blocks]=8  [Threads]=64
[Cuda_Transfer_To_Device_Seconds]=2.123578e-02  [Cuda_Transfer_To_Host_Seconds]=2.496371e-02  [Cuda_Calculation_Time_Seconds]=1.071223e-02  [Sequential_Time_Seconds]=5.404096e-02  [N]=16777216  [Blocks]=8  [Threads]=64
[Cuda_Transfer_To_Device_Seconds]=4.229265e-02  [Cuda_Transfer_To_Host_Seconds]=4.864522e-02  [Cuda_Calculation_Time_Seconds]=2.366459e-02  [Sequential_Time_Seconds]=1.096608e-01  [N]=33554432  [Blocks]=8  [Threads]=64
[Cuda_Transfer_To_Device_Seconds]=1.828600e-05  [Cuda_Transfer_To_Host_Seconds]=1.140700e-05  [Cuda_Calculation_Time_Seconds]=2.993000e-05  [Sequential_Time_Seconds]=6.900000e-08  [N]=16  [Blocks]=8  [Threads]=256
[Cuda_Transfer_To_Device_Seconds]=1.887300e-05  [Cuda_Transfer_To_Host_Seconds]=1.183200e-05  [Cuda_Calculation_Time_Seconds]=8.641100e-05  [Sequential_Time_Seconds]=1.780000e-07  [N]=64  [Blocks]=8  [Threads]=256
[Cuda_Transfer_To_Device_Seconds]=2.321500e-05  [Cuda_Transfer_To_Host_Seconds]=1.133400e-05  [Cuda_Calculation_Time_Seconds]=1.585880e-04  [Sequential_Time_Seconds]=3.200000e-07  [N]=128  [Blocks]=8  [Threads]=256
[Cuda_Transfer_To_Device_Seconds]=2.036600e-05  [Cuda_Transfer_To_Host_Seconds]=1.267000e-06  [Cuda_Calculation_Time_Seconds]=6.257971e-02  [Sequential_Time_Seconds]=1.147000e-06  [N]=512  [Blocks]=8  [Threads]=256
[Cuda_Transfer_To_Device_Seconds]=4.617410e-04  [Cuda_Transfer_To_Host_Seconds]=3.333000e-06  [Cuda_Calculation_Time_Seconds]=2.339649e-01  [Sequential_Time_Seconds]=2.275000e-06  [N]=1024  [Blocks]=8  [Threads]=256
[Cuda_Transfer_To_Device_Seconds]=2.349400e-05  [Cuda_Transfer_To_Host_Seconds]=1.419400e-05  [Cuda_Calculation_Time_Seconds]=1.504800e-05  [Sequential_Time_Seconds]=5.810000e-06  [N]=2048  [Blocks]=8  [Threads]=256
[Cuda_Transfer_To_Device_Seconds]=2.815700e-05  [Cuda_Transfer_To_Host_Seconds]=1.816900e-05  [Cuda_Calculation_Time_Seconds]=1.515000e-05  [Sequential_Time_Seconds]=1.200600e-05  [N]=4096  [Blocks]=8  [Threads]=256
[Cuda_Transfer_To_Device_Seconds]=8.647200e-05  [Cuda_Transfer_To_Host_Seconds]=7.879000e-05  [Cuda_Calculation_Time_Seconds]=2.094600e-05  [Sequential_Time_Seconds]=1.063050e-04  [N]=32768  [Blocks]=8  [Threads]=256
[Cuda_Transfer_To_Device_Seconds]=5.076220e-04  [Cuda_Transfer_To_Host_Seconds]=5.571520e-04  [Cuda_Calculation_Time_Seconds]=1.200080e-04  [Sequential_Time_Seconds]=8.689440e-04  [N]=262144  [Blocks]=8  [Threads]=256
[Cuda_Transfer_To_Device_Seconds]=1.491492e-03  [Cuda_Transfer_To_Host_Seconds]=1.734031e-03  [Cuda_Calculation_Time_Seconds]=4.353170e-04  [Sequential_Time_Seconds]=3.601502e-03  [N]=1048576  [Blocks]=8  [Threads]=256
[Cuda_Transfer_To_Device_Seconds]=2.802125e-03  [Cuda_Transfer_To_Host_Seconds]=3.261208e-03  [Cuda_Calculation_Time_Seconds]=8.430440e-04  [Sequential_Time_Seconds]=7.165268e-03  [N]=2097152  [Blocks]=8  [Threads]=256
[Cuda_Transfer_To_Device_Seconds]=5.450221e-03  [Cuda_Transfer_To_Host_Seconds]=6.323584e-03  [Cuda_Calculation_Time_Seconds]=1.613078e-03  [Sequential_Time_Seconds]=1.374886e-02  [N]=4194304  [Blocks]=8  [Threads]=256
[Cuda_Transfer_To_Device_Seconds]=1.146207e-02  [Cuda_Transfer_To_Host_Seconds]=1.309080e-02  [Cuda_Calculation_Time_Seconds]=6.487039e-03  [Sequential_Time_Seconds]=2.621788e-02  [N]=8388608  [Blocks]=8  [Threads]=256
[Cuda_Transfer_To_Device_Seconds]=2.172765e-02  [Cuda_Transfer_To_Host_Seconds]=2.589710e-02  [Cuda_Calculation_Time_Seconds]=1.430844e-02  [Sequential_Time_Seconds]=5.421809e-02  [N]=16777216  [Blocks]=8  [Threads]=256
[Cuda_Transfer_To_Device_Seconds]=4.230207e-02  [Cuda_Transfer_To_Host_Seconds]=5.070372e-02  [Cuda_Calculation_Time_Seconds]=2.343788e-02  [Sequential_Time_Seconds]=1.149313e-01  [N]=33554432  [Blocks]=8  [Threads]=256
[Cuda_Transfer_To_Device_Seconds]=1.882900e-05  [Cuda_Transfer_To_Host_Seconds]=1.226000e-05  [Cuda_Calculation_Time_Seconds]=5.705900e-05  [Sequential_Time_Seconds]=7.000000e-08  [N]=16  [Blocks]=8  [Threads]=1024
[Cuda_Transfer_To_Device_Seconds]=2.127700e-05  [Cuda_Transfer_To_Host_Seconds]=8.800000e-07  [Cuda_Calculation_Time_Seconds]=1.529413e-02  [Sequential_Time_Seconds]=1.670000e-07  [N]=64  [Blocks]=8  [Threads]=1024
[Cuda_Transfer_To_Device_Seconds]=2.097100e-05  [Cuda_Transfer_To_Host_Seconds]=1.290000e-06  [Cuda_Calculation_Time_Seconds]=1.250664e-02  [Sequential_Time_Seconds]=3.070000e-07  [N]=128  [Blocks]=8  [Threads]=1024
[Cuda_Transfer_To_Device_Seconds]=1.903300e-05  [Cuda_Transfer_To_Host_Seconds]=1.046000e-06  [Cuda_Calculation_Time_Seconds]=1.227668e-02  [Sequential_Time_Seconds]=1.143000e-06  [N]=512  [Blocks]=8  [Threads]=1024
[Cuda_Transfer_To_Device_Seconds]=2.271300e-05  [Cuda_Transfer_To_Host_Seconds]=1.131000e-06  [Cuda_Calculation_Time_Seconds]=2.535731e-02  [Sequential_Time_Seconds]=2.283000e-06  [N]=1024  [Blocks]=8  [Threads]=1024
[Cuda_Transfer_To_Device_Seconds]=2.331800e-05  [Cuda_Transfer_To_Host_Seconds]=3.149000e-06  [Cuda_Calculation_Time_Seconds]=5.145605e-01  [Sequential_Time_Seconds]=5.453000e-06  [N]=2048  [Blocks]=8  [Threads]=1024
[Cuda_Transfer_To_Device_Seconds]=2.794100e-05  [Cuda_Transfer_To_Host_Seconds]=8.290000e-07  [Cuda_Calculation_Time_Seconds]=1.246876e-02  [Sequential_Time_Seconds]=1.199600e-05  [N]=4096  [Blocks]=8  [Threads]=1024
[Cuda_Transfer_To_Device_Seconds]=8.615900e-05  [Cuda_Transfer_To_Host_Seconds]=7.824000e-05  [Cuda_Calculation_Time_Seconds]=1.900500e-05  [Sequential_Time_Seconds]=1.463170e-04  [N]=32768  [Blocks]=8  [Threads]=1024
[Cuda_Transfer_To_Device_Seconds]=5.032380e-04  [Cuda_Transfer_To_Host_Seconds]=5.438750e-04  [Cuda_Calculation_Time_Seconds]=1.201330e-04  [Sequential_Time_Seconds]=8.450630e-04  [N]=262144  [Blocks]=8  [Threads]=1024
[Cuda_Transfer_To_Device_Seconds]=1.512700e-03  [Cuda_Transfer_To_Host_Seconds]=1.662478e-03  [Cuda_Calculation_Time_Seconds]=4.119420e-04  [Sequential_Time_Seconds]=3.662641e-03  [N]=1048576  [Blocks]=8  [Threads]=1024
[Cuda_Transfer_To_Device_Seconds]=2.792873e-03  [Cuda_Transfer_To_Host_Seconds]=3.331367e-03  [Cuda_Calculation_Time_Seconds]=7.661950e-04  [Sequential_Time_Seconds]=6.912744e-03  [N]=2097152  [Blocks]=8  [Threads]=1024
[Cuda_Transfer_To_Device_Seconds]=5.460600e-03  [Cuda_Transfer_To_Host_Seconds]=6.732875e-03  [Cuda_Calculation_Time_Seconds]=1.507149e-03  [Sequential_Time_Seconds]=1.500156e-02  [N]=4194304  [Blocks]=8  [Threads]=1024
[Cuda_Transfer_To_Device_Seconds]=1.078369e-02  [Cuda_Transfer_To_Host_Seconds]=1.315657e-02  [Cuda_Calculation_Time_Seconds]=3.073316e-03  [Sequential_Time_Seconds]=2.866210e-02  [N]=8388608  [Blocks]=8  [Threads]=1024
[Cuda_Transfer_To_Device_Seconds]=2.151280e-02  [Cuda_Transfer_To_Host_Seconds]=2.664034e-02  [Cuda_Calculation_Time_Seconds]=1.092440e-02  [Sequential_Time_Seconds]=6.099172e-02  [N]=16777216  [Blocks]=8  [Threads]=1024
[Cuda_Transfer_To_Device_Seconds]=4.243093e-02  [Cuda_Transfer_To_Host_Seconds]=5.112757e-02  [Cuda_Calculation_Time_Seconds]=2.128531e-02  [Sequential_Time_Seconds]=1.156215e-01  [N]=33554432  [Blocks]=8  [Threads]=1024
[Cuda_Transfer_To_Device_Seconds]=1.866300e-05  [Cuda_Transfer_To_Host_Seconds]=9.610000e-07  [Cuda_Calculation_Time_Seconds]=6.555991e-02  [Sequential_Time_Seconds]=7.100000e-08  [N]=16  [Blocks]=32  [Threads]=1
[Cuda_Transfer_To_Device_Seconds]=4.319100e-05  [Cuda_Transfer_To_Host_Seconds]=2.411700e-05  [Cuda_Calculation_Time_Seconds]=3.292100e-05  [Sequential_Time_Seconds]=1.750000e-07  [N]=64  [Blocks]=32  [Threads]=1
[Cuda_Transfer_To_Device_Seconds]=2.162200e-05  [Cuda_Transfer_To_Host_Seconds]=1.099800e-05  [Cuda_Calculation_Time_Seconds]=1.682800e-05  [Sequential_Time_Seconds]=3.210000e-07  [N]=128  [Blocks]=32  [Threads]=1
[Cuda_Transfer_To_Device_Seconds]=1.834600e-05  [Cuda_Transfer_To_Host_Seconds]=1.217100e-05  [Cuda_Calculation_Time_Seconds]=2.128900e-05  [Sequential_Time_Seconds]=1.171000e-06  [N]=512  [Blocks]=32  [Threads]=1
[Cuda_Transfer_To_Device_Seconds]=1.968500e-05  [Cuda_Transfer_To_Host_Seconds]=1.218900e-05  [Cuda_Calculation_Time_Seconds]=2.471600e-05  [Sequential_Time_Seconds]=2.271000e-06  [N]=1024  [Blocks]=32  [Threads]=1
[Cuda_Transfer_To_Device_Seconds]=2.473100e-05  [Cuda_Transfer_To_Host_Seconds]=1.470500e-05  [Cuda_Calculation_Time_Seconds]=2.510100e-05  [Sequential_Time_Seconds]=5.445000e-06  [N]=2048  [Blocks]=32  [Threads]=1
[Cuda_Transfer_To_Device_Seconds]=2.579300e-05  [Cuda_Transfer_To_Host_Seconds]=4.496300e-05  [Cuda_Calculation_Time_Seconds]=3.313300e-05  [Sequential_Time_Seconds]=1.191300e-05  [N]=4096  [Blocks]=32  [Threads]=1
[Cuda_Transfer_To_Device_Seconds]=8.941900e-05  [Cuda_Transfer_To_Host_Seconds]=7.754000e-05  [Cuda_Calculation_Time_Seconds]=1.466520e-04  [Sequential_Time_Seconds]=1.772250e-04  [N]=32768  [Blocks]=32  [Threads]=1
[Cuda_Transfer_To_Device_Seconds]=5.014410e-04  [Cuda_Transfer_To_Host_Seconds]=5.414640e-04  [Cuda_Calculation_Time_Seconds]=1.289442e-03  [Sequential_Time_Seconds]=8.812000e-04  [N]=262144  [Blocks]=32  [Threads]=1
[Cuda_Transfer_To_Device_Seconds]=1.485652e-03  [Cuda_Transfer_To_Host_Seconds]=1.693637e-03  [Cuda_Calculation_Time_Seconds]=5.432542e-03  [Sequential_Time_Seconds]=3.465570e-03  [N]=1048576  [Blocks]=32  [Threads]=1
[Cuda_Transfer_To_Device_Seconds]=2.804435e-03  [Cuda_Transfer_To_Host_Seconds]=3.253195e-03  [Cuda_Calculation_Time_Seconds]=1.085371e-02  [Sequential_Time_Seconds]=6.977109e-03  [N]=2097152  [Blocks]=32  [Threads]=1
[Cuda_Transfer_To_Device_Seconds]=5.485101e-03  [Cuda_Transfer_To_Host_Seconds]=6.407805e-03  [Cuda_Calculation_Time_Seconds]=2.164661e-02  [Sequential_Time_Seconds]=1.363517e-02  [N]=4194304  [Blocks]=32  [Threads]=1
[Cuda_Transfer_To_Device_Seconds]=1.089577e-02  [Cuda_Transfer_To_Host_Seconds]=1.226604e-02  [Cuda_Calculation_Time_Seconds]=4.328122e-02  [Sequential_Time_Seconds]=2.705104e-02  [N]=8388608  [Blocks]=32  [Threads]=1
[Cuda_Transfer_To_Device_Seconds]=2.139315e-02  [Cuda_Transfer_To_Host_Seconds]=2.459498e-02  [Cuda_Calculation_Time_Seconds]=8.650238e-02  [Sequential_Time_Seconds]=5.377945e-02  [N]=16777216  [Blocks]=32  [Threads]=1
[Cuda_Transfer_To_Device_Seconds]=4.341306e-02  [Cuda_Transfer_To_Host_Seconds]=4.926018e-02  [Cuda_Calculation_Time_Seconds]=1.667135e-01  [Sequential_Time_Seconds]=1.073906e-01  [N]=33554432  [Blocks]=32  [Threads]=1
[Cuda_Transfer_To_Device_Seconds]=1.664500e-05  [Cuda_Transfer_To_Host_Seconds]=1.015500e-05  [Cuda_Calculation_Time_Seconds]=1.602400e-05  [Sequential_Time_Seconds]=6.900000e-08  [N]=16  [Blocks]=32  [Threads]=4
[Cuda_Transfer_To_Device_Seconds]=2.102600e-05  [Cuda_Transfer_To_Host_Seconds]=9.800000e-07  [Cuda_Calculation_Time_Seconds]=4.383939e-02  [Sequential_Time_Seconds]=1.680000e-07  [N]=64  [Blocks]=32  [Threads]=4
[Cuda_Transfer_To_Device_Seconds]=2.000300e-05  [Cuda_Transfer_To_Host_Seconds]=1.038800e-05  [Cuda_Calculation_Time_Seconds]=1.766800e-05  [Sequential_Time_Seconds]=3.320000e-07  [N]=128  [Blocks]=32  [Threads]=4
[Cuda_Transfer_To_Device_Seconds]=1.801100e-05  [Cuda_Transfer_To_Host_Seconds]=1.008900e-05  [Cuda_Calculation_Time_Seconds]=1.486000e-05  [Sequential_Time_Seconds]=1.136000e-06  [N]=512  [Blocks]=32  [Threads]=4
[Cuda_Transfer_To_Device_Seconds]=1.928400e-05  [Cuda_Transfer_To_Host_Seconds]=1.126800e-05  [Cuda_Calculation_Time_Seconds]=1.977800e-05  [Sequential_Time_Seconds]=2.371000e-06  [N]=1024  [Blocks]=32  [Threads]=4
[Cuda_Transfer_To_Device_Seconds]=2.627700e-05  [Cuda_Transfer_To_Host_Seconds]=1.450700e-05  [Cuda_Calculation_Time_Seconds]=1.757200e-05  [Sequential_Time_Seconds]=5.930000e-06  [N]=2048  [Blocks]=32  [Threads]=4
[Cuda_Transfer_To_Device_Seconds]=2.539700e-05  [Cuda_Transfer_To_Host_Seconds]=1.861700e-05  [Cuda_Calculation_Time_Seconds]=1.844300e-05  [Sequential_Time_Seconds]=1.234300e-05  [N]=4096  [Blocks]=32  [Threads]=4
[Cuda_Transfer_To_Device_Seconds]=8.705100e-05  [Cuda_Transfer_To_Host_Seconds]=8.327800e-05  [Cuda_Calculation_Time_Seconds]=2.923560e-04  [Sequential_Time_Seconds]=1.071790e-04  [N]=32768  [Blocks]=32  [Threads]=4
[Cuda_Transfer_To_Device_Seconds]=5.064380e-04  [Cuda_Transfer_To_Host_Seconds]=5.659770e-04  [Cuda_Calculation_Time_Seconds]=5.749430e-04  [Sequential_Time_Seconds]=8.990730e-04  [N]=262144  [Blocks]=32  [Threads]=4
[Cuda_Transfer_To_Device_Seconds]=1.668833e-03  [Cuda_Transfer_To_Host_Seconds]=2.241878e-03  [Cuda_Calculation_Time_Seconds]=2.254843e-03  [Sequential_Time_Seconds]=3.526785e-03  [N]=1048576  [Blocks]=32  [Threads]=4
[Cuda_Transfer_To_Device_Seconds]=2.856333e-03  [Cuda_Transfer_To_Host_Seconds]=3.489568e-03  [Cuda_Calculation_Time_Seconds]=3.369451e-03  [Sequential_Time_Seconds]=7.613440e-03  [N]=2097152  [Blocks]=32  [Threads]=4
[Cuda_Transfer_To_Device_Seconds]=5.427979e-03  [Cuda_Transfer_To_Host_Seconds]=6.750036e-03  [Cuda_Calculation_Time_Seconds]=7.689950e-03  [Sequential_Time_Seconds]=1.455871e-02  [N]=4194304  [Blocks]=32  [Threads]=4
[Cuda_Transfer_To_Device_Seconds]=1.100957e-02  [Cuda_Transfer_To_Host_Seconds]=1.325578e-02  [Cuda_Calculation_Time_Seconds]=1.234475e-02  [Sequential_Time_Seconds]=2.867542e-02  [N]=8388608  [Blocks]=32  [Threads]=4
[Cuda_Transfer_To_Device_Seconds]=2.170815e-02  [Cuda_Transfer_To_Host_Seconds]=2.624376e-02  [Cuda_Calculation_Time_Seconds]=3.217372e-02  [Sequential_Time_Seconds]=5.729915e-02  [N]=16777216  [Blocks]=32  [Threads]=4
[Cuda_Transfer_To_Device_Seconds]=4.257340e-02  [Cuda_Transfer_To_Host_Seconds]=5.215564e-02  [Cuda_Calculation_Time_Seconds]=4.323392e-02  [Sequential_Time_Seconds]=1.173293e-01  [N]=33554432  [Blocks]=32  [Threads]=4
[Cuda_Transfer_To_Device_Seconds]=2.230600e-05  [Cuda_Transfer_To_Host_Seconds]=1.119100e-05  [Cuda_Calculation_Time_Seconds]=2.044200e-05  [Sequential_Time_Seconds]=7.300000e-08  [N]=16  [Blocks]=32  [Threads]=16
[Cuda_Transfer_To_Device_Seconds]=1.724800e-05  [Cuda_Transfer_To_Host_Seconds]=1.188400e-05  [Cuda_Calculation_Time_Seconds]=3.205200e-05  [Sequential_Time_Seconds]=1.830000e-07  [N]=64  [Blocks]=32  [Threads]=16
[Cuda_Transfer_To_Device_Seconds]=1.816800e-05  [Cuda_Transfer_To_Host_Seconds]=1.160500e-05  [Cuda_Calculation_Time_Seconds]=4.606700e-05  [Sequential_Time_Seconds]=3.330000e-07  [N]=128  [Blocks]=32  [Threads]=16
[Cuda_Transfer_To_Device_Seconds]=2.207300e-05  [Cuda_Transfer_To_Host_Seconds]=1.164900e-05  [Cuda_Calculation_Time_Seconds]=1.762700e-05  [Sequential_Time_Seconds]=1.221000e-06  [N]=512  [Blocks]=32  [Threads]=16
[Cuda_Transfer_To_Device_Seconds]=2.112300e-05  [Cuda_Transfer_To_Host_Seconds]=1.183900e-05  [Cuda_Calculation_Time_Seconds]=1.758400e-05  [Sequential_Time_Seconds]=2.387000e-06  [N]=1024  [Blocks]=32  [Threads]=16
[Cuda_Transfer_To_Device_Seconds]=2.230700e-05  [Cuda_Transfer_To_Host_Seconds]=1.505100e-05  [Cuda_Calculation_Time_Seconds]=1.802000e-05  [Sequential_Time_Seconds]=5.564000e-06  [N]=2048  [Blocks]=32  [Threads]=16
[Cuda_Transfer_To_Device_Seconds]=3.069300e-05  [Cuda_Transfer_To_Host_Seconds]=1.966200e-05  [Cuda_Calculation_Time_Seconds]=1.853700e-05  [Sequential_Time_Seconds]=1.211500e-05  [N]=4096  [Blocks]=32  [Threads]=16
[Cuda_Transfer_To_Device_Seconds]=8.353400e-05  [Cuda_Transfer_To_Host_Seconds]=8.116100e-05  [Cuda_Calculation_Time_Seconds]=2.906600e-05  [Sequential_Time_Seconds]=1.412960e-04  [N]=32768  [Blocks]=32  [Threads]=16
[Cuda_Transfer_To_Device_Seconds]=4.950660e-04  [Cuda_Transfer_To_Host_Seconds]=5.725710e-04  [Cuda_Calculation_Time_Seconds]=1.296730e-04  [Sequential_Time_Seconds]=8.699390e-04  [N]=262144  [Blocks]=32  [Threads]=16
[Cuda_Transfer_To_Device_Seconds]=1.527388e-03  [Cuda_Transfer_To_Host_Seconds]=1.872549e-03  [Cuda_Calculation_Time_Seconds]=4.962530e-04  [Sequential_Time_Seconds]=3.794543e-03  [N]=1048576  [Blocks]=32  [Threads]=16
[Cuda_Transfer_To_Device_Seconds]=2.826864e-03  [Cuda_Transfer_To_Host_Seconds]=3.506037e-03  [Cuda_Calculation_Time_Seconds]=1.095707e-03  [Sequential_Time_Seconds]=7.287623e-03  [N]=2097152  [Blocks]=32  [Threads]=16
[Cuda_Transfer_To_Device_Seconds]=5.766449e-03  [Cuda_Transfer_To_Host_Seconds]=6.613885e-03  [Cuda_Calculation_Time_Seconds]=2.646275e-03  [Sequential_Time_Seconds]=1.446826e-02  [N]=4194304  [Blocks]=32  [Threads]=16
[Cuda_Transfer_To_Device_Seconds]=1.073735e-02  [Cuda_Transfer_To_Host_Seconds]=1.365701e-02  [Cuda_Calculation_Time_Seconds]=4.685594e-03  [Sequential_Time_Seconds]=2.956989e-02  [N]=8388608  [Blocks]=32  [Threads]=16
[Cuda_Transfer_To_Device_Seconds]=2.154781e-02  [Cuda_Transfer_To_Host_Seconds]=2.605405e-02  [Cuda_Calculation_Time_Seconds]=8.947116e-03  [Sequential_Time_Seconds]=6.019136e-02  [N]=16777216  [Blocks]=32  [Threads]=16
[Cuda_Transfer_To_Device_Seconds]=4.280038e-02  [Cuda_Transfer_To_Host_Seconds]=5.174128e-02  [Cuda_Calculation_Time_Seconds]=1.902533e-02  [Sequential_Time_Seconds]=1.150501e-01  [N]=33554432  [Blocks]=32  [Threads]=16
[Cuda_Transfer_To_Device_Seconds]=1.183500e-04  [Cuda_Transfer_To_Host_Seconds]=1.366100e-05  [Cuda_Calculation_Time_Seconds]=2.181000e-05  [Sequential_Time_Seconds]=8.800000e-08  [N]=16  [Blocks]=32  [Threads]=64
[Cuda_Transfer_To_Device_Seconds]=2.299000e-05  [Cuda_Transfer_To_Host_Seconds]=1.146800e-05  [Cuda_Calculation_Time_Seconds]=3.997100e-05  [Sequential_Time_Seconds]=1.930000e-07  [N]=64  [Blocks]=32  [Threads]=64
[Cuda_Transfer_To_Device_Seconds]=1.918400e-05  [Cuda_Transfer_To_Host_Seconds]=3.018300e-05  [Cuda_Calculation_Time_Seconds]=1.994102e-01  [Sequential_Time_Seconds]=3.320000e-07  [N]=128  [Blocks]=32  [Threads]=64
[Cuda_Transfer_To_Device_Seconds]=1.568290e-04  [Cuda_Transfer_To_Host_Seconds]=3.350000e-06  [Cuda_Calculation_Time_Seconds]=5.190659e-01  [Sequential_Time_Seconds]=1.150000e-06  [N]=512  [Blocks]=32  [Threads]=64
[Cuda_Transfer_To_Device_Seconds]=1.971300e-05  [Cuda_Transfer_To_Host_Seconds]=2.843000e-06  [Cuda_Calculation_Time_Seconds]=3.205893e-01  [Sequential_Time_Seconds]=2.404000e-06  [N]=1024  [Blocks]=32  [Threads]=64
[Cuda_Transfer_To_Device_Seconds]=2.105500e-05  [Cuda_Transfer_To_Host_Seconds]=1.385500e-05  [Cuda_Calculation_Time_Seconds]=1.576500e-05  [Sequential_Time_Seconds]=5.715000e-06  [N]=2048  [Blocks]=32  [Threads]=64
[Cuda_Transfer_To_Device_Seconds]=2.570800e-05  [Cuda_Transfer_To_Host_Seconds]=1.966100e-05  [Cuda_Calculation_Time_Seconds]=1.521700e-05  [Sequential_Time_Seconds]=1.264400e-05  [N]=4096  [Blocks]=32  [Threads]=64
[Cuda_Transfer_To_Device_Seconds]=8.219200e-05  [Cuda_Transfer_To_Host_Seconds]=7.765500e-05  [Cuda_Calculation_Time_Seconds]=2.163100e-05  [Sequential_Time_Seconds]=1.055400e-04  [N]=32768  [Blocks]=32  [Threads]=64
[Cuda_Transfer_To_Device_Seconds]=4.954090e-04  [Cuda_Transfer_To_Host_Seconds]=5.709150e-04  [Cuda_Calculation_Time_Seconds]=5.175000e-05  [Sequential_Time_Seconds]=1.123390e-03  [N]=262144  [Blocks]=32  [Threads]=64
[Cuda_Transfer_To_Device_Seconds]=1.560159e-03  [Cuda_Transfer_To_Host_Seconds]=1.918057e-03  [Cuda_Calculation_Time_Seconds]=1.439270e-04  [Sequential_Time_Seconds]=3.614227e-03  [N]=1048576  [Blocks]=32  [Threads]=64
[Cuda_Transfer_To_Device_Seconds]=2.791429e-03  [Cuda_Transfer_To_Host_Seconds]=3.598298e-03  [Cuda_Calculation_Time_Seconds]=4.060100e-04  [Sequential_Time_Seconds]=7.073857e-03  [N]=2097152  [Blocks]=32  [Threads]=64
[Cuda_Transfer_To_Device_Seconds]=5.666658e-03  [Cuda_Transfer_To_Host_Seconds]=6.709549e-03  [Cuda_Calculation_Time_Seconds]=6.177160e-04  [Sequential_Time_Seconds]=1.463319e-02  [N]=4194304  [Blocks]=32  [Threads]=64
[Cuda_Transfer_To_Device_Seconds]=1.094363e-02  [Cuda_Transfer_To_Host_Seconds]=1.332124e-02  [Cuda_Calculation_Time_Seconds]=1.626746e-03  [Sequential_Time_Seconds]=2.880533e-02  [N]=8388608  [Blocks]=32  [Threads]=64
[Cuda_Transfer_To_Device_Seconds]=2.167286e-02  [Cuda_Transfer_To_Host_Seconds]=2.666557e-02  [Cuda_Calculation_Time_Seconds]=5.285801e-03  [Sequential_Time_Seconds]=5.759355e-02  [N]=16777216  [Blocks]=32  [Threads]=64
[Cuda_Transfer_To_Device_Seconds]=4.285968e-02  [Cuda_Transfer_To_Host_Seconds]=5.302745e-02  [Cuda_Calculation_Time_Seconds]=1.084334e-02  [Sequential_Time_Seconds]=1.163392e-01  [N]=33554432  [Blocks]=32  [Threads]=64
[Cuda_Transfer_To_Device_Seconds]=1.816000e-05  [Cuda_Transfer_To_Host_Seconds]=3.038000e-06  [Cuda_Calculation_Time_Seconds]=5.655817e-01  [Sequential_Time_Seconds]=6.900000e-08  [N]=16  [Blocks]=32  [Threads]=256
[Cuda_Transfer_To_Device_Seconds]=1.760200e-05  [Cuda_Transfer_To_Host_Seconds]=3.506000e-06  [Cuda_Calculation_Time_Seconds]=5.061133e-01  [Sequential_Time_Seconds]=1.730000e-07  [N]=64  [Blocks]=32  [Threads]=256
[Cuda_Transfer_To_Device_Seconds]=2.066300e-05  [Cuda_Transfer_To_Host_Seconds]=3.044000e-06  [Cuda_Calculation_Time_Seconds]=5.254634e-01  [Sequential_Time_Seconds]=3.080000e-07  [N]=128  [Blocks]=32  [Threads]=256
[Cuda_Transfer_To_Device_Seconds]=2.101800e-05  [Cuda_Transfer_To_Host_Seconds]=3.071000e-06  [Cuda_Calculation_Time_Seconds]=4.072667e-02  [Sequential_Time_Seconds]=1.202000e-06  [N]=512  [Blocks]=32  [Threads]=256
[Cuda_Transfer_To_Device_Seconds]=1.897200e-05  [Cuda_Transfer_To_Host_Seconds]=3.170000e-06  [Cuda_Calculation_Time_Seconds]=5.195247e-01  [Sequential_Time_Seconds]=2.356000e-06  [N]=1024  [Blocks]=32  [Threads]=256
[Cuda_Transfer_To_Device_Seconds]=2.581600e-05  [Cuda_Transfer_To_Host_Seconds]=3.195000e-06  [Cuda_Calculation_Time_Seconds]=3.456228e-02  [Sequential_Time_Seconds]=5.735000e-06  [N]=2048  [Blocks]=32  [Threads]=256
[Cuda_Transfer_To_Device_Seconds]=2.541600e-05  [Cuda_Transfer_To_Host_Seconds]=3.570000e-06  [Cuda_Calculation_Time_Seconds]=1.639736e-01  [Sequential_Time_Seconds]=1.280500e-05  [N]=4096  [Blocks]=32  [Threads]=256
[Cuda_Transfer_To_Device_Seconds]=8.405100e-05  [Cuda_Transfer_To_Host_Seconds]=7.968900e-05  [Cuda_Calculation_Time_Seconds]=2.140300e-05  [Sequential_Time_Seconds]=1.064110e-04  [N]=32768  [Blocks]=32  [Threads]=256
[Cuda_Transfer_To_Device_Seconds]=5.008890e-04  [Cuda_Transfer_To_Host_Seconds]=5.684910e-04  [Cuda_Calculation_Time_Seconds]=5.471700e-05  [Sequential_Time_Seconds]=8.756250e-04  [N]=262144  [Blocks]=32  [Threads]=256
[Cuda_Transfer_To_Device_Seconds]=1.519736e-03  [Cuda_Transfer_To_Host_Seconds]=1.808127e-03  [Cuda_Calculation_Time_Seconds]=1.750900e-04  [Sequential_Time_Seconds]=3.632989e-03  [N]=1048576  [Blocks]=32  [Threads]=256
[Cuda_Transfer_To_Device_Seconds]=2.937810e-03  [Cuda_Transfer_To_Host_Seconds]=3.449711e-03  [Cuda_Calculation_Time_Seconds]=6.934420e-04  [Sequential_Time_Seconds]=7.056006e-03  [N]=2097152  [Blocks]=32  [Threads]=256
[Cuda_Transfer_To_Device_Seconds]=5.461628e-03  [Cuda_Transfer_To_Host_Seconds]=6.798697e-03  [Cuda_Calculation_Time_Seconds]=7.059420e-04  [Sequential_Time_Seconds]=1.458496e-02  [N]=4194304  [Blocks]=32  [Threads]=256
[Cuda_Transfer_To_Device_Seconds]=1.114911e-02  [Cuda_Transfer_To_Host_Seconds]=1.337837e-02  [Cuda_Calculation_Time_Seconds]=1.515390e-03  [Sequential_Time_Seconds]=2.915974e-02  [N]=8388608  [Blocks]=32  [Threads]=256
[Cuda_Transfer_To_Device_Seconds]=2.120617e-02  [Cuda_Transfer_To_Host_Seconds]=2.536794e-02  [Cuda_Calculation_Time_Seconds]=5.200892e-03  [Sequential_Time_Seconds]=5.612407e-02  [N]=16777216  [Blocks]=32  [Threads]=256
[Cuda_Transfer_To_Device_Seconds]=4.233680e-02  [Cuda_Transfer_To_Host_Seconds]=4.841775e-02  [Cuda_Calculation_Time_Seconds]=9.898653e-03  [Sequential_Time_Seconds]=1.066027e-01  [N]=33554432  [Blocks]=32  [Threads]=256
[Cuda_Transfer_To_Device_Seconds]=1.839100e-05  [Cuda_Transfer_To_Host_Seconds]=1.157000e-06  [Cuda_Calculation_Time_Seconds]=1.982790e-02  [Sequential_Time_Seconds]=6.900000e-08  [N]=16  [Blocks]=32  [Threads]=1024
[Cuda_Transfer_To_Device_Seconds]=2.185400e-05  [Cuda_Transfer_To_Host_Seconds]=1.310000e-06  [Cuda_Calculation_Time_Seconds]=2.217525e-02  [Sequential_Time_Seconds]=1.580000e-07  [N]=64  [Blocks]=32  [Threads]=1024
[Cuda_Transfer_To_Device_Seconds]=1.884900e-05  [Cuda_Transfer_To_Host_Seconds]=1.095000e-06  [Cuda_Calculation_Time_Seconds]=1.823177e-02  [Sequential_Time_Seconds]=3.060000e-07  [N]=128  [Blocks]=32  [Threads]=1024
[Cuda_Transfer_To_Device_Seconds]=1.893000e-05  [Cuda_Transfer_To_Host_Seconds]=1.213000e-06  [Cuda_Calculation_Time_Seconds]=2.146552e-02  [Sequential_Time_Seconds]=1.154000e-06  [N]=512  [Blocks]=32  [Threads]=1024
[Cuda_Transfer_To_Device_Seconds]=2.282700e-05  [Cuda_Transfer_To_Host_Seconds]=9.320000e-07  [Cuda_Calculation_Time_Seconds]=2.141304e-02  [Sequential_Time_Seconds]=2.217000e-06  [N]=1024  [Blocks]=32  [Threads]=1024
[Cuda_Transfer_To_Device_Seconds]=2.189500e-05  [Cuda_Transfer_To_Host_Seconds]=8.560000e-07  [Cuda_Calculation_Time_Seconds]=2.144013e-02  [Sequential_Time_Seconds]=5.315000e-06  [N]=2048  [Blocks]=32  [Threads]=1024
[Cuda_Transfer_To_Device_Seconds]=3.020600e-05  [Cuda_Transfer_To_Host_Seconds]=1.102000e-06  [Cuda_Calculation_Time_Seconds]=2.142986e-02  [Sequential_Time_Seconds]=1.179600e-05  [N]=4096  [Blocks]=32  [Threads]=1024
[Cuda_Transfer_To_Device_Seconds]=8.654000e-05  [Cuda_Transfer_To_Host_Seconds]=7.864600e-05  [Cuda_Calculation_Time_Seconds]=1.732600e-05  [Sequential_Time_Seconds]=1.013220e-04  [N]=32768  [Blocks]=32  [Threads]=1024
[Cuda_Transfer_To_Device_Seconds]=5.051740e-04  [Cuda_Transfer_To_Host_Seconds]=5.499030e-04  [Cuda_Calculation_Time_Seconds]=5.534600e-05  [Sequential_Time_Seconds]=8.835720e-04  [N]=262144  [Blocks]=32  [Threads]=1024
[Cuda_Transfer_To_Device_Seconds]=1.547025e-03  [Cuda_Transfer_To_Host_Seconds]=1.683102e-03  [Cuda_Calculation_Time_Seconds]=7.128560e-04  [Sequential_Time_Seconds]=3.500016e-03  [N]=1048576  [Blocks]=32  [Threads]=1024
[Cuda_Transfer_To_Device_Seconds]=2.807866e-03  [Cuda_Transfer_To_Host_Seconds]=3.211658e-03  [Cuda_Calculation_Time_Seconds]=1.789647e-03  [Sequential_Time_Seconds]=6.850386e-03  [N]=2097152  [Blocks]=32  [Threads]=1024
[Cuda_Transfer_To_Device_Seconds]=5.490781e-03  [Cuda_Transfer_To_Host_Seconds]=6.321151e-03  [Cuda_Calculation_Time_Seconds]=3.975000e-03  [Sequential_Time_Seconds]=1.354277e-02  [N]=4194304  [Blocks]=32  [Threads]=1024
[Cuda_Transfer_To_Device_Seconds]=1.083072e-02  [Cuda_Transfer_To_Host_Seconds]=1.248046e-02  [Cuda_Calculation_Time_Seconds]=1.126319e-02  [Sequential_Time_Seconds]=2.919118e-02  [N]=8388608  [Blocks]=32  [Threads]=1024
[Cuda_Transfer_To_Device_Seconds]=2.157309e-02  [Cuda_Transfer_To_Host_Seconds]=2.546743e-02  [Cuda_Calculation_Time_Seconds]=2.220187e-02  [Sequential_Time_Seconds]=5.276498e-02  [N]=16777216  [Blocks]=32  [Threads]=1024
[Cuda_Transfer_To_Device_Seconds]=4.253027e-02  [Cuda_Transfer_To_Host_Seconds]=4.956932e-02  [Cuda_Calculation_Time_Seconds]=4.406174e-02  [Sequential_Time_Seconds]=1.069424e-01  [N]=33554432  [Blocks]=32  [Threads]=1024
[Cuda_Transfer_To_Device_Seconds]=1.853100e-05  [Cuda_Transfer_To_Host_Seconds]=1.155800e-05  [Cuda_Calculation_Time_Seconds]=1.984500e-05  [Sequential_Time_Seconds]=7.600000e-08  [N]=16  [Blocks]=128  [Threads]=1
[Cuda_Transfer_To_Device_Seconds]=2.152400e-05  [Cuda_Transfer_To_Host_Seconds]=3.865100e-05  [Cuda_Calculation_Time_Seconds]=2.983600e-05  [Sequential_Time_Seconds]=1.660000e-07  [N]=64  [Blocks]=128  [Threads]=1
[Cuda_Transfer_To_Device_Seconds]=1.753800e-05  [Cuda_Transfer_To_Host_Seconds]=1.178800e-05  [Cuda_Calculation_Time_Seconds]=1.607800e-05  [Sequential_Time_Seconds]=3.080000e-07  [N]=128  [Blocks]=128  [Threads]=1
[Cuda_Transfer_To_Device_Seconds]=1.969400e-05  [Cuda_Transfer_To_Host_Seconds]=1.214900e-05  [Cuda_Calculation_Time_Seconds]=1.989200e-05  [Sequential_Time_Seconds]=1.136000e-06  [N]=512  [Blocks]=128  [Threads]=1
[Cuda_Transfer_To_Device_Seconds]=2.322500e-05  [Cuda_Transfer_To_Host_Seconds]=1.176400e-05  [Cuda_Calculation_Time_Seconds]=2.169800e-05  [Sequential_Time_Seconds]=2.379000e-06  [N]=1024  [Blocks]=128  [Threads]=1
[Cuda_Transfer_To_Device_Seconds]=2.250500e-05  [Cuda_Transfer_To_Host_Seconds]=1.551300e-05  [Cuda_Calculation_Time_Seconds]=2.145600e-05  [Sequential_Time_Seconds]=5.709000e-06  [N]=2048  [Blocks]=128  [Threads]=1
[Cuda_Transfer_To_Device_Seconds]=2.861500e-05  [Cuda_Transfer_To_Host_Seconds]=2.080600e-05  [Cuda_Calculation_Time_Seconds]=2.853400e-05  [Sequential_Time_Seconds]=1.237600e-05  [N]=4096  [Blocks]=128  [Threads]=1
[Cuda_Transfer_To_Device_Seconds]=8.562500e-05  [Cuda_Transfer_To_Host_Seconds]=8.398200e-05  [Cuda_Calculation_Time_Seconds]=6.387100e-05  [Sequential_Time_Seconds]=1.068790e-04  [N]=32768  [Blocks]=128  [Threads]=1
[Cuda_Transfer_To_Device_Seconds]=5.069080e-04  [Cuda_Transfer_To_Host_Seconds]=6.408190e-04  [Cuda_Calculation_Time_Seconds]=4.956120e-04  [Sequential_Time_Seconds]=9.408900e-04  [N]=262144  [Blocks]=128  [Threads]=1
[Cuda_Transfer_To_Device_Seconds]=1.484177e-03  [Cuda_Transfer_To_Host_Seconds]=1.800955e-03  [Cuda_Calculation_Time_Seconds]=2.555186e-03  [Sequential_Time_Seconds]=3.595394e-03  [N]=1048576  [Blocks]=128  [Threads]=1
[Cuda_Transfer_To_Device_Seconds]=2.913112e-03  [Cuda_Transfer_To_Host_Seconds]=3.533634e-03  [Cuda_Calculation_Time_Seconds]=3.683568e-03  [Sequential_Time_Seconds]=7.254628e-03  [N]=2097152  [Blocks]=128  [Threads]=1
[Cuda_Transfer_To_Device_Seconds]=5.534153e-03  [Cuda_Transfer_To_Host_Seconds]=6.809529e-03  [Cuda_Calculation_Time_Seconds]=7.609036e-03  [Sequential_Time_Seconds]=1.428348e-02  [N]=4194304  [Blocks]=128  [Threads]=1
[Cuda_Transfer_To_Device_Seconds]=1.082621e-02  [Cuda_Transfer_To_Host_Seconds]=1.361389e-02  [Cuda_Calculation_Time_Seconds]=1.358048e-02  [Sequential_Time_Seconds]=3.224468e-02  [N]=8388608  [Blocks]=128  [Threads]=1
[Cuda_Transfer_To_Device_Seconds]=2.146491e-02  [Cuda_Transfer_To_Host_Seconds]=2.698783e-02  [Cuda_Calculation_Time_Seconds]=2.702736e-02  [Sequential_Time_Seconds]=5.887710e-02  [N]=16777216  [Blocks]=128  [Threads]=1
[Cuda_Transfer_To_Device_Seconds]=4.274567e-02  [Cuda_Transfer_To_Host_Seconds]=5.498280e-02  [Cuda_Calculation_Time_Seconds]=5.299059e-02  [Sequential_Time_Seconds]=1.176225e-01  [N]=33554432  [Blocks]=128  [Threads]=1
[Cuda_Transfer_To_Device_Seconds]=2.178600e-05  [Cuda_Transfer_To_Host_Seconds]=3.629000e-06  [Cuda_Calculation_Time_Seconds]=5.756541e-02  [Sequential_Time_Seconds]=7.100000e-08  [N]=16  [Blocks]=128  [Threads]=4
[Cuda_Transfer_To_Device_Seconds]=1.793300e-05  [Cuda_Transfer_To_Host_Seconds]=1.074100e-05  [Cuda_Calculation_Time_Seconds]=2.889700e-05  [Sequential_Time_Seconds]=2.020000e-07  [N]=64  [Blocks]=128  [Threads]=4
[Cuda_Transfer_To_Device_Seconds]=1.764400e-05  [Cuda_Transfer_To_Host_Seconds]=3.670000e-06  [Cuda_Calculation_Time_Seconds]=5.249391e-02  [Sequential_Time_Seconds]=3.210000e-07  [N]=128  [Blocks]=128  [Threads]=4
[Cuda_Transfer_To_Device_Seconds]=2.187400e-05  [Cuda_Transfer_To_Host_Seconds]=1.100800e-05  [Cuda_Calculation_Time_Seconds]=1.768900e-05  [Sequential_Time_Seconds]=1.195000e-06  [N]=512  [Blocks]=128  [Threads]=4
[Cuda_Transfer_To_Device_Seconds]=2.157500e-05  [Cuda_Transfer_To_Host_Seconds]=1.061200e-05  [Cuda_Calculation_Time_Seconds]=1.692700e-05  [Sequential_Time_Seconds]=2.377000e-06  [N]=1024  [Blocks]=128  [Threads]=4
[Cuda_Transfer_To_Device_Seconds]=2.290400e-05  [Cuda_Transfer_To_Host_Seconds]=1.508100e-05  [Cuda_Calculation_Time_Seconds]=2.193800e-05  [Sequential_Time_Seconds]=5.684000e-06  [N]=2048  [Blocks]=128  [Threads]=4
[Cuda_Transfer_To_Device_Seconds]=2.550500e-05  [Cuda_Transfer_To_Host_Seconds]=1.928500e-05  [Cuda_Calculation_Time_Seconds]=1.734000e-05  [Sequential_Time_Seconds]=1.235100e-05  [N]=4096  [Blocks]=128  [Threads]=4
[Cuda_Transfer_To_Device_Seconds]=8.730500e-05  [Cuda_Transfer_To_Host_Seconds]=8.056400e-05  [Cuda_Calculation_Time_Seconds]=2.745400e-05  [Sequential_Time_Seconds]=2.236970e-04  [N]=32768  [Blocks]=128  [Threads]=4
[Cuda_Transfer_To_Device_Seconds]=6.073780e-04  [Cuda_Transfer_To_Host_Seconds]=5.638010e-04  [Cuda_Calculation_Time_Seconds]=3.183280e-04  [Sequential_Time_Seconds]=9.942680e-04  [N]=262144  [Blocks]=128  [Threads]=4
[Cuda_Transfer_To_Device_Seconds]=1.525729e-03  [Cuda_Transfer_To_Host_Seconds]=2.012814e-03  [Cuda_Calculation_Time_Seconds]=4.016430e-04  [Sequential_Time_Seconds]=3.736281e-03  [N]=1048576  [Blocks]=128  [Threads]=4
[Cuda_Transfer_To_Device_Seconds]=2.820086e-03  [Cuda_Transfer_To_Host_Seconds]=3.548704e-03  [Cuda_Calculation_Time_Seconds]=8.614070e-04  [Sequential_Time_Seconds]=7.263401e-03  [N]=2097152  [Blocks]=128  [Threads]=4
[Cuda_Transfer_To_Device_Seconds]=5.461475e-03  [Cuda_Transfer_To_Host_Seconds]=7.059665e-03  [Cuda_Calculation_Time_Seconds]=1.675793e-03  [Sequential_Time_Seconds]=1.464502e-02  [N]=4194304  [Blocks]=128  [Threads]=4
[Cuda_Transfer_To_Device_Seconds]=1.092647e-02  [Cuda_Transfer_To_Host_Seconds]=1.403443e-02  [Cuda_Calculation_Time_Seconds]=4.136469e-03  [Sequential_Time_Seconds]=2.881671e-02  [N]=8388608  [Blocks]=128  [Threads]=4
[Cuda_Transfer_To_Device_Seconds]=2.155355e-02  [Cuda_Transfer_To_Host_Seconds]=2.642129e-02  [Cuda_Calculation_Time_Seconds]=7.673613e-03  [Sequential_Time_Seconds]=5.719908e-02  [N]=16777216  [Blocks]=128  [Threads]=4
[Cuda_Transfer_To_Device_Seconds]=4.295661e-02  [Cuda_Transfer_To_Host_Seconds]=5.215599e-02  [Cuda_Calculation_Time_Seconds]=1.586545e-02  [Sequential_Time_Seconds]=1.220076e-01  [N]=33554432  [Blocks]=128  [Threads]=4
[Cuda_Transfer_To_Device_Seconds]=1.804500e-05  [Cuda_Transfer_To_Host_Seconds]=1.084200e-05  [Cuda_Calculation_Time_Seconds]=2.062700e-05  [Sequential_Time_Seconds]=6.900000e-08  [N]=16  [Blocks]=128  [Threads]=16
[Cuda_Transfer_To_Device_Seconds]=1.834000e-05  [Cuda_Transfer_To_Host_Seconds]=1.134000e-05  [Cuda_Calculation_Time_Seconds]=3.933000e-05  [Sequential_Time_Seconds]=1.700000e-07  [N]=64  [Blocks]=128  [Threads]=16
[Cuda_Transfer_To_Device_Seconds]=2.209300e-05  [Cuda_Transfer_To_Host_Seconds]=1.163500e-05  [Cuda_Calculation_Time_Seconds]=5.728700e-05  [Sequential_Time_Seconds]=4.190000e-07  [N]=128  [Blocks]=128  [Threads]=16
[Cuda_Transfer_To_Device_Seconds]=2.122400e-05  [Cuda_Transfer_To_Host_Seconds]=3.655000e-06  [Cuda_Calculation_Time_Seconds]=1.153496e-01  [Sequential_Time_Seconds]=1.192000e-06  [N]=512  [Blocks]=128  [Threads]=16
[Cuda_Transfer_To_Device_Seconds]=1.885200e-05  [Cuda_Transfer_To_Host_Seconds]=2.777000e-06  [Cuda_Calculation_Time_Seconds]=1.496046e-01  [Sequential_Time_Seconds]=2.293000e-06  [N]=1024  [Blocks]=128  [Threads]=16
[Cuda_Transfer_To_Device_Seconds]=2.109300e-05  [Cuda_Transfer_To_Host_Seconds]=1.469700e-05  [Cuda_Calculation_Time_Seconds]=1.590200e-05  [Sequential_Time_Seconds]=5.537000e-06  [N]=2048  [Blocks]=128  [Threads]=16
[Cuda_Transfer_To_Device_Seconds]=2.912200e-05  [Cuda_Transfer_To_Host_Seconds]=1.818300e-05  [Cuda_Calculation_Time_Seconds]=1.591000e-05  [Sequential_Time_Seconds]=1.239700e-05  [N]=4096  [Blocks]=128  [Threads]=16
[Cuda_Transfer_To_Device_Seconds]=8.099900e-05  [Cuda_Transfer_To_Host_Seconds]=7.959800e-05  [Cuda_Calculation_Time_Seconds]=1.931300e-05  [Sequential_Time_Seconds]=1.097040e-04  [N]=32768  [Blocks]=128  [Threads]=16
[Cuda_Transfer_To_Device_Seconds]=4.982050e-04  [Cuda_Transfer_To_Host_Seconds]=5.725080e-04  [Cuda_Calculation_Time_Seconds]=4.834700e-05  [Sequential_Time_Seconds]=8.917380e-04  [N]=262144  [Blocks]=128  [Threads]=16
[Cuda_Transfer_To_Device_Seconds]=1.478329e-03  [Cuda_Transfer_To_Host_Seconds]=1.956869e-03  [Cuda_Calculation_Time_Seconds]=1.506430e-04  [Sequential_Time_Seconds]=3.743442e-03  [N]=1048576  [Blocks]=128  [Threads]=16
[Cuda_Transfer_To_Device_Seconds]=2.831348e-03  [Cuda_Transfer_To_Host_Seconds]=3.393118e-03  [Cuda_Calculation_Time_Seconds]=3.266890e-04  [Sequential_Time_Seconds]=7.167757e-03  [N]=2097152  [Blocks]=128  [Threads]=16
[Cuda_Transfer_To_Device_Seconds]=5.477424e-03  [Cuda_Transfer_To_Host_Seconds]=6.623735e-03  [Cuda_Calculation_Time_Seconds]=6.251580e-04  [Sequential_Time_Seconds]=1.433026e-02  [N]=4194304  [Blocks]=128  [Threads]=16
[Cuda_Transfer_To_Device_Seconds]=1.072263e-02  [Cuda_Transfer_To_Host_Seconds]=1.330862e-02  [Cuda_Calculation_Time_Seconds]=1.861175e-03  [Sequential_Time_Seconds]=2.881629e-02  [N]=8388608  [Blocks]=128  [Threads]=16
[Cuda_Transfer_To_Device_Seconds]=2.155185e-02  [Cuda_Transfer_To_Host_Seconds]=2.639942e-02  [Cuda_Calculation_Time_Seconds]=5.088244e-03  [Sequential_Time_Seconds]=5.775918e-02  [N]=16777216  [Blocks]=128  [Threads]=16
[Cuda_Transfer_To_Device_Seconds]=4.264067e-02  [Cuda_Transfer_To_Host_Seconds]=5.263765e-02  [Cuda_Calculation_Time_Seconds]=9.287816e-03  [Sequential_Time_Seconds]=1.155259e-01  [N]=33554432  [Blocks]=128  [Threads]=16
[Cuda_Transfer_To_Device_Seconds]=1.831700e-05  [Cuda_Transfer_To_Host_Seconds]=1.154400e-05  [Cuda_Calculation_Time_Seconds]=3.013100e-05  [Sequential_Time_Seconds]=7.300000e-08  [N]=16  [Blocks]=128  [Threads]=64
[Cuda_Transfer_To_Device_Seconds]=1.838800e-05  [Cuda_Transfer_To_Host_Seconds]=2.952000e-06  [Cuda_Calculation_Time_Seconds]=2.093634e-02  [Sequential_Time_Seconds]=1.840000e-07  [N]=64  [Blocks]=128  [Threads]=64
[Cuda_Transfer_To_Device_Seconds]=2.158900e-05  [Cuda_Transfer_To_Host_Seconds]=3.546000e-06  [Cuda_Calculation_Time_Seconds]=5.192394e-01  [Sequential_Time_Seconds]=3.350000e-07  [N]=128  [Blocks]=128  [Threads]=64
[Cuda_Transfer_To_Device_Seconds]=1.827700e-05  [Cuda_Transfer_To_Host_Seconds]=3.134000e-06  [Cuda_Calculation_Time_Seconds]=2.786944e-02  [Sequential_Time_Seconds]=1.216000e-06  [N]=512  [Blocks]=128  [Threads]=64
[Cuda_Transfer_To_Device_Seconds]=2.268900e-05  [Cuda_Transfer_To_Host_Seconds]=3.497000e-06  [Cuda_Calculation_Time_Seconds]=1.763643e-01  [Sequential_Time_Seconds]=2.390000e-06  [N]=1024  [Blocks]=128  [Threads]=64
[Cuda_Transfer_To_Device_Seconds]=2.513800e-05  [Cuda_Transfer_To_Host_Seconds]=3.451000e-06  [Cuda_Calculation_Time_Seconds]=8.719142e-02  [Sequential_Time_Seconds]=5.572000e-06  [N]=2048  [Blocks]=128  [Threads]=64
[Cuda_Transfer_To_Device_Seconds]=2.599100e-05  [Cuda_Transfer_To_Host_Seconds]=3.918000e-06  [Cuda_Calculation_Time_Seconds]=5.191583e-01  [Sequential_Time_Seconds]=1.192000e-05  [N]=4096  [Blocks]=128  [Threads]=64
[Cuda_Transfer_To_Device_Seconds]=8.189800e-05  [Cuda_Transfer_To_Host_Seconds]=1.296970e-04  [Cuda_Calculation_Time_Seconds]=1.688800e-05  [Sequential_Time_Seconds]=1.071230e-04  [N]=32768  [Blocks]=128  [Threads]=64
[Cuda_Transfer_To_Device_Seconds]=5.133800e-04  [Cuda_Transfer_To_Host_Seconds]=5.588190e-04  [Cuda_Calculation_Time_Seconds]=1.160890e-04  [Sequential_Time_Seconds]=8.708730e-04  [N]=262144  [Blocks]=128  [Threads]=64
[Cuda_Transfer_To_Device_Seconds]=1.478998e-03  [Cuda_Transfer_To_Host_Seconds]=1.864083e-03  [Cuda_Calculation_Time_Seconds]=1.700110e-04  [Sequential_Time_Seconds]=3.551774e-03  [N]=1048576  [Blocks]=128  [Threads]=64
[Cuda_Transfer_To_Device_Seconds]=2.790134e-03  [Cuda_Transfer_To_Host_Seconds]=3.365710e-03  [Cuda_Calculation_Time_Seconds]=3.025020e-04  [Sequential_Time_Seconds]=7.343689e-03  [N]=2097152  [Blocks]=128  [Threads]=64
[Cuda_Transfer_To_Device_Seconds]=5.447017e-03  [Cuda_Transfer_To_Host_Seconds]=6.763379e-03  [Cuda_Calculation_Time_Seconds]=7.335090e-04  [Sequential_Time_Seconds]=1.433611e-02  [N]=4194304  [Blocks]=128  [Threads]=64
[Cuda_Transfer_To_Device_Seconds]=1.092367e-02  [Cuda_Transfer_To_Host_Seconds]=1.365160e-02  [Cuda_Calculation_Time_Seconds]=1.289847e-03  [Sequential_Time_Seconds]=3.028678e-02  [N]=8388608  [Blocks]=128  [Threads]=64
[Cuda_Transfer_To_Device_Seconds]=2.142671e-02  [Cuda_Transfer_To_Host_Seconds]=2.647200e-02  [Cuda_Calculation_Time_Seconds]=5.172241e-03  [Sequential_Time_Seconds]=6.140469e-02  [N]=16777216  [Blocks]=128  [Threads]=64
[Cuda_Transfer_To_Device_Seconds]=4.274985e-02  [Cuda_Transfer_To_Host_Seconds]=5.186078e-02  [Cuda_Calculation_Time_Seconds]=1.289833e-02  [Sequential_Time_Seconds]=1.148699e-01  [N]=33554432  [Blocks]=128  [Threads]=64
[Cuda_Transfer_To_Device_Seconds]=1.811600e-05  [Cuda_Transfer_To_Host_Seconds]=3.593000e-06  [Cuda_Calculation_Time_Seconds]=2.703961e-02  [Sequential_Time_Seconds]=1.080000e-07  [N]=16  [Blocks]=128  [Threads]=256
[Cuda_Transfer_To_Device_Seconds]=1.923900e-05  [Cuda_Transfer_To_Host_Seconds]=1.628400e-05  [Cuda_Calculation_Time_Seconds]=5.212769e-01  [Sequential_Time_Seconds]=1.650000e-07  [N]=64  [Blocks]=128  [Threads]=256
[Cuda_Transfer_To_Device_Seconds]=2.018200e-05  [Cuda_Transfer_To_Host_Seconds]=3.080000e-06  [Cuda_Calculation_Time_Seconds]=2.306506e-02  [Sequential_Time_Seconds]=3.330000e-07  [N]=128  [Blocks]=128  [Threads]=256
[Cuda_Transfer_To_Device_Seconds]=2.124400e-05  [Cuda_Transfer_To_Host_Seconds]=4.047000e-06  [Cuda_Calculation_Time_Seconds]=5.195161e-01  [Sequential_Time_Seconds]=1.236000e-06  [N]=512  [Blocks]=128  [Threads]=256
[Cuda_Transfer_To_Device_Seconds]=1.902500e-05  [Cuda_Transfer_To_Host_Seconds]=2.965000e-06  [Cuda_Calculation_Time_Seconds]=6.352706e-02  [Sequential_Time_Seconds]=2.338000e-06  [N]=1024  [Blocks]=128  [Threads]=256
[Cuda_Transfer_To_Device_Seconds]=2.452600e-05  [Cuda_Transfer_To_Host_Seconds]=3.124400e-05  [Cuda_Calculation_Time_Seconds]=5.205357e-01  [Sequential_Time_Seconds]=5.625000e-06  [N]=2048  [Blocks]=128  [Threads]=256
[Cuda_Transfer_To_Device_Seconds]=2.886700e-05  [Cuda_Transfer_To_Host_Seconds]=3.071000e-06  [Cuda_Calculation_Time_Seconds]=5.224224e-01  [Sequential_Time_Seconds]=1.221300e-05  [N]=4096  [Blocks]=128  [Threads]=256
[Cuda_Transfer_To_Device_Seconds]=8.427900e-05  [Cuda_Transfer_To_Host_Seconds]=8.065900e-05  [Cuda_Calculation_Time_Seconds]=1.610500e-05  [Sequential_Time_Seconds]=1.068110e-04  [N]=32768  [Blocks]=128  [Threads]=256
[Cuda_Transfer_To_Device_Seconds]=5.304790e-04  [Cuda_Transfer_To_Host_Seconds]=5.560430e-04  [Cuda_Calculation_Time_Seconds]=3.247400e-05  [Sequential_Time_Seconds]=8.848450e-04  [N]=262144  [Blocks]=128  [Threads]=256
[Cuda_Transfer_To_Device_Seconds]=1.480705e-03  [Cuda_Transfer_To_Host_Seconds]=1.852940e-03  [Cuda_Calculation_Time_Seconds]=5.623210e-04  [Sequential_Time_Seconds]=3.697623e-03  [N]=1048576  [Blocks]=128  [Threads]=256
[Cuda_Transfer_To_Device_Seconds]=2.794027e-03  [Cuda_Transfer_To_Host_Seconds]=3.506538e-03  [Cuda_Calculation_Time_Seconds]=1.630189e-03  [Sequential_Time_Seconds]=7.284014e-03  [N]=2097152  [Blocks]=128  [Threads]=256
[Cuda_Transfer_To_Device_Seconds]=5.473735e-03  [Cuda_Transfer_To_Host_Seconds]=6.802424e-03  [Cuda_Calculation_Time_Seconds]=3.280208e-03  [Sequential_Time_Seconds]=1.496239e-02  [N]=4194304  [Blocks]=128  [Threads]=256
[Cuda_Transfer_To_Device_Seconds]=1.080983e-02  [Cuda_Transfer_To_Host_Seconds]=1.343103e-02  [Cuda_Calculation_Time_Seconds]=1.124088e-02  [Sequential_Time_Seconds]=2.940042e-02  [N]=8388608  [Blocks]=128  [Threads]=256
[Cuda_Transfer_To_Device_Seconds]=2.183248e-02  [Cuda_Transfer_To_Host_Seconds]=2.716728e-02  [Cuda_Calculation_Time_Seconds]=2.163963e-02  [Sequential_Time_Seconds]=5.820517e-02  [N]=16777216  [Blocks]=128  [Threads]=256
[Cuda_Transfer_To_Device_Seconds]=4.254535e-02  [Cuda_Transfer_To_Host_Seconds]=5.118677e-02  [Cuda_Calculation_Time_Seconds]=4.844956e-02  [Sequential_Time_Seconds]=1.129994e-01  [N]=33554432  [Blocks]=128  [Threads]=256
[Cuda_Transfer_To_Device_Seconds]=2.060700e-05  [Cuda_Transfer_To_Host_Seconds]=3.175000e-06  [Cuda_Calculation_Time_Seconds]=2.848926e-01  [Sequential_Time_Seconds]=7.800000e-08  [N]=16  [Blocks]=128  [Threads]=1024
[Cuda_Transfer_To_Device_Seconds]=2.151900e-05  [Cuda_Transfer_To_Host_Seconds]=3.189000e-06  [Cuda_Calculation_Time_Seconds]=1.354465e-01  [Sequential_Time_Seconds]=1.900000e-07  [N]=64  [Blocks]=128  [Threads]=1024
[Cuda_Transfer_To_Device_Seconds]=2.084700e-05  [Cuda_Transfer_To_Host_Seconds]=3.001000e-06  [Cuda_Calculation_Time_Seconds]=7.611113e-02  [Sequential_Time_Seconds]=2.970000e-07  [N]=128  [Blocks]=128  [Threads]=1024
[Cuda_Transfer_To_Device_Seconds]=1.774900e-05  [Cuda_Transfer_To_Host_Seconds]=3.602000e-06  [Cuda_Calculation_Time_Seconds]=5.195819e-01  [Sequential_Time_Seconds]=1.203000e-06  [N]=512  [Blocks]=128  [Threads]=1024
[Cuda_Transfer_To_Device_Seconds]=1.927500e-05  [Cuda_Transfer_To_Host_Seconds]=3.018000e-06  [Cuda_Calculation_Time_Seconds]=5.139155e-01  [Sequential_Time_Seconds]=2.382000e-06  [N]=1024  [Blocks]=128  [Threads]=1024
[Cuda_Transfer_To_Device_Seconds]=2.094700e-05  [Cuda_Transfer_To_Host_Seconds]=3.201000e-06  [Cuda_Calculation_Time_Seconds]=8.964688e-02  [Sequential_Time_Seconds]=5.600000e-06  [N]=2048  [Blocks]=128  [Threads]=1024
[Cuda_Transfer_To_Device_Seconds]=2.596300e-05  [Cuda_Transfer_To_Host_Seconds]=3.413200e-05  [Cuda_Calculation_Time_Seconds]=3.529591e-01  [Sequential_Time_Seconds]=1.219100e-05  [N]=4096  [Blocks]=128  [Threads]=1024
[Cuda_Transfer_To_Device_Seconds]=8.279300e-05  [Cuda_Transfer_To_Host_Seconds]=2.824700e-05  [Cuda_Calculation_Time_Seconds]=5.217648e-01  [Sequential_Time_Seconds]=1.155250e-04  [N]=32768  [Blocks]=128  [Threads]=1024
[Cuda_Transfer_To_Device_Seconds]=5.008210e-04  [Cuda_Transfer_To_Host_Seconds]=5.660690e-04  [Cuda_Calculation_Time_Seconds]=2.131700e-05  [Sequential_Time_Seconds]=9.290920e-04  [N]=262144  [Blocks]=128  [Threads]=1024
[Cuda_Transfer_To_Device_Seconds]=1.473794e-03  [Cuda_Transfer_To_Host_Seconds]=1.771692e-03  [Cuda_Calculation_Time_Seconds]=1.033140e-04  [Sequential_Time_Seconds]=3.680417e-03  [N]=1048576  [Blocks]=128  [Threads]=1024
[Cuda_Transfer_To_Device_Seconds]=2.791653e-03  [Cuda_Transfer_To_Host_Seconds]=3.463151e-03  [Cuda_Calculation_Time_Seconds]=1.026370e-03  [Sequential_Time_Seconds]=7.790458e-03  [N]=2097152  [Blocks]=128  [Threads]=1024
[Cuda_Transfer_To_Device_Seconds]=5.828383e-03  [Cuda_Transfer_To_Host_Seconds]=7.092111e-03  [Cuda_Calculation_Time_Seconds]=2.733552e-03  [Sequential_Time_Seconds]=1.456978e-02  [N]=4194304  [Blocks]=128  [Threads]=1024
[Cuda_Transfer_To_Device_Seconds]=1.076515e-02  [Cuda_Transfer_To_Host_Seconds]=1.316880e-02  [Cuda_Calculation_Time_Seconds]=7.550310e-03  [Sequential_Time_Seconds]=2.865859e-02  [N]=8388608  [Blocks]=128  [Threads]=1024
[Cuda_Transfer_To_Device_Seconds]=2.141078e-02  [Cuda_Transfer_To_Host_Seconds]=2.570800e-02  [Cuda_Calculation_Time_Seconds]=1.550989e-02  [Sequential_Time_Seconds]=5.659210e-02  [N]=16777216  [Blocks]=128  [Threads]=1024
[Cuda_Transfer_To_Device_Seconds]=4.370337e-02  [Cuda_Transfer_To_Host_Seconds]=5.242255e-02  [Cuda_Calculation_Time_Seconds]=5.732847e-02  [Sequential_Time_Seconds]=1.128508e-01  [N]=33554432  [Blocks]=128  [Threads]=1024
[Cuda_Transfer_To_Device_Seconds]=2.053800e-05  [Cuda_Transfer_To_Host_Seconds]=2.222200e-05  [Cuda_Calculation_Time_Seconds]=5.593517e-01  [Sequential_Time_Seconds]=7.800000e-08  [N]=16  [Blocks]=512  [Threads]=1
[Cuda_Transfer_To_Device_Seconds]=2.073200e-05  [Cuda_Transfer_To_Host_Seconds]=3.082000e-06  [Cuda_Calculation_Time_Seconds]=1.406024e-01  [Sequential_Time_Seconds]=1.790000e-07  [N]=64  [Blocks]=512  [Threads]=1
[Cuda_Transfer_To_Device_Seconds]=1.752200e-05  [Cuda_Transfer_To_Host_Seconds]=3.591000e-06  [Cuda_Calculation_Time_Seconds]=5.068637e-02  [Sequential_Time_Seconds]=3.210000e-07  [N]=128  [Blocks]=512  [Threads]=1
[Cuda_Transfer_To_Device_Seconds]=1.793500e-05  [Cuda_Transfer_To_Host_Seconds]=1.037600e-05  [Cuda_Calculation_Time_Seconds]=1.660300e-05  [Sequential_Time_Seconds]=1.206000e-06  [N]=512  [Blocks]=512  [Threads]=1
[Cuda_Transfer_To_Device_Seconds]=1.852300e-05  [Cuda_Transfer_To_Host_Seconds]=1.118800e-05  [Cuda_Calculation_Time_Seconds]=1.632800e-05  [Sequential_Time_Seconds]=2.413000e-06  [N]=1024  [Blocks]=512  [Threads]=1
[Cuda_Transfer_To_Device_Seconds]=2.489100e-05  [Cuda_Transfer_To_Host_Seconds]=1.422900e-05  [Cuda_Calculation_Time_Seconds]=1.993200e-05  [Sequential_Time_Seconds]=5.800000e-06  [N]=2048  [Blocks]=512  [Threads]=1
[Cuda_Transfer_To_Device_Seconds]=2.593000e-05  [Cuda_Transfer_To_Host_Seconds]=1.877300e-05  [Cuda_Calculation_Time_Seconds]=2.162600e-05  [Sequential_Time_Seconds]=1.201000e-05  [N]=4096  [Blocks]=512  [Threads]=1
[Cuda_Transfer_To_Device_Seconds]=8.832500e-05  [Cuda_Transfer_To_Host_Seconds]=7.867400e-05  [Cuda_Calculation_Time_Seconds]=1.682560e-04  [Sequential_Time_Seconds]=1.054730e-04  [N]=32768  [Blocks]=512  [Threads]=1
[Cuda_Transfer_To_Device_Seconds]=5.080290e-04  [Cuda_Transfer_To_Host_Seconds]=5.714020e-04  [Cuda_Calculation_Time_Seconds]=7.082600e-05  [Sequential_Time_Seconds]=9.203250e-04  [N]=262144  [Blocks]=512  [Threads]=1
[Cuda_Transfer_To_Device_Seconds]=1.486000e-03  [Cuda_Transfer_To_Host_Seconds]=1.757030e-03  [Cuda_Calculation_Time_Seconds]=2.502640e-04  [Sequential_Time_Seconds]=3.590040e-03  [N]=1048576  [Blocks]=512  [Threads]=1
[Cuda_Transfer_To_Device_Seconds]=2.791143e-03  [Cuda_Transfer_To_Host_Seconds]=3.605536e-03  [Cuda_Calculation_Time_Seconds]=7.662600e-04  [Sequential_Time_Seconds]=7.372249e-03  [N]=2097152  [Blocks]=512  [Threads]=1
[Cuda_Transfer_To_Device_Seconds]=5.519553e-03  [Cuda_Transfer_To_Host_Seconds]=6.765491e-03  [Cuda_Calculation_Time_Seconds]=1.541683e-03  [Sequential_Time_Seconds]=1.456710e-02  [N]=4194304  [Blocks]=512  [Threads]=1
[Cuda_Transfer_To_Device_Seconds]=1.089244e-02  [Cuda_Transfer_To_Host_Seconds]=1.319173e-02  [Cuda_Calculation_Time_Seconds]=4.195759e-03  [Sequential_Time_Seconds]=2.847622e-02  [N]=8388608  [Blocks]=512  [Threads]=1
[Cuda_Transfer_To_Device_Seconds]=2.152744e-02  [Cuda_Transfer_To_Host_Seconds]=2.586121e-02  [Cuda_Calculation_Time_Seconds]=7.608816e-03  [Sequential_Time_Seconds]=5.716240e-02  [N]=16777216  [Blocks]=512  [Threads]=1
[Cuda_Transfer_To_Device_Seconds]=4.312660e-02  [Cuda_Transfer_To_Host_Seconds]=5.273141e-02  [Cuda_Calculation_Time_Seconds]=1.789877e-02  [Sequential_Time_Seconds]=1.140545e-01  [N]=33554432  [Blocks]=512  [Threads]=1
[Cuda_Transfer_To_Device_Seconds]=1.815200e-05  [Cuda_Transfer_To_Host_Seconds]=3.201000e-06  [Cuda_Calculation_Time_Seconds]=1.030523e-01  [Sequential_Time_Seconds]=9.400000e-08  [N]=16  [Blocks]=512  [Threads]=4
[Cuda_Transfer_To_Device_Seconds]=1.800000e-05  [Cuda_Transfer_To_Host_Seconds]=1.066100e-05  [Cuda_Calculation_Time_Seconds]=3.547500e-05  [Sequential_Time_Seconds]=1.900000e-07  [N]=64  [Blocks]=512  [Threads]=4
[Cuda_Transfer_To_Device_Seconds]=1.785000e-05  [Cuda_Transfer_To_Host_Seconds]=1.167900e-05  [Cuda_Calculation_Time_Seconds]=5.103500e-05  [Sequential_Time_Seconds]=3.280000e-07  [N]=128  [Blocks]=512  [Threads]=4
[Cuda_Transfer_To_Device_Seconds]=2.053500e-05  [Cuda_Transfer_To_Host_Seconds]=1.419000e-06  [Cuda_Calculation_Time_Seconds]=2.144398e-02  [Sequential_Time_Seconds]=1.097000e-06  [N]=512  [Blocks]=512  [Threads]=4
[Cuda_Transfer_To_Device_Seconds]=1.983900e-05  [Cuda_Transfer_To_Host_Seconds]=3.353000e-06  [Cuda_Calculation_Time_Seconds]=1.468223e-01  [Sequential_Time_Seconds]=2.502000e-06  [N]=1024  [Blocks]=512  [Threads]=4
[Cuda_Transfer_To_Device_Seconds]=2.412500e-05  [Cuda_Transfer_To_Host_Seconds]=1.380100e-05  [Cuda_Calculation_Time_Seconds]=1.599900e-05  [Sequential_Time_Seconds]=5.677000e-06  [N]=2048  [Blocks]=512  [Threads]=4
[Cuda_Transfer_To_Device_Seconds]=2.877200e-05  [Cuda_Transfer_To_Host_Seconds]=1.852800e-05  [Cuda_Calculation_Time_Seconds]=1.698400e-05  [Sequential_Time_Seconds]=1.206200e-05  [N]=4096  [Blocks]=512  [Threads]=4
[Cuda_Transfer_To_Device_Seconds]=8.510200e-05  [Cuda_Transfer_To_Host_Seconds]=8.040700e-05  [Cuda_Calculation_Time_Seconds]=2.005900e-05  [Sequential_Time_Seconds]=1.067360e-04  [N]=32768  [Blocks]=512  [Threads]=4
[Cuda_Transfer_To_Device_Seconds]=4.976930e-04  [Cuda_Transfer_To_Host_Seconds]=5.577690e-04  [Cuda_Calculation_Time_Seconds]=1.069730e-04  [Sequential_Time_Seconds]=8.793850e-04  [N]=262144  [Blocks]=512  [Threads]=4
[Cuda_Transfer_To_Device_Seconds]=1.519694e-03  [Cuda_Transfer_To_Host_Seconds]=1.727083e-03  [Cuda_Calculation_Time_Seconds]=1.424440e-04  [Sequential_Time_Seconds]=3.638172e-03  [N]=1048576  [Blocks]=512  [Threads]=4
[Cuda_Transfer_To_Device_Seconds]=2.824064e-03  [Cuda_Transfer_To_Host_Seconds]=3.959937e-03  [Cuda_Calculation_Time_Seconds]=2.654350e-04  [Sequential_Time_Seconds]=7.153330e-03  [N]=2097152  [Blocks]=512  [Threads]=4
[Cuda_Transfer_To_Device_Seconds]=5.540976e-03  [Cuda_Transfer_To_Host_Seconds]=6.929428e-03  [Cuda_Calculation_Time_Seconds]=6.555150e-04  [Sequential_Time_Seconds]=1.465537e-02  [N]=4194304  [Blocks]=512  [Threads]=4
[Cuda_Transfer_To_Device_Seconds]=1.082100e-02  [Cuda_Transfer_To_Host_Seconds]=1.321484e-02  [Cuda_Calculation_Time_Seconds]=1.668063e-03  [Sequential_Time_Seconds]=2.840458e-02  [N]=8388608  [Blocks]=512  [Threads]=4
[Cuda_Transfer_To_Device_Seconds]=2.155105e-02  [Cuda_Transfer_To_Host_Seconds]=2.749405e-02  [Cuda_Calculation_Time_Seconds]=5.949975e-03  [Sequential_Time_Seconds]=6.109457e-02  [N]=16777216  [Blocks]=512  [Threads]=4
[Cuda_Transfer_To_Device_Seconds]=4.276972e-02  [Cuda_Transfer_To_Host_Seconds]=5.271580e-02  [Cuda_Calculation_Time_Seconds]=1.388145e-02  [Sequential_Time_Seconds]=1.161960e-01  [N]=33554432  [Blocks]=512  [Threads]=4
[Cuda_Transfer_To_Device_Seconds]=1.927000e-05  [Cuda_Transfer_To_Host_Seconds]=1.158900e-05  [Cuda_Calculation_Time_Seconds]=3.385400e-05  [Sequential_Time_Seconds]=6.900000e-08  [N]=16  [Blocks]=512  [Threads]=16
[Cuda_Transfer_To_Device_Seconds]=2.237300e-05  [Cuda_Transfer_To_Host_Seconds]=3.303000e-06  [Cuda_Calculation_Time_Seconds]=5.096486e-01  [Sequential_Time_Seconds]=1.660000e-07  [N]=64  [Blocks]=512  [Threads]=16
[Cuda_Transfer_To_Device_Seconds]=1.782700e-05  [Cuda_Transfer_To_Host_Seconds]=3.014000e-06  [Cuda_Calculation_Time_Seconds]=5.190835e-01  [Sequential_Time_Seconds]=3.130000e-07  [N]=128  [Blocks]=512  [Threads]=16
[Cuda_Transfer_To_Device_Seconds]=4.528500e-05  [Cuda_Transfer_To_Host_Seconds]=3.289000e-06  [Cuda_Calculation_Time_Seconds]=1.981995e-01  [Sequential_Time_Seconds]=1.183000e-06  [N]=512  [Blocks]=512  [Threads]=16
[Cuda_Transfer_To_Device_Seconds]=2.347700e-05  [Cuda_Transfer_To_Host_Seconds]=3.894000e-06  [Cuda_Calculation_Time_Seconds]=7.850217e-02  [Sequential_Time_Seconds]=2.325000e-06  [N]=1024  [Blocks]=512  [Threads]=16
[Cuda_Transfer_To_Device_Seconds]=2.470400e-05  [Cuda_Transfer_To_Host_Seconds]=3.306000e-06  [Cuda_Calculation_Time_Seconds]=9.649430e-02  [Sequential_Time_Seconds]=5.731000e-06  [N]=2048  [Blocks]=512  [Threads]=16
[Cuda_Transfer_To_Device_Seconds]=9.566040e-04  [Cuda_Transfer_To_Host_Seconds]=2.169600e-05  [Cuda_Calculation_Time_Seconds]=3.562688e-01  [Sequential_Time_Seconds]=1.208200e-05  [N]=4096  [Blocks]=512  [Threads]=16
[Cuda_Transfer_To_Device_Seconds]=8.391400e-05  [Cuda_Transfer_To_Host_Seconds]=8.016300e-05  [Cuda_Calculation_Time_Seconds]=1.723300e-05  [Sequential_Time_Seconds]=1.060660e-04  [N]=32768  [Blocks]=512  [Threads]=16
[Cuda_Transfer_To_Device_Seconds]=5.016000e-04  [Cuda_Transfer_To_Host_Seconds]=5.670620e-04  [Cuda_Calculation_Time_Seconds]=4.736200e-05  [Sequential_Time_Seconds]=9.850900e-04  [N]=262144  [Blocks]=512  [Threads]=16
[Cuda_Transfer_To_Device_Seconds]=1.486677e-03  [Cuda_Transfer_To_Host_Seconds]=1.800268e-03  [Cuda_Calculation_Time_Seconds]=2.034430e-04  [Sequential_Time_Seconds]=3.835959e-03  [N]=1048576  [Blocks]=512  [Threads]=16
[Cuda_Transfer_To_Device_Seconds]=2.847104e-03  [Cuda_Transfer_To_Host_Seconds]=3.522080e-03  [Cuda_Calculation_Time_Seconds]=3.318060e-04  [Sequential_Time_Seconds]=7.464369e-03  [N]=2097152  [Blocks]=512  [Threads]=16
[Cuda_Transfer_To_Device_Seconds]=5.538208e-03  [Cuda_Transfer_To_Host_Seconds]=6.877457e-03  [Cuda_Calculation_Time_Seconds]=6.689330e-04  [Sequential_Time_Seconds]=1.489237e-02  [N]=4194304  [Blocks]=512  [Threads]=16
[Cuda_Transfer_To_Device_Seconds]=1.095646e-02  [Cuda_Transfer_To_Host_Seconds]=1.443900e-02  [Cuda_Calculation_Time_Seconds]=1.071650e-03  [Sequential_Time_Seconds]=2.953031e-02  [N]=8388608  [Blocks]=512  [Threads]=16
[Cuda_Transfer_To_Device_Seconds]=2.137172e-02  [Cuda_Transfer_To_Host_Seconds]=2.680182e-02  [Cuda_Calculation_Time_Seconds]=3.812812e-03  [Sequential_Time_Seconds]=5.893638e-02  [N]=16777216  [Blocks]=512  [Threads]=16
[Cuda_Transfer_To_Device_Seconds]=4.280672e-02  [Cuda_Transfer_To_Host_Seconds]=5.382914e-02  [Cuda_Calculation_Time_Seconds]=9.436614e-03  [Sequential_Time_Seconds]=1.165776e-01  [N]=33554432  [Blocks]=512  [Threads]=16
[Cuda_Transfer_To_Device_Seconds]=1.854500e-05  [Cuda_Transfer_To_Host_Seconds]=3.346000e-06  [Cuda_Calculation_Time_Seconds]=3.627763e-02  [Sequential_Time_Seconds]=8.000000e-08  [N]=16  [Blocks]=512  [Threads]=64
[Cuda_Transfer_To_Device_Seconds]=2.325300e-05  [Cuda_Transfer_To_Host_Seconds]=2.781000e-06  [Cuda_Calculation_Time_Seconds]=2.587212e-02  [Sequential_Time_Seconds]=2.200000e-07  [N]=64  [Blocks]=512  [Threads]=64
[Cuda_Transfer_To_Device_Seconds]=2.233500e-05  [Cuda_Transfer_To_Host_Seconds]=3.345000e-06  [Cuda_Calculation_Time_Seconds]=5.209754e-01  [Sequential_Time_Seconds]=4.220000e-07  [N]=128  [Blocks]=512  [Threads]=64
[Cuda_Transfer_To_Device_Seconds]=1.809000e-05  [Cuda_Transfer_To_Host_Seconds]=3.246000e-06  [Cuda_Calculation_Time_Seconds]=8.013939e-02  [Sequential_Time_Seconds]=1.204000e-06  [N]=512  [Blocks]=512  [Threads]=64
[Cuda_Transfer_To_Device_Seconds]=1.840600e-05  [Cuda_Transfer_To_Host_Seconds]=3.069000e-06  [Cuda_Calculation_Time_Seconds]=5.238056e-01  [Sequential_Time_Seconds]=2.325000e-06  [N]=1024  [Blocks]=512  [Threads]=64
[Cuda_Transfer_To_Device_Seconds]=2.492400e-05  [Cuda_Transfer_To_Host_Seconds]=3.363000e-06  [Cuda_Calculation_Time_Seconds]=5.192495e-01  [Sequential_Time_Seconds]=5.827000e-06  [N]=2048  [Blocks]=512  [Threads]=64
[Cuda_Transfer_To_Device_Seconds]=2.649600e-05  [Cuda_Transfer_To_Host_Seconds]=3.042000e-06  [Cuda_Calculation_Time_Seconds]=5.189324e-01  [Sequential_Time_Seconds]=1.208700e-05  [N]=4096  [Blocks]=512  [Threads]=64
[Cuda_Transfer_To_Device_Seconds]=8.908600e-05  [Cuda_Transfer_To_Host_Seconds]=8.245400e-05  [Cuda_Calculation_Time_Seconds]=3.402230e-04  [Sequential_Time_Seconds]=1.094440e-04  [N]=32768  [Blocks]=512  [Threads]=64
[Cuda_Transfer_To_Device_Seconds]=5.173960e-04  [Cuda_Transfer_To_Host_Seconds]=5.614710e-04  [Cuda_Calculation_Time_Seconds]=3.178900e-05  [Sequential_Time_Seconds]=8.750080e-04  [N]=262144  [Blocks]=512  [Threads]=64
[Cuda_Transfer_To_Device_Seconds]=1.479276e-03  [Cuda_Transfer_To_Host_Seconds]=1.824910e-03  [Cuda_Calculation_Time_Seconds]=6.760310e-04  [Sequential_Time_Seconds]=3.658394e-03  [N]=1048576  [Blocks]=512  [Threads]=64
[Cuda_Transfer_To_Device_Seconds]=2.827826e-03  [Cuda_Transfer_To_Host_Seconds]=3.449281e-03  [Cuda_Calculation_Time_Seconds]=2.179886e-03  [Sequential_Time_Seconds]=7.395351e-03  [N]=2097152  [Blocks]=512  [Threads]=64
[Cuda_Transfer_To_Device_Seconds]=5.430307e-03  [Cuda_Transfer_To_Host_Seconds]=7.286811e-03  [Cuda_Calculation_Time_Seconds]=3.226948e-03  [Sequential_Time_Seconds]=1.448175e-02  [N]=4194304  [Blocks]=512  [Threads]=64
[Cuda_Transfer_To_Device_Seconds]=1.087291e-02  [Cuda_Transfer_To_Host_Seconds]=1.320323e-02  [Cuda_Calculation_Time_Seconds]=1.186312e-02  [Sequential_Time_Seconds]=3.145701e-02  [N]=8388608  [Blocks]=512  [Threads]=64
[Cuda_Transfer_To_Device_Seconds]=2.144140e-02  [Cuda_Transfer_To_Host_Seconds]=2.673558e-02  [Cuda_Calculation_Time_Seconds]=2.404392e-02  [Sequential_Time_Seconds]=6.027591e-02  [N]=16777216  [Blocks]=512  [Threads]=64
[Cuda_Transfer_To_Device_Seconds]=4.281483e-02  [Cuda_Transfer_To_Host_Seconds]=5.306096e-02  [Cuda_Calculation_Time_Seconds]=5.439530e-02  [Sequential_Time_Seconds]=1.150609e-01  [N]=33554432  [Blocks]=512  [Threads]=64
[Cuda_Transfer_To_Device_Seconds]=2.043500e-05  [Cuda_Transfer_To_Host_Seconds]=3.252000e-06  [Cuda_Calculation_Time_Seconds]=1.372388e-01  [Sequential_Time_Seconds]=6.800000e-08  [N]=16  [Blocks]=512  [Threads]=256
[Cuda_Transfer_To_Device_Seconds]=2.091800e-05  [Cuda_Transfer_To_Host_Seconds]=3.396000e-06  [Cuda_Calculation_Time_Seconds]=7.311635e-02  [Sequential_Time_Seconds]=1.720000e-07  [N]=64  [Blocks]=512  [Threads]=256
[Cuda_Transfer_To_Device_Seconds]=1.726800e-05  [Cuda_Transfer_To_Host_Seconds]=2.788000e-06  [Cuda_Calculation_Time_Seconds]=1.753575e-01  [Sequential_Time_Seconds]=3.210000e-07  [N]=128  [Blocks]=512  [Threads]=256
[Cuda_Transfer_To_Device_Seconds]=1.522030e-04  [Cuda_Transfer_To_Host_Seconds]=3.273000e-06  [Cuda_Calculation_Time_Seconds]=2.624998e-02  [Sequential_Time_Seconds]=1.203000e-06  [N]=512  [Blocks]=512  [Threads]=256
[Cuda_Transfer_To_Device_Seconds]=2.197400e-05  [Cuda_Transfer_To_Host_Seconds]=1.418000e-06  [Cuda_Calculation_Time_Seconds]=2.013066e-02  [Sequential_Time_Seconds]=2.404000e-06  [N]=1024  [Blocks]=512  [Threads]=256
[Cuda_Transfer_To_Device_Seconds]=2.434400e-05  [Cuda_Transfer_To_Host_Seconds]=3.505000e-06  [Cuda_Calculation_Time_Seconds]=1.763052e-02  [Sequential_Time_Seconds]=5.523000e-06  [N]=2048  [Blocks]=512  [Threads]=256
[Cuda_Transfer_To_Device_Seconds]=2.490100e-05  [Cuda_Transfer_To_Host_Seconds]=1.049000e-06  [Cuda_Calculation_Time_Seconds]=1.880239e-02  [Sequential_Time_Seconds]=1.196800e-05  [N]=4096  [Blocks]=512  [Threads]=256
[Cuda_Transfer_To_Device_Seconds]=8.575400e-05  [Cuda_Transfer_To_Host_Seconds]=1.005000e-06  [Cuda_Calculation_Time_Seconds]=2.365923e-02  [Sequential_Time_Seconds]=1.037530e-04  [N]=32768  [Blocks]=512  [Threads]=256
[Cuda_Transfer_To_Device_Seconds]=5.033390e-04  [Cuda_Transfer_To_Host_Seconds]=5.467410e-04  [Cuda_Calculation_Time_Seconds]=1.972600e-05  [Sequential_Time_Seconds]=1.012049e-03  [N]=262144  [Blocks]=512  [Threads]=256
[Cuda_Transfer_To_Device_Seconds]=1.487143e-03  [Cuda_Transfer_To_Host_Seconds]=1.685377e-03  [Cuda_Calculation_Time_Seconds]=7.714900e-05  [Sequential_Time_Seconds]=3.492678e-03  [N]=1048576  [Blocks]=512  [Threads]=256
[Cuda_Transfer_To_Device_Seconds]=2.798074e-03  [Cuda_Transfer_To_Host_Seconds]=3.309949e-03  [Cuda_Calculation_Time_Seconds]=8.684610e-04  [Sequential_Time_Seconds]=6.776820e-03  [N]=2097152  [Blocks]=512  [Threads]=256
[Cuda_Transfer_To_Device_Seconds]=5.463345e-03  [Cuda_Transfer_To_Host_Seconds]=6.387820e-03  [Cuda_Calculation_Time_Seconds]=2.588692e-03  [Sequential_Time_Seconds]=1.374467e-02  [N]=4194304  [Blocks]=512  [Threads]=256
[Cuda_Transfer_To_Device_Seconds]=1.071258e-02  [Cuda_Transfer_To_Host_Seconds]=1.258551e-02  [Cuda_Calculation_Time_Seconds]=6.370444e-03  [Sequential_Time_Seconds]=2.746324e-02  [N]=8388608  [Blocks]=512  [Threads]=256
[Cuda_Transfer_To_Device_Seconds]=2.166837e-02  [Cuda_Transfer_To_Host_Seconds]=2.656626e-02  [Cuda_Calculation_Time_Seconds]=1.750008e-02  [Sequential_Time_Seconds]=5.754837e-02  [N]=16777216  [Blocks]=512  [Threads]=256
[Cuda_Transfer_To_Device_Seconds]=4.280982e-02  [Cuda_Transfer_To_Host_Seconds]=5.240556e-02  [Cuda_Calculation_Time_Seconds]=5.511116e-02  [Sequential_Time_Seconds]=1.154377e-01  [N]=33554432  [Blocks]=512  [Threads]=256
[Cuda_Transfer_To_Device_Seconds]=3.466350e-04  [Cuda_Transfer_To_Host_Seconds]=3.320000e-06  [Cuda_Calculation_Time_Seconds]=2.782659e-01  [Sequential_Time_Seconds]=9.200000e-08  [N]=16  [Blocks]=512  [Threads]=1024
[Cuda_Transfer_To_Device_Seconds]=2.034700e-05  [Cuda_Transfer_To_Host_Seconds]=3.610000e-06  [Cuda_Calculation_Time_Seconds]=1.589319e-01  [Sequential_Time_Seconds]=1.720000e-07  [N]=64  [Blocks]=512  [Threads]=1024
[Cuda_Transfer_To_Device_Seconds]=2.077000e-05  [Cuda_Transfer_To_Host_Seconds]=3.277000e-06  [Cuda_Calculation_Time_Seconds]=5.179948e-01  [Sequential_Time_Seconds]=3.090000e-07  [N]=128  [Blocks]=512  [Threads]=1024
[Cuda_Transfer_To_Device_Seconds]=2.480800e-05  [Cuda_Transfer_To_Host_Seconds]=3.075000e-06  [Cuda_Calculation_Time_Seconds]=7.638886e-02  [Sequential_Time_Seconds]=1.278000e-06  [N]=512  [Blocks]=512  [Threads]=1024
[Cuda_Transfer_To_Device_Seconds]=2.210500e-05  [Cuda_Transfer_To_Host_Seconds]=3.215000e-06  [Cuda_Calculation_Time_Seconds]=5.254147e-02  [Sequential_Time_Seconds]=2.241000e-06  [N]=1024  [Blocks]=512  [Threads]=1024
[Cuda_Transfer_To_Device_Seconds]=2.114300e-05  [Cuda_Transfer_To_Host_Seconds]=3.397000e-06  [Cuda_Calculation_Time_Seconds]=5.188741e-01  [Sequential_Time_Seconds]=5.706000e-06  [N]=2048  [Blocks]=512  [Threads]=1024
[Cuda_Transfer_To_Device_Seconds]=2.906300e-05  [Cuda_Transfer_To_Host_Seconds]=3.492000e-06  [Cuda_Calculation_Time_Seconds]=1.247440e-01  [Sequential_Time_Seconds]=1.201600e-05  [N]=4096  [Blocks]=512  [Threads]=1024
[Cuda_Transfer_To_Device_Seconds]=8.657900e-05  [Cuda_Transfer_To_Host_Seconds]=3.256000e-06  [Cuda_Calculation_Time_Seconds]=2.728241e-01  [Sequential_Time_Seconds]=1.067460e-04  [N]=32768  [Blocks]=512  [Threads]=1024
[Cuda_Transfer_To_Device_Seconds]=5.504740e-04  [Cuda_Transfer_To_Host_Seconds]=3.373000e-06  [Cuda_Calculation_Time_Seconds]=6.217246e-02  [Sequential_Time_Seconds]=8.680620e-04  [N]=262144  [Blocks]=512  [Threads]=1024
[Cuda_Transfer_To_Device_Seconds]=1.482414e-03  [Cuda_Transfer_To_Host_Seconds]=1.812254e-03  [Cuda_Calculation_Time_Seconds]=1.142120e-04  [Sequential_Time_Seconds]=3.565206e-03  [N]=1048576  [Blocks]=512  [Threads]=1024
[Cuda_Transfer_To_Device_Seconds]=2.829203e-03  [Cuda_Transfer_To_Host_Seconds]=3.466174e-03  [Cuda_Calculation_Time_Seconds]=1.538190e-04  [Sequential_Time_Seconds]=7.381078e-03  [N]=2097152  [Blocks]=512  [Threads]=1024
[Cuda_Transfer_To_Device_Seconds]=5.687123e-03  [Cuda_Transfer_To_Host_Seconds]=6.714567e-03  [Cuda_Calculation_Time_Seconds]=3.987930e-04  [Sequential_Time_Seconds]=1.438909e-02  [N]=4194304  [Blocks]=512  [Threads]=1024
[Cuda_Transfer_To_Device_Seconds]=1.081869e-02  [Cuda_Transfer_To_Host_Seconds]=1.319925e-02  [Cuda_Calculation_Time_Seconds]=4.503058e-03  [Sequential_Time_Seconds]=2.826948e-02  [N]=8388608  [Blocks]=512  [Threads]=1024
[Cuda_Transfer_To_Device_Seconds]=2.139740e-02  [Cuda_Transfer_To_Host_Seconds]=2.639008e-02  [Cuda_Calculation_Time_Seconds]=1.340095e-02  [Sequential_Time_Seconds]=5.628593e-02  [N]=16777216  [Blocks]=512  [Threads]=1024
[Cuda_Transfer_To_Device_Seconds]=4.268846e-02  [Cuda_Transfer_To_Host_Seconds]=5.178344e-02  [Cuda_Calculation_Time_Seconds]=3.717005e-02  [Sequential_Time_Seconds]=1.168289e-01  [N]=33554432  [Blocks]=512  [Threads]=1024
[Cuda_Transfer_To_Device_Seconds]=2.829780e-04  [Cuda_Transfer_To_Host_Seconds]=1.055700e-05  [Cuda_Calculation_Time_Seconds]=2.671600e-05  [Sequential_Time_Seconds]=6.700000e-08  [N]=16  [Blocks]=2048  [Threads]=1
[Cuda_Transfer_To_Device_Seconds]=2.060400e-05  [Cuda_Transfer_To_Host_Seconds]=3.820000e-06  [Cuda_Calculation_Time_Seconds]=9.487825e-02  [Sequential_Time_Seconds]=1.900000e-07  [N]=64  [Blocks]=2048  [Threads]=1
[Cuda_Transfer_To_Device_Seconds]=1.739800e-05  [Cuda_Transfer_To_Host_Seconds]=3.345000e-06  [Cuda_Calculation_Time_Seconds]=2.088631e-01  [Sequential_Time_Seconds]=3.950000e-07  [N]=128  [Blocks]=2048  [Threads]=1
[Cuda_Transfer_To_Device_Seconds]=2.069200e-05  [Cuda_Transfer_To_Host_Seconds]=3.194000e-06  [Cuda_Calculation_Time_Seconds]=7.847285e-02  [Sequential_Time_Seconds]=1.167000e-06  [N]=512  [Blocks]=2048  [Threads]=1
[Cuda_Transfer_To_Device_Seconds]=1.915700e-05  [Cuda_Transfer_To_Host_Seconds]=3.344000e-06  [Cuda_Calculation_Time_Seconds]=7.381990e-02  [Sequential_Time_Seconds]=2.289000e-06  [N]=1024  [Blocks]=2048  [Threads]=1
[Cuda_Transfer_To_Device_Seconds]=2.355100e-05  [Cuda_Transfer_To_Host_Seconds]=1.434200e-05  [Cuda_Calculation_Time_Seconds]=2.136500e-05  [Sequential_Time_Seconds]=5.564000e-06  [N]=2048  [Blocks]=2048  [Threads]=1
[Cuda_Transfer_To_Device_Seconds]=2.879100e-05  [Cuda_Transfer_To_Host_Seconds]=1.858300e-05  [Cuda_Calculation_Time_Seconds]=1.889700e-05  [Sequential_Time_Seconds]=1.275900e-05  [N]=4096  [Blocks]=2048  [Threads]=1
[Cuda_Transfer_To_Device_Seconds]=8.361600e-05  [Cuda_Transfer_To_Host_Seconds]=8.184500e-05  [Cuda_Calculation_Time_Seconds]=2.503600e-05  [Sequential_Time_Seconds]=1.054400e-04  [N]=32768  [Blocks]=2048  [Threads]=1
[Cuda_Transfer_To_Device_Seconds]=5.125970e-04  [Cuda_Transfer_To_Host_Seconds]=5.790100e-04  [Cuda_Calculation_Time_Seconds]=6.660600e-05  [Sequential_Time_Seconds]=8.949650e-04  [N]=262144  [Blocks]=2048  [Threads]=1
[Cuda_Transfer_To_Device_Seconds]=1.478931e-03  [Cuda_Transfer_To_Host_Seconds]=1.792311e-03  [Cuda_Calculation_Time_Seconds]=2.418150e-04  [Sequential_Time_Seconds]=3.604488e-03  [N]=1048576  [Blocks]=2048  [Threads]=1
[Cuda_Transfer_To_Device_Seconds]=2.805136e-03  [Cuda_Transfer_To_Host_Seconds]=3.377487e-03  [Cuda_Calculation_Time_Seconds]=5.390880e-04  [Sequential_Time_Seconds]=7.493402e-03  [N]=2097152  [Blocks]=2048  [Threads]=1
[Cuda_Transfer_To_Device_Seconds]=5.524494e-03  [Cuda_Transfer_To_Host_Seconds]=6.767578e-03  [Cuda_Calculation_Time_Seconds]=9.974520e-04  [Sequential_Time_Seconds]=1.458392e-02  [N]=4194304  [Blocks]=2048  [Threads]=1
[Cuda_Transfer_To_Device_Seconds]=1.079844e-02  [Cuda_Transfer_To_Host_Seconds]=1.312595e-02  [Cuda_Calculation_Time_Seconds]=2.984298e-03  [Sequential_Time_Seconds]=2.850458e-02  [N]=8388608  [Blocks]=2048  [Threads]=1
[Cuda_Transfer_To_Device_Seconds]=2.188584e-02  [Cuda_Transfer_To_Host_Seconds]=2.636583e-02  [Cuda_Calculation_Time_Seconds]=7.032103e-03  [Sequential_Time_Seconds]=5.728855e-02  [N]=16777216  [Blocks]=2048  [Threads]=1
[Cuda_Transfer_To_Device_Seconds]=4.311847e-02  [Cuda_Transfer_To_Host_Seconds]=5.353340e-02  [Cuda_Calculation_Time_Seconds]=1.813278e-02  [Sequential_Time_Seconds]=1.143187e-01  [N]=33554432  [Blocks]=2048  [Threads]=1
[Cuda_Transfer_To_Device_Seconds]=2.050200e-05  [Cuda_Transfer_To_Host_Seconds]=1.206200e-05  [Cuda_Calculation_Time_Seconds]=3.968800e-05  [Sequential_Time_Seconds]=7.100000e-08  [N]=16  [Blocks]=2048  [Threads]=4
[Cuda_Transfer_To_Device_Seconds]=5.267400e-05  [Cuda_Transfer_To_Host_Seconds]=4.033000e-06  [Cuda_Calculation_Time_Seconds]=5.116489e-01  [Sequential_Time_Seconds]=1.830000e-07  [N]=64  [Blocks]=2048  [Threads]=4
[Cuda_Transfer_To_Device_Seconds]=1.748400e-05  [Cuda_Transfer_To_Host_Seconds]=2.742000e-06  [Cuda_Calculation_Time_Seconds]=4.866424e-01  [Sequential_Time_Seconds]=3.070000e-07  [N]=128  [Blocks]=2048  [Threads]=4
[Cuda_Transfer_To_Device_Seconds]=1.802700e-05  [Cuda_Transfer_To_Host_Seconds]=3.256000e-06  [Cuda_Calculation_Time_Seconds]=1.452504e-01  [Sequential_Time_Seconds]=1.160000e-06  [N]=512  [Blocks]=2048  [Threads]=4
[Cuda_Transfer_To_Device_Seconds]=2.671000e-05  [Cuda_Transfer_To_Host_Seconds]=3.500000e-06  [Cuda_Calculation_Time_Seconds]=5.180798e-01  [Sequential_Time_Seconds]=2.473000e-06  [N]=1024  [Blocks]=2048  [Threads]=4
[Cuda_Transfer_To_Device_Seconds]=2.415900e-05  [Cuda_Transfer_To_Host_Seconds]=3.266000e-06  [Cuda_Calculation_Time_Seconds]=2.758630e-02  [Sequential_Time_Seconds]=5.640000e-06  [N]=2048  [Blocks]=2048  [Threads]=4
[Cuda_Transfer_To_Device_Seconds]=2.897300e-05  [Cuda_Transfer_To_Host_Seconds]=2.146000e-06  [Cuda_Calculation_Time_Seconds]=2.053025e-02  [Sequential_Time_Seconds]=1.217200e-05  [N]=4096  [Blocks]=2048  [Threads]=4
[Cuda_Transfer_To_Device_Seconds]=8.698300e-05  [Cuda_Transfer_To_Host_Seconds]=8.014000e-05  [Cuda_Calculation_Time_Seconds]=1.983100e-05  [Sequential_Time_Seconds]=1.094430e-04  [N]=32768  [Blocks]=2048  [Threads]=4
[Cuda_Transfer_To_Device_Seconds]=4.926230e-04  [Cuda_Transfer_To_Host_Seconds]=5.718520e-04  [Cuda_Calculation_Time_Seconds]=5.093000e-05  [Sequential_Time_Seconds]=8.731330e-04  [N]=262144  [Blocks]=2048  [Threads]=4
[Cuda_Transfer_To_Device_Seconds]=1.524149e-03  [Cuda_Transfer_To_Host_Seconds]=1.910333e-03  [Cuda_Calculation_Time_Seconds]=1.961460e-04  [Sequential_Time_Seconds]=3.641426e-03  [N]=1048576  [Blocks]=2048  [Threads]=4
[Cuda_Transfer_To_Device_Seconds]=2.836384e-03  [Cuda_Transfer_To_Host_Seconds]=3.502639e-03  [Cuda_Calculation_Time_Seconds]=6.283830e-04  [Sequential_Time_Seconds]=7.423882e-03  [N]=2097152  [Blocks]=2048  [Threads]=4
[Cuda_Transfer_To_Device_Seconds]=5.632047e-03  [Cuda_Transfer_To_Host_Seconds]=6.744326e-03  [Cuda_Calculation_Time_Seconds]=5.853470e-04  [Sequential_Time_Seconds]=1.604982e-02  [N]=4194304  [Blocks]=2048  [Threads]=4
[Cuda_Transfer_To_Device_Seconds]=1.116944e-02  [Cuda_Transfer_To_Host_Seconds]=1.329409e-02  [Cuda_Calculation_Time_Seconds]=1.499176e-03  [Sequential_Time_Seconds]=2.894510e-02  [N]=8388608  [Blocks]=2048  [Threads]=4
[Cuda_Transfer_To_Device_Seconds]=2.140812e-02  [Cuda_Transfer_To_Host_Seconds]=2.621567e-02  [Cuda_Calculation_Time_Seconds]=3.916619e-03  [Sequential_Time_Seconds]=5.770135e-02  [N]=16777216  [Blocks]=2048  [Threads]=4
[Cuda_Transfer_To_Device_Seconds]=4.305196e-02  [Cuda_Transfer_To_Host_Seconds]=5.254282e-02  [Cuda_Calculation_Time_Seconds]=9.096544e-03  [Sequential_Time_Seconds]=1.264598e-01  [N]=33554432  [Blocks]=2048  [Threads]=4
[Cuda_Transfer_To_Device_Seconds]=1.841000e-05  [Cuda_Transfer_To_Host_Seconds]=3.547000e-06  [Cuda_Calculation_Time_Seconds]=4.925362e-01  [Sequential_Time_Seconds]=7.600000e-08  [N]=16  [Blocks]=2048  [Threads]=16
[Cuda_Transfer_To_Device_Seconds]=1.739600e-05  [Cuda_Transfer_To_Host_Seconds]=3.383000e-06  [Cuda_Calculation_Time_Seconds]=5.170289e-01  [Sequential_Time_Seconds]=1.770000e-07  [N]=64  [Blocks]=2048  [Threads]=16
[Cuda_Transfer_To_Device_Seconds]=2.091600e-05  [Cuda_Transfer_To_Host_Seconds]=3.038000e-06  [Cuda_Calculation_Time_Seconds]=1.386182e-01  [Sequential_Time_Seconds]=3.190000e-07  [N]=128  [Blocks]=2048  [Threads]=16
[Cuda_Transfer_To_Device_Seconds]=2.044900e-05  [Cuda_Transfer_To_Host_Seconds]=3.433000e-06  [Cuda_Calculation_Time_Seconds]=5.165866e-01  [Sequential_Time_Seconds]=1.240000e-06  [N]=512  [Blocks]=2048  [Threads]=16
[Cuda_Transfer_To_Device_Seconds]=2.191300e-05  [Cuda_Transfer_To_Host_Seconds]=3.340000e-06  [Cuda_Calculation_Time_Seconds]=5.187764e-01  [Sequential_Time_Seconds]=2.316000e-06  [N]=1024  [Blocks]=2048  [Threads]=16
[Cuda_Transfer_To_Device_Seconds]=2.036000e-05  [Cuda_Transfer_To_Host_Seconds]=8.070000e-07  [Cuda_Calculation_Time_Seconds]=2.003844e-02  [Sequential_Time_Seconds]=5.438000e-06  [N]=2048  [Blocks]=2048  [Threads]=16
[Cuda_Transfer_To_Device_Seconds]=2.776600e-05  [Cuda_Transfer_To_Host_Seconds]=1.078000e-06  [Cuda_Calculation_Time_Seconds]=1.894680e-02  [Sequential_Time_Seconds]=1.139800e-05  [N]=4096  [Blocks]=2048  [Threads]=16
[Cuda_Transfer_To_Device_Seconds]=8.862100e-05  [Cuda_Transfer_To_Host_Seconds]=7.908900e-05  [Cuda_Calculation_Time_Seconds]=1.920800e-05  [Sequential_Time_Seconds]=1.038160e-04  [N]=32768  [Blocks]=2048  [Threads]=16
[Cuda_Transfer_To_Device_Seconds]=5.091740e-04  [Cuda_Transfer_To_Host_Seconds]=5.562400e-04  [Cuda_Calculation_Time_Seconds]=2.775800e-05  [Sequential_Time_Seconds]=8.728280e-04  [N]=262144  [Blocks]=2048  [Threads]=16
[Cuda_Transfer_To_Device_Seconds]=1.535815e-03  [Cuda_Transfer_To_Host_Seconds]=1.721969e-03  [Cuda_Calculation_Time_Seconds]=1.380560e-04  [Sequential_Time_Seconds]=3.531520e-03  [N]=1048576  [Blocks]=2048  [Threads]=16
[Cuda_Transfer_To_Device_Seconds]=2.797738e-03  [Cuda_Transfer_To_Host_Seconds]=3.327984e-03  [Cuda_Calculation_Time_Seconds]=2.516540e-04  [Sequential_Time_Seconds]=6.871637e-03  [N]=2097152  [Blocks]=2048  [Threads]=16
[Cuda_Transfer_To_Device_Seconds]=5.495566e-03  [Cuda_Transfer_To_Host_Seconds]=6.462334e-03  [Cuda_Calculation_Time_Seconds]=7.161980e-04  [Sequential_Time_Seconds]=1.442387e-02  [N]=4194304  [Blocks]=2048  [Threads]=16
[Cuda_Transfer_To_Device_Seconds]=1.072738e-02  [Cuda_Transfer_To_Host_Seconds]=1.279815e-02  [Cuda_Calculation_Time_Seconds]=1.843684e-03  [Sequential_Time_Seconds]=2.749999e-02  [N]=8388608  [Blocks]=2048  [Threads]=16
[Cuda_Transfer_To_Device_Seconds]=2.148340e-02  [Cuda_Transfer_To_Host_Seconds]=2.493726e-02  [Cuda_Calculation_Time_Seconds]=3.640898e-03  [Sequential_Time_Seconds]=5.575326e-02  [N]=16777216  [Blocks]=2048  [Threads]=16
[Cuda_Transfer_To_Device_Seconds]=4.227080e-02  [Cuda_Transfer_To_Host_Seconds]=5.005268e-02  [Cuda_Calculation_Time_Seconds]=1.276400e-02  [Sequential_Time_Seconds]=1.087279e-01  [N]=33554432  [Blocks]=2048  [Threads]=16
[Cuda_Transfer_To_Device_Seconds]=2.283600e-05  [Cuda_Transfer_To_Host_Seconds]=1.160000e-06  [Cuda_Calculation_Time_Seconds]=2.421245e-02  [Sequential_Time_Seconds]=6.900000e-08  [N]=16  [Blocks]=2048  [Threads]=64
[Cuda_Transfer_To_Device_Seconds]=2.107900e-05  [Cuda_Transfer_To_Host_Seconds]=1.206000e-06  [Cuda_Calculation_Time_Seconds]=2.174975e-02  [Sequential_Time_Seconds]=1.690000e-07  [N]=64  [Blocks]=2048  [Threads]=64
[Cuda_Transfer_To_Device_Seconds]=2.121200e-05  [Cuda_Transfer_To_Host_Seconds]=9.030000e-07  [Cuda_Calculation_Time_Seconds]=2.174042e-02  [Sequential_Time_Seconds]=3.120000e-07  [N]=128  [Blocks]=2048  [Threads]=64
[Cuda_Transfer_To_Device_Seconds]=2.000600e-05  [Cuda_Transfer_To_Host_Seconds]=1.231000e-06  [Cuda_Calculation_Time_Seconds]=2.183432e-02  [Sequential_Time_Seconds]=1.122000e-06  [N]=512  [Blocks]=2048  [Threads]=64
[Cuda_Transfer_To_Device_Seconds]=2.281900e-05  [Cuda_Transfer_To_Host_Seconds]=1.116000e-06  [Cuda_Calculation_Time_Seconds]=2.326955e-02  [Sequential_Time_Seconds]=2.316000e-06  [N]=1024  [Blocks]=2048  [Threads]=64
[Cuda_Transfer_To_Device_Seconds]=2.521800e-05  [Cuda_Transfer_To_Host_Seconds]=2.387000e-06  [Cuda_Calculation_Time_Seconds]=3.130776e-01  [Sequential_Time_Seconds]=5.526000e-06  [N]=2048  [Blocks]=2048  [Threads]=64
[Cuda_Transfer_To_Device_Seconds]=2.571200e-05  [Cuda_Transfer_To_Host_Seconds]=2.975000e-06  [Cuda_Calculation_Time_Seconds]=3.897638e-02  [Sequential_Time_Seconds]=1.180700e-05  [N]=4096  [Blocks]=2048  [Threads]=64
[Cuda_Transfer_To_Device_Seconds]=8.744900e-05  [Cuda_Transfer_To_Host_Seconds]=3.206000e-06  [Cuda_Calculation_Time_Seconds]=5.253432e-01  [Sequential_Time_Seconds]=1.170700e-04  [N]=32768  [Blocks]=2048  [Threads]=64
[Cuda_Transfer_To_Device_Seconds]=5.755020e-04  [Cuda_Transfer_To_Host_Seconds]=5.695530e-04  [Cuda_Calculation_Time_Seconds]=2.135200e-05  [Sequential_Time_Seconds]=8.962080e-04  [N]=262144  [Blocks]=2048  [Threads]=64
[Cuda_Transfer_To_Device_Seconds]=1.484189e-03  [Cuda_Transfer_To_Host_Seconds]=1.738121e-03  [Cuda_Calculation_Time_Seconds]=7.868200e-05  [Sequential_Time_Seconds]=3.511308e-03  [N]=1048576  [Blocks]=2048  [Threads]=64
[Cuda_Transfer_To_Device_Seconds]=2.798353e-03  [Cuda_Transfer_To_Host_Seconds]=3.286108e-03  [Cuda_Calculation_Time_Seconds]=8.826070e-04  [Sequential_Time_Seconds]=6.930163e-03  [N]=2097152  [Blocks]=2048  [Threads]=64
[Cuda_Transfer_To_Device_Seconds]=5.524679e-03  [Cuda_Transfer_To_Host_Seconds]=6.471820e-03  [Cuda_Calculation_Time_Seconds]=2.515898e-03  [Sequential_Time_Seconds]=1.414731e-02  [N]=4194304  [Blocks]=2048  [Threads]=64
[Cuda_Transfer_To_Device_Seconds]=1.076147e-02  [Cuda_Transfer_To_Host_Seconds]=1.252213e-02  [Cuda_Calculation_Time_Seconds]=5.945915e-03  [Sequential_Time_Seconds]=2.772252e-02  [N]=8388608  [Blocks]=2048  [Threads]=64
[Cuda_Transfer_To_Device_Seconds]=2.126917e-02  [Cuda_Transfer_To_Host_Seconds]=2.604594e-02  [Cuda_Calculation_Time_Seconds]=1.381636e-02  [Sequential_Time_Seconds]=5.812590e-02  [N]=16777216  [Blocks]=2048  [Threads]=64
[Cuda_Transfer_To_Device_Seconds]=4.599698e-02  [Cuda_Transfer_To_Host_Seconds]=5.460136e-02  [Cuda_Calculation_Time_Seconds]=4.306184e-02  [Sequential_Time_Seconds]=1.155610e-01  [N]=33554432  [Blocks]=2048  [Threads]=64
[Cuda_Transfer_To_Device_Seconds]=2.103700e-05  [Cuda_Transfer_To_Host_Seconds]=3.585000e-06  [Cuda_Calculation_Time_Seconds]=4.033805e-01  [Sequential_Time_Seconds]=1.170000e-07  [N]=16  [Blocks]=2048  [Threads]=256
[Cuda_Transfer_To_Device_Seconds]=1.714500e-05  [Cuda_Transfer_To_Host_Seconds]=4.310000e-06  [Cuda_Calculation_Time_Seconds]=5.220764e-01  [Sequential_Time_Seconds]=1.820000e-07  [N]=64  [Blocks]=2048  [Threads]=256
[Cuda_Transfer_To_Device_Seconds]=1.726300e-05  [Cuda_Transfer_To_Host_Seconds]=1.076000e-06  [Cuda_Calculation_Time_Seconds]=4.189965e-02  [Sequential_Time_Seconds]=3.300000e-07  [N]=128  [Blocks]=2048  [Threads]=256
[Cuda_Transfer_To_Device_Seconds]=1.777600e-05  [Cuda_Transfer_To_Host_Seconds]=4.521000e-06  [Cuda_Calculation_Time_Seconds]=5.157615e-01  [Sequential_Time_Seconds]=1.196000e-06  [N]=512  [Blocks]=2048  [Threads]=256
[Cuda_Transfer_To_Device_Seconds]=1.832400e-05  [Cuda_Transfer_To_Host_Seconds]=3.733000e-06  [Cuda_Calculation_Time_Seconds]=5.188419e-01  [Sequential_Time_Seconds]=2.323000e-06  [N]=1024  [Blocks]=2048  [Threads]=256
[Cuda_Transfer_To_Device_Seconds]=2.105400e-05  [Cuda_Transfer_To_Host_Seconds]=4.023000e-06  [Cuda_Calculation_Time_Seconds]=5.202717e-01  [Sequential_Time_Seconds]=5.764000e-06  [N]=2048  [Blocks]=2048  [Threads]=256
[Cuda_Transfer_To_Device_Seconds]=2.664400e-05  [Cuda_Transfer_To_Host_Seconds]=3.054000e-06  [Cuda_Calculation_Time_Seconds]=4.997230e-02  [Sequential_Time_Seconds]=1.207500e-05  [N]=4096  [Blocks]=2048  [Threads]=256
[Cuda_Transfer_To_Device_Seconds]=8.470500e-05  [Cuda_Transfer_To_Host_Seconds]=3.287000e-06  [Cuda_Calculation_Time_Seconds]=5.160555e-01  [Sequential_Time_Seconds]=1.083860e-04  [N]=32768  [Blocks]=2048  [Threads]=256
[Cuda_Transfer_To_Device_Seconds]=5.051980e-04  [Cuda_Transfer_To_Host_Seconds]=3.626000e-06  [Cuda_Calculation_Time_Seconds]=2.728235e-02  [Sequential_Time_Seconds]=8.570180e-04  [N]=262144  [Blocks]=2048  [Threads]=256
[Cuda_Transfer_To_Device_Seconds]=1.522282e-03  [Cuda_Transfer_To_Host_Seconds]=1.694321e-03  [Cuda_Calculation_Time_Seconds]=4.747400e-05  [Sequential_Time_Seconds]=3.580863e-03  [N]=1048576  [Blocks]=2048  [Threads]=256
[Cuda_Transfer_To_Device_Seconds]=3.000794e-03  [Cuda_Transfer_To_Host_Seconds]=3.403571e-03  [Cuda_Calculation_Time_Seconds]=2.050550e-04  [Sequential_Time_Seconds]=6.968386e-03  [N]=2097152  [Blocks]=2048  [Threads]=256
[Cuda_Transfer_To_Device_Seconds]=5.418021e-03  [Cuda_Transfer_To_Host_Seconds]=6.597112e-03  [Cuda_Calculation_Time_Seconds]=2.691440e-04  [Sequential_Time_Seconds]=1.482512e-02  [N]=4194304  [Blocks]=2048  [Threads]=256
[Cuda_Transfer_To_Device_Seconds]=1.075201e-02  [Cuda_Transfer_To_Host_Seconds]=1.231189e-02  [Cuda_Calculation_Time_Seconds]=3.487598e-03  [Sequential_Time_Seconds]=2.689100e-02  [N]=8388608  [Blocks]=2048  [Threads]=256
[Cuda_Transfer_To_Device_Seconds]=2.386842e-02  [Cuda_Transfer_To_Host_Seconds]=2.547932e-02  [Cuda_Calculation_Time_Seconds]=1.023708e-02  [Sequential_Time_Seconds]=5.319321e-02  [N]=16777216  [Blocks]=2048  [Threads]=256
[Cuda_Transfer_To_Device_Seconds]=4.296532e-02  [Cuda_Transfer_To_Host_Seconds]=5.084921e-02  [Cuda_Calculation_Time_Seconds]=2.572325e-02  [Sequential_Time_Seconds]=1.127801e-01  [N]=33554432  [Blocks]=2048  [Threads]=256
[Cuda_Transfer_To_Device_Seconds]=1.927800e-05  [Cuda_Transfer_To_Host_Seconds]=1.061000e-06  [Cuda_Calculation_Time_Seconds]=2.081956e-02  [Sequential_Time_Seconds]=7.900000e-08  [N]=16  [Blocks]=2048  [Threads]=1024
[Cuda_Transfer_To_Device_Seconds]=2.294100e-05  [Cuda_Transfer_To_Host_Seconds]=3.205000e-06  [Cuda_Calculation_Time_Seconds]=2.285569e-02  [Sequential_Time_Seconds]=1.640000e-07  [N]=64  [Blocks]=2048  [Threads]=1024
[Cuda_Transfer_To_Device_Seconds]=2.143100e-05  [Cuda_Transfer_To_Host_Seconds]=1.042000e-06  [Cuda_Calculation_Time_Seconds]=1.564477e-02  [Sequential_Time_Seconds]=3.390000e-07  [N]=128  [Blocks]=2048  [Threads]=1024
[Cuda_Transfer_To_Device_Seconds]=1.971300e-05  [Cuda_Transfer_To_Host_Seconds]=1.058000e-06  [Cuda_Calculation_Time_Seconds]=1.903342e-02  [Sequential_Time_Seconds]=1.199000e-06  [N]=512  [Blocks]=2048  [Threads]=1024
[Cuda_Transfer_To_Device_Seconds]=2.367200e-05  [Cuda_Transfer_To_Host_Seconds]=1.015000e-06  [Cuda_Calculation_Time_Seconds]=2.239025e-02  [Sequential_Time_Seconds]=2.354000e-06  [N]=1024  [Blocks]=2048  [Threads]=1024
[Cuda_Transfer_To_Device_Seconds]=2.358400e-05  [Cuda_Transfer_To_Host_Seconds]=2.845000e-06  [Cuda_Calculation_Time_Seconds]=5.283307e-01  [Sequential_Time_Seconds]=5.618000e-06  [N]=2048  [Blocks]=2048  [Threads]=1024
[Cuda_Transfer_To_Device_Seconds]=2.489300e-05  [Cuda_Transfer_To_Host_Seconds]=3.083000e-06  [Cuda_Calculation_Time_Seconds]=5.316363e-01  [Sequential_Time_Seconds]=1.168000e-05  [N]=4096  [Blocks]=2048  [Threads]=1024
[Cuda_Transfer_To_Device_Seconds]=8.839200e-05  [Cuda_Transfer_To_Host_Seconds]=3.067000e-06  [Cuda_Calculation_Time_Seconds]=4.728961e-01  [Sequential_Time_Seconds]=1.074110e-04  [N]=32768  [Blocks]=2048  [Threads]=1024
[Cuda_Transfer_To_Device_Seconds]=5.058400e-04  [Cuda_Transfer_To_Host_Seconds]=1.076000e-06  [Cuda_Calculation_Time_Seconds]=2.541006e-02  [Sequential_Time_Seconds]=9.777680e-04  [N]=262144  [Blocks]=2048  [Threads]=1024
[Cuda_Transfer_To_Device_Seconds]=1.577037e-03  [Cuda_Transfer_To_Host_Seconds]=3.351000e-06  [Cuda_Calculation_Time_Seconds]=5.218086e-01  [Sequential_Time_Seconds]=3.504310e-03  [N]=1048576  [Blocks]=2048  [Threads]=1024
[Cuda_Transfer_To_Device_Seconds]=2.833244e-03  [Cuda_Transfer_To_Host_Seconds]=3.432157e-03  [Cuda_Calculation_Time_Seconds]=8.398300e-05  [Sequential_Time_Seconds]=6.838200e-03  [N]=2097152  [Blocks]=2048  [Threads]=1024
[Cuda_Transfer_To_Device_Seconds]=5.471293e-03  [Cuda_Transfer_To_Host_Seconds]=6.430315e-03  [Cuda_Calculation_Time_Seconds]=1.577830e-04  [Sequential_Time_Seconds]=1.360200e-02  [N]=4194304  [Blocks]=2048  [Threads]=1024
[Cuda_Transfer_To_Device_Seconds]=1.076299e-02  [Cuda_Transfer_To_Host_Seconds]=1.274804e-02  [Cuda_Calculation_Time_Seconds]=3.175310e-04  [Sequential_Time_Seconds]=2.754248e-02  [N]=8388608  [Blocks]=2048  [Threads]=1024
[Cuda_Transfer_To_Device_Seconds]=2.133529e-02  [Cuda_Transfer_To_Host_Seconds]=2.532458e-02  [Cuda_Calculation_Time_Seconds]=1.276576e-03  [Sequential_Time_Seconds]=5.417438e-02  [N]=16777216  [Blocks]=2048  [Threads]=1024
[Cuda_Transfer_To_Device_Seconds]=4.240417e-02  [Cuda_Transfer_To_Host_Seconds]=5.183317e-02  [Cuda_Calculation_Time_Seconds]=1.801379e-02  [Sequential_Time_Seconds]=1.089455e-01  [N]=33554432  [Blocks]=2048  [Threads]=1024
[Cuda_Transfer_To_Device_Seconds]=1.839800e-05  [Cuda_Transfer_To_Host_Seconds]=1.141300e-05  [Cuda_Calculation_Time_Seconds]=6.621300e-05  [Sequential_Time_Seconds]=7.100000e-08  [N]=16  [Blocks]=8192  [Threads]=1
[Cuda_Transfer_To_Device_Seconds]=1.814800e-05  [Cuda_Transfer_To_Host_Seconds]=9.360000e-07  [Cuda_Calculation_Time_Seconds]=1.020384e-02  [Sequential_Time_Seconds]=1.760000e-07  [N]=64  [Blocks]=8192  [Threads]=1
[Cuda_Transfer_To_Device_Seconds]=1.795800e-05  [Cuda_Transfer_To_Host_Seconds]=3.289000e-06  [Cuda_Calculation_Time_Seconds]=5.358149e-01  [Sequential_Time_Seconds]=3.040000e-07  [N]=128  [Blocks]=8192  [Threads]=1
[Cuda_Transfer_To_Device_Seconds]=2.139800e-05  [Cuda_Transfer_To_Host_Seconds]=1.007000e-06  [Cuda_Calculation_Time_Seconds]=2.012321e-02  [Sequential_Time_Seconds]=1.167000e-06  [N]=512  [Blocks]=8192  [Threads]=1
[Cuda_Transfer_To_Device_Seconds]=2.214900e-05  [Cuda_Transfer_To_Host_Seconds]=1.961100e-05  [Cuda_Calculation_Time_Seconds]=1.714848e-02  [Sequential_Time_Seconds]=2.254000e-06  [N]=1024  [Blocks]=8192  [Threads]=1
[Cuda_Transfer_To_Device_Seconds]=2.097200e-05  [Cuda_Transfer_To_Host_Seconds]=2.816000e-06  [Cuda_Calculation_Time_Seconds]=1.849361e-02  [Sequential_Time_Seconds]=5.443000e-06  [N]=2048  [Blocks]=8192  [Threads]=1
[Cuda_Transfer_To_Device_Seconds]=2.481500e-05  [Cuda_Transfer_To_Host_Seconds]=3.238000e-06  [Cuda_Calculation_Time_Seconds]=5.201365e-01  [Sequential_Time_Seconds]=1.211600e-05  [N]=4096  [Blocks]=8192  [Threads]=1
[Cuda_Transfer_To_Device_Seconds]=8.264800e-05  [Cuda_Transfer_To_Host_Seconds]=7.707700e-05  [Cuda_Calculation_Time_Seconds]=2.801600e-05  [Sequential_Time_Seconds]=1.009370e-04  [N]=32768  [Blocks]=8192  [Threads]=1
[Cuda_Transfer_To_Device_Seconds]=5.044260e-04  [Cuda_Transfer_To_Host_Seconds]=5.497530e-04  [Cuda_Calculation_Time_Seconds]=6.504500e-05  [Sequential_Time_Seconds]=8.533150e-04  [N]=262144  [Blocks]=8192  [Threads]=1
[Cuda_Transfer_To_Device_Seconds]=1.474324e-03  [Cuda_Transfer_To_Host_Seconds]=2.250866e-03  [Cuda_Calculation_Time_Seconds]=2.465140e-04  [Sequential_Time_Seconds]=3.375543e-03  [N]=1048576  [Blocks]=8192  [Threads]=1
[Cuda_Transfer_To_Device_Seconds]=2.831659e-03  [Cuda_Transfer_To_Host_Seconds]=3.334965e-03  [Cuda_Calculation_Time_Seconds]=4.489960e-04  [Sequential_Time_Seconds]=6.733132e-03  [N]=2097152  [Blocks]=8192  [Threads]=1
[Cuda_Transfer_To_Device_Seconds]=5.460168e-03  [Cuda_Transfer_To_Host_Seconds]=6.422620e-03  [Cuda_Calculation_Time_Seconds]=8.686080e-04  [Sequential_Time_Seconds]=1.428857e-02  [N]=4194304  [Blocks]=8192  [Threads]=1
[Cuda_Transfer_To_Device_Seconds]=1.076337e-02  [Cuda_Transfer_To_Host_Seconds]=1.262187e-02  [Cuda_Calculation_Time_Seconds]=1.735547e-03  [Sequential_Time_Seconds]=2.791794e-02  [N]=8388608  [Blocks]=8192  [Threads]=1
[Cuda_Transfer_To_Device_Seconds]=3.012807e-02  [Cuda_Transfer_To_Host_Seconds]=4.542717e-02  [Cuda_Calculation_Time_Seconds]=6.091078e-03  [Sequential_Time_Seconds]=5.428773e-02  [N]=16777216  [Blocks]=8192  [Threads]=1
[Cuda_Transfer_To_Device_Seconds]=4.241699e-02  [Cuda_Transfer_To_Host_Seconds]=5.050983e-02  [Cuda_Calculation_Time_Seconds]=1.205480e-02  [Sequential_Time_Seconds]=1.091402e-01  [N]=33554432  [Blocks]=8192  [Threads]=1
[Cuda_Transfer_To_Device_Seconds]=1.940300e-05  [Cuda_Transfer_To_Host_Seconds]=1.098000e-06  [Cuda_Calculation_Time_Seconds]=1.248887e-02  [Sequential_Time_Seconds]=6.400000e-08  [N]=16  [Blocks]=8192  [Threads]=4
[Cuda_Transfer_To_Device_Seconds]=1.927700e-05  [Cuda_Transfer_To_Host_Seconds]=8.480000e-07  [Cuda_Calculation_Time_Seconds]=2.320866e-02  [Sequential_Time_Seconds]=1.770000e-07  [N]=64  [Blocks]=8192  [Threads]=4
[Cuda_Transfer_To_Device_Seconds]=1.889000e-05  [Cuda_Transfer_To_Host_Seconds]=3.335000e-06  [Cuda_Calculation_Time_Seconds]=4.483142e-02  [Sequential_Time_Seconds]=3.300000e-07  [N]=128  [Blocks]=8192  [Threads]=4
[Cuda_Transfer_To_Device_Seconds]=2.339500e-05  [Cuda_Transfer_To_Host_Seconds]=1.483000e-06  [Cuda_Calculation_Time_Seconds]=2.176341e-02  [Sequential_Time_Seconds]=1.214000e-06  [N]=512  [Blocks]=8192  [Threads]=4
[Cuda_Transfer_To_Device_Seconds]=2.023400e-05  [Cuda_Transfer_To_Host_Seconds]=2.981000e-06  [Cuda_Calculation_Time_Seconds]=5.269452e-01  [Sequential_Time_Seconds]=2.322000e-06  [N]=1024  [Blocks]=8192  [Threads]=4
[Cuda_Transfer_To_Device_Seconds]=2.444600e-05  [Cuda_Transfer_To_Host_Seconds]=3.661000e-06  [Cuda_Calculation_Time_Seconds]=5.177295e-01  [Sequential_Time_Seconds]=5.410000e-06  [N]=2048  [Blocks]=8192  [Threads]=4
[Cuda_Transfer_To_Device_Seconds]=2.723400e-05  [Cuda_Transfer_To_Host_Seconds]=3.243000e-06  [Cuda_Calculation_Time_Seconds]=5.170580e-01  [Sequential_Time_Seconds]=1.242600e-05  [N]=4096  [Blocks]=8192  [Threads]=4
[Cuda_Transfer_To_Device_Seconds]=8.776200e-05  [Cuda_Transfer_To_Host_Seconds]=8.044500e-05  [Cuda_Calculation_Time_Seconds]=2.627600e-05  [Sequential_Time_Seconds]=1.082970e-04  [N]=32768  [Blocks]=8192  [Threads]=4
[Cuda_Transfer_To_Device_Seconds]=4.974120e-04  [Cuda_Transfer_To_Host_Seconds]=5.489460e-04  [Cuda_Calculation_Time_Seconds]=3.565200e-05  [Sequential_Time_Seconds]=8.699540e-04  [N]=262144  [Blocks]=8192  [Threads]=4
[Cuda_Transfer_To_Device_Seconds]=1.548315e-03  [Cuda_Transfer_To_Host_Seconds]=1.729397e-03  [Cuda_Calculation_Time_Seconds]=1.307920e-04  [Sequential_Time_Seconds]=4.266465e-03  [N]=1048576  [Blocks]=8192  [Threads]=4
[Cuda_Transfer_To_Device_Seconds]=3.213440e-03  [Cuda_Transfer_To_Host_Seconds]=3.422500e-03  [Cuda_Calculation_Time_Seconds]=3.052590e-04  [Sequential_Time_Seconds]=7.026885e-03  [N]=2097152  [Blocks]=8192  [Threads]=4
[Cuda_Transfer_To_Device_Seconds]=5.420098e-03  [Cuda_Transfer_To_Host_Seconds]=6.723621e-03  [Cuda_Calculation_Time_Seconds]=4.795050e-04  [Sequential_Time_Seconds]=1.444567e-02  [N]=4194304  [Blocks]=8192  [Threads]=4
[Cuda_Transfer_To_Device_Seconds]=1.721391e-02  [Cuda_Transfer_To_Host_Seconds]=1.293068e-02  [Cuda_Calculation_Time_Seconds]=1.771564e-03  [Sequential_Time_Seconds]=2.856918e-02  [N]=8388608  [Blocks]=8192  [Threads]=4
[Cuda_Transfer_To_Device_Seconds]=2.327432e-02  [Cuda_Transfer_To_Host_Seconds]=2.539177e-02  [Cuda_Calculation_Time_Seconds]=4.829126e-03  [Sequential_Time_Seconds]=5.404510e-02  [N]=16777216  [Blocks]=8192  [Threads]=4
[Cuda_Transfer_To_Device_Seconds]=4.235702e-02  [Cuda_Transfer_To_Host_Seconds]=4.954139e-02  [Cuda_Calculation_Time_Seconds]=6.977489e-03  [Sequential_Time_Seconds]=1.128188e-01  [N]=33554432  [Blocks]=8192  [Threads]=4
[Cuda_Transfer_To_Device_Seconds]=2.242400e-05  [Cuda_Transfer_To_Host_Seconds]=1.324000e-06  [Cuda_Calculation_Time_Seconds]=2.275398e-02  [Sequential_Time_Seconds]=6.600000e-08  [N]=16  [Blocks]=8192  [Threads]=16
[Cuda_Transfer_To_Device_Seconds]=2.309700e-05  [Cuda_Transfer_To_Host_Seconds]=3.510000e-06  [Cuda_Calculation_Time_Seconds]=5.204739e-01  [Sequential_Time_Seconds]=1.530000e-07  [N]=64  [Blocks]=8192  [Threads]=16
[Cuda_Transfer_To_Device_Seconds]=2.205700e-05  [Cuda_Transfer_To_Host_Seconds]=3.780000e-06  [Cuda_Calculation_Time_Seconds]=5.200880e-01  [Sequential_Time_Seconds]=3.130000e-07  [N]=128  [Blocks]=8192  [Threads]=16
[Cuda_Transfer_To_Device_Seconds]=2.166300e-05  [Cuda_Transfer_To_Host_Seconds]=4.405000e-06  [Cuda_Calculation_Time_Seconds]=5.217597e-01  [Sequential_Time_Seconds]=1.163000e-06  [N]=512  [Blocks]=8192  [Threads]=16
[Cuda_Transfer_To_Device_Seconds]=1.689900e-05  [Cuda_Transfer_To_Host_Seconds]=3.173000e-06  [Cuda_Calculation_Time_Seconds]=5.235911e-01  [Sequential_Time_Seconds]=2.356000e-06  [N]=1024  [Blocks]=8192  [Threads]=16
[Cuda_Transfer_To_Device_Seconds]=2.402300e-05  [Cuda_Transfer_To_Host_Seconds]=1.171000e-06  [Cuda_Calculation_Time_Seconds]=2.019308e-02  [Sequential_Time_Seconds]=5.319000e-06  [N]=2048  [Blocks]=8192  [Threads]=16
[Cuda_Transfer_To_Device_Seconds]=2.446600e-05  [Cuda_Transfer_To_Host_Seconds]=3.722000e-06  [Cuda_Calculation_Time_Seconds]=5.213159e-01  [Sequential_Time_Seconds]=1.177100e-05  [N]=4096  [Blocks]=8192  [Threads]=16
[Cuda_Transfer_To_Device_Seconds]=8.514300e-05  [Cuda_Transfer_To_Host_Seconds]=3.095000e-06  [Cuda_Calculation_Time_Seconds]=2.790645e-02  [Sequential_Time_Seconds]=1.538300e-04  [N]=32768  [Blocks]=8192  [Threads]=16
[Cuda_Transfer_To_Device_Seconds]=7.529910e-04  [Cuda_Transfer_To_Host_Seconds]=7.741130e-04  [Cuda_Calculation_Time_Seconds]=3.668100e-05  [Sequential_Time_Seconds]=8.822440e-04  [N]=262144  [Blocks]=8192  [Threads]=16
[Cuda_Transfer_To_Device_Seconds]=1.688973e-03  [Cuda_Transfer_To_Host_Seconds]=2.525609e-03  [Cuda_Calculation_Time_Seconds]=6.592500e-05  [Sequential_Time_Seconds]=3.398591e-03  [N]=1048576  [Blocks]=8192  [Threads]=16
[Cuda_Transfer_To_Device_Seconds]=2.800369e-03  [Cuda_Transfer_To_Host_Seconds]=3.297016e-03  [Cuda_Calculation_Time_Seconds]=1.473760e-04  [Sequential_Time_Seconds]=6.886954e-03  [N]=2097152  [Blocks]=8192  [Threads]=16
[Cuda_Transfer_To_Device_Seconds]=5.421627e-03  [Cuda_Transfer_To_Host_Seconds]=6.464983e-03  [Cuda_Calculation_Time_Seconds]=4.916100e-04  [Sequential_Time_Seconds]=1.348194e-02  [N]=4194304  [Blocks]=8192  [Threads]=16
[Cuda_Transfer_To_Device_Seconds]=1.074973e-02  [Cuda_Transfer_To_Host_Seconds]=1.272363e-02  [Cuda_Calculation_Time_Seconds]=9.471100e-04  [Sequential_Time_Seconds]=2.798184e-02  [N]=8388608  [Blocks]=8192  [Threads]=16
[Cuda_Transfer_To_Device_Seconds]=2.128379e-02  [Cuda_Transfer_To_Host_Seconds]=2.557963e-02  [Cuda_Calculation_Time_Seconds]=3.671209e-03  [Sequential_Time_Seconds]=5.321774e-02  [N]=16777216  [Blocks]=8192  [Threads]=16
[Cuda_Transfer_To_Device_Seconds]=4.278780e-02  [Cuda_Transfer_To_Host_Seconds]=4.920162e-02  [Cuda_Calculation_Time_Seconds]=7.873950e-03  [Sequential_Time_Seconds]=1.053935e-01  [N]=33554432  [Blocks]=8192  [Threads]=16
[Cuda_Transfer_To_Device_Seconds]=1.791600e-05  [Cuda_Transfer_To_Host_Seconds]=1.009000e-06  [Cuda_Calculation_Time_Seconds]=3.242409e-02  [Sequential_Time_Seconds]=7.200000e-08  [N]=16  [Blocks]=8192  [Threads]=64
[Cuda_Transfer_To_Device_Seconds]=2.283900e-05  [Cuda_Transfer_To_Host_Seconds]=3.004000e-06  [Cuda_Calculation_Time_Seconds]=2.230379e-02  [Sequential_Time_Seconds]=1.720000e-07  [N]=64  [Blocks]=8192  [Threads]=64
[Cuda_Transfer_To_Device_Seconds]=1.774300e-05  [Cuda_Transfer_To_Host_Seconds]=1.081000e-06  [Cuda_Calculation_Time_Seconds]=2.168843e-02  [Sequential_Time_Seconds]=3.300000e-07  [N]=128  [Blocks]=8192  [Threads]=64
[Cuda_Transfer_To_Device_Seconds]=1.872100e-05  [Cuda_Transfer_To_Host_Seconds]=8.890000e-07  [Cuda_Calculation_Time_Seconds]=2.192709e-02  [Sequential_Time_Seconds]=1.165000e-06  [N]=512  [Blocks]=8192  [Threads]=64
[Cuda_Transfer_To_Device_Seconds]=1.891800e-05  [Cuda_Transfer_To_Host_Seconds]=1.164000e-06  [Cuda_Calculation_Time_Seconds]=2.180146e-02  [Sequential_Time_Seconds]=2.244000e-06  [N]=1024  [Blocks]=8192  [Threads]=64
[Cuda_Transfer_To_Device_Seconds]=2.210200e-05  [Cuda_Transfer_To_Host_Seconds]=3.633000e-06  [Cuda_Calculation_Time_Seconds]=4.512042e-02  [Sequential_Time_Seconds]=5.459000e-06  [N]=2048  [Blocks]=8192  [Threads]=64
[Cuda_Transfer_To_Device_Seconds]=3.080300e-05  [Cuda_Transfer_To_Host_Seconds]=3.045000e-06  [Cuda_Calculation_Time_Seconds]=5.211244e-01  [Sequential_Time_Seconds]=1.150200e-05  [N]=4096  [Blocks]=8192  [Threads]=64
[Cuda_Transfer_To_Device_Seconds]=8.311300e-05  [Cuda_Transfer_To_Host_Seconds]=3.593000e-06  [Cuda_Calculation_Time_Seconds]=3.459219e-02  [Sequential_Time_Seconds]=1.027750e-04  [N]=32768  [Blocks]=8192  [Threads]=64
[Cuda_Transfer_To_Device_Seconds]=5.001820e-04  [Cuda_Transfer_To_Host_Seconds]=1.106000e-06  [Cuda_Calculation_Time_Seconds]=2.597919e-02  [Sequential_Time_Seconds]=8.853300e-04  [N]=262144  [Blocks]=8192  [Threads]=64
[Cuda_Transfer_To_Device_Seconds]=1.512627e-03  [Cuda_Transfer_To_Host_Seconds]=1.717295e-03  [Cuda_Calculation_Time_Seconds]=5.092900e-05  [Sequential_Time_Seconds]=3.384508e-03  [N]=1048576  [Blocks]=8192  [Threads]=64
[Cuda_Transfer_To_Device_Seconds]=2.969557e-03  [Cuda_Transfer_To_Host_Seconds]=3.238156e-03  [Cuda_Calculation_Time_Seconds]=8.559500e-05  [Sequential_Time_Seconds]=6.999066e-03  [N]=2097152  [Blocks]=8192  [Threads]=64
[Cuda_Transfer_To_Device_Seconds]=5.506805e-03  [Cuda_Transfer_To_Host_Seconds]=6.358098e-03  [Cuda_Calculation_Time_Seconds]=2.662100e-04  [Sequential_Time_Seconds]=1.500075e-02  [N]=4194304  [Blocks]=8192  [Threads]=64
[Cuda_Transfer_To_Device_Seconds]=1.068338e-02  [Cuda_Transfer_To_Host_Seconds]=1.296475e-02  [Cuda_Calculation_Time_Seconds]=3.599258e-03  [Sequential_Time_Seconds]=2.813036e-02  [N]=8388608  [Blocks]=8192  [Threads]=64
[Cuda_Transfer_To_Device_Seconds]=2.123149e-02  [Cuda_Transfer_To_Host_Seconds]=2.546784e-02  [Cuda_Calculation_Time_Seconds]=1.002805e-02  [Sequential_Time_Seconds]=6.911645e-02  [N]=16777216  [Blocks]=8192  [Threads]=64
[Cuda_Transfer_To_Device_Seconds]=4.245639e-02  [Cuda_Transfer_To_Host_Seconds]=5.063329e-02  [Cuda_Calculation_Time_Seconds]=2.575398e-02  [Sequential_Time_Seconds]=1.073801e-01  [N]=33554432  [Blocks]=8192  [Threads]=64
[Cuda_Transfer_To_Device_Seconds]=1.947900e-05  [Cuda_Transfer_To_Host_Seconds]=1.336000e-06  [Cuda_Calculation_Time_Seconds]=2.324458e-02  [Sequential_Time_Seconds]=7.700000e-08  [N]=16  [Blocks]=8192  [Threads]=256
[Cuda_Transfer_To_Device_Seconds]=2.200400e-05  [Cuda_Transfer_To_Host_Seconds]=2.191500e-05  [Cuda_Calculation_Time_Seconds]=2.449913e-02  [Sequential_Time_Seconds]=1.730000e-07  [N]=64  [Blocks]=8192  [Threads]=256
[Cuda_Transfer_To_Device_Seconds]=3.821300e-05  [Cuda_Transfer_To_Host_Seconds]=3.095000e-06  [Cuda_Calculation_Time_Seconds]=5.239958e-01  [Sequential_Time_Seconds]=3.360000e-07  [N]=128  [Blocks]=8192  [Threads]=256
[Cuda_Transfer_To_Device_Seconds]=1.782200e-05  [Cuda_Transfer_To_Host_Seconds]=9.770000e-07  [Cuda_Calculation_Time_Seconds]=1.984491e-02  [Sequential_Time_Seconds]=1.116000e-06  [N]=512  [Blocks]=8192  [Threads]=256
[Cuda_Transfer_To_Device_Seconds]=1.827500e-05  [Cuda_Transfer_To_Host_Seconds]=3.575000e-06  [Cuda_Calculation_Time_Seconds]=2.372325e-02  [Sequential_Time_Seconds]=2.273000e-06  [N]=1024  [Blocks]=8192  [Threads]=256
[Cuda_Transfer_To_Device_Seconds]=2.062400e-05  [Cuda_Transfer_To_Host_Seconds]=8.920000e-07  [Cuda_Calculation_Time_Seconds]=1.829765e-02  [Sequential_Time_Seconds]=5.696000e-06  [N]=2048  [Blocks]=8192  [Threads]=256
[Cuda_Transfer_To_Device_Seconds]=2.829700e-05  [Cuda_Transfer_To_Host_Seconds]=3.404000e-06  [Cuda_Calculation_Time_Seconds]=5.205387e-01  [Sequential_Time_Seconds]=1.172400e-05  [N]=4096  [Blocks]=8192  [Threads]=256
[Cuda_Transfer_To_Device_Seconds]=9.543200e-05  [Cuda_Transfer_To_Host_Seconds]=3.398000e-06  [Cuda_Calculation_Time_Seconds]=5.244023e-01  [Sequential_Time_Seconds]=1.060160e-04  [N]=32768  [Blocks]=8192  [Threads]=256
[Cuda_Transfer_To_Device_Seconds]=5.041160e-04  [Cuda_Transfer_To_Host_Seconds]=3.285000e-06  [Cuda_Calculation_Time_Seconds]=5.217185e-01  [Sequential_Time_Seconds]=8.577670e-04  [N]=262144  [Blocks]=8192  [Threads]=256
[Cuda_Transfer_To_Device_Seconds]=1.478983e-03  [Cuda_Transfer_To_Host_Seconds]=2.888000e-06  [Cuda_Calculation_Time_Seconds]=5.284311e-01  [Sequential_Time_Seconds]=3.439761e-03  [N]=1048576  [Blocks]=8192  [Threads]=256
[Cuda_Transfer_To_Device_Seconds]=3.315962e-03  [Cuda_Transfer_To_Host_Seconds]=3.479384e-03  [Cuda_Calculation_Time_Seconds]=1.482410e-04  [Sequential_Time_Seconds]=6.801836e-03  [N]=2097152  [Blocks]=8192  [Threads]=256
[Cuda_Transfer_To_Device_Seconds]=5.417010e-03  [Cuda_Transfer_To_Host_Seconds]=6.385402e-03  [Cuda_Calculation_Time_Seconds]=1.532990e-04  [Sequential_Time_Seconds]=1.351570e-02  [N]=4194304  [Blocks]=8192  [Threads]=256
[Cuda_Transfer_To_Device_Seconds]=1.067759e-02  [Cuda_Transfer_To_Host_Seconds]=1.292907e-02  [Cuda_Calculation_Time_Seconds]=3.133170e-04  [Sequential_Time_Seconds]=2.766504e-02  [N]=8388608  [Blocks]=8192  [Threads]=256
[Cuda_Transfer_To_Device_Seconds]=2.210774e-02  [Cuda_Transfer_To_Host_Seconds]=2.498308e-02  [Cuda_Calculation_Time_Seconds]=8.985790e-04  [Sequential_Time_Seconds]=5.295891e-02  [N]=16777216  [Blocks]=8192  [Threads]=256
[Cuda_Transfer_To_Device_Seconds]=4.236518e-02  [Cuda_Transfer_To_Host_Seconds]=4.918144e-02  [Cuda_Calculation_Time_Seconds]=1.405219e-02  [Sequential_Time_Seconds]=1.069305e-01  [N]=33554432  [Blocks]=8192  [Threads]=256
[Cuda_Transfer_To_Device_Seconds]=2.287600e-05  [Cuda_Transfer_To_Host_Seconds]=9.050000e-07  [Cuda_Calculation_Time_Seconds]=2.173027e-02  [Sequential_Time_Seconds]=7.500000e-08  [N]=16  [Blocks]=8192  [Threads]=1024
[Cuda_Transfer_To_Device_Seconds]=1.871600e-05  [Cuda_Transfer_To_Host_Seconds]=3.936000e-06  [Cuda_Calculation_Time_Seconds]=5.239395e-01  [Sequential_Time_Seconds]=1.680000e-07  [N]=64  [Blocks]=8192  [Threads]=1024
[Cuda_Transfer_To_Device_Seconds]=1.776000e-05  [Cuda_Transfer_To_Host_Seconds]=3.030000e-06  [Cuda_Calculation_Time_Seconds]=5.137067e-01  [Sequential_Time_Seconds]=3.090000e-07  [N]=128  [Blocks]=8192  [Threads]=1024
[Cuda_Transfer_To_Device_Seconds]=2.076700e-05  [Cuda_Transfer_To_Host_Seconds]=3.006000e-06  [Cuda_Calculation_Time_Seconds]=5.202971e-01  [Sequential_Time_Seconds]=1.130000e-06  [N]=512  [Blocks]=8192  [Threads]=1024
[Cuda_Transfer_To_Device_Seconds]=2.228800e-05  [Cuda_Transfer_To_Host_Seconds]=1.169000e-06  [Cuda_Calculation_Time_Seconds]=1.465398e-02  [Sequential_Time_Seconds]=2.336000e-06  [N]=1024  [Blocks]=8192  [Threads]=1024
[Cuda_Transfer_To_Device_Seconds]=2.117500e-05  [Cuda_Transfer_To_Host_Seconds]=1.565000e-06  [Cuda_Calculation_Time_Seconds]=2.118270e-02  [Sequential_Time_Seconds]=5.545000e-06  [N]=2048  [Blocks]=8192  [Threads]=1024
[Cuda_Transfer_To_Device_Seconds]=2.800300e-05  [Cuda_Transfer_To_Host_Seconds]=2.990000e-06  [Cuda_Calculation_Time_Seconds]=5.206084e-01  [Sequential_Time_Seconds]=1.265100e-05  [N]=4096  [Blocks]=8192  [Threads]=1024
[Cuda_Transfer_To_Device_Seconds]=8.435000e-05  [Cuda_Transfer_To_Host_Seconds]=1.191000e-06  [Cuda_Calculation_Time_Seconds]=2.144188e-02  [Sequential_Time_Seconds]=1.030580e-04  [N]=32768  [Blocks]=8192  [Threads]=1024
[Cuda_Transfer_To_Device_Seconds]=4.996390e-04  [Cuda_Transfer_To_Host_Seconds]=3.134000e-06  [Cuda_Calculation_Time_Seconds]=2.232127e-02  [Sequential_Time_Seconds]=8.858650e-04  [N]=262144  [Blocks]=8192  [Threads]=1024
[Cuda_Transfer_To_Device_Seconds]=1.768850e-03  [Cuda_Transfer_To_Host_Seconds]=2.881000e-06  [Cuda_Calculation_Time_Seconds]=5.192618e-01  [Sequential_Time_Seconds]=3.568081e-03  [N]=1048576  [Blocks]=8192  [Threads]=1024
[Cuda_Transfer_To_Device_Seconds]=2.808424e-03  [Cuda_Transfer_To_Host_Seconds]=1.146000e-06  [Cuda_Calculation_Time_Seconds]=2.017095e-02  [Sequential_Time_Seconds]=6.740065e-03  [N]=2097152  [Blocks]=8192  [Threads]=1024
[Cuda_Transfer_To_Device_Seconds]=5.457919e-03  [Cuda_Transfer_To_Host_Seconds]=1.113000e-06  [Cuda_Calculation_Time_Seconds]=2.030985e-02  [Sequential_Time_Seconds]=1.374340e-02  [N]=4194304  [Blocks]=8192  [Threads]=1024
[Cuda_Transfer_To_Device_Seconds]=1.099238e-02  [Cuda_Transfer_To_Host_Seconds]=1.298121e-02  [Cuda_Calculation_Time_Seconds]=5.586620e-04  [Sequential_Time_Seconds]=2.863955e-02  [N]=8388608  [Blocks]=8192  [Threads]=1024
[Cuda_Transfer_To_Device_Seconds]=2.140344e-02  [Cuda_Transfer_To_Host_Seconds]=2.637133e-02  [Cuda_Calculation_Time_Seconds]=6.530950e-04  [Sequential_Time_Seconds]=5.994028e-02  [N]=16777216  [Blocks]=8192  [Threads]=1024
[Cuda_Transfer_To_Device_Seconds]=4.232565e-02  [Cuda_Transfer_To_Host_Seconds]=5.024140e-02  [Cuda_Calculation_Time_Seconds]=2.306519e-03  [Sequential_Time_Seconds]=1.123493e-01  [N]=33554432  [Blocks]=8192  [Threads]=1024
[Cuda_Transfer_To_Device_Seconds]=2.214700e-05  [Cuda_Transfer_To_Host_Seconds]=1.106000e-06  [Cuda_Calculation_Time_Seconds]=1.712051e-02  [Sequential_Time_Seconds]=7.300000e-08  [N]=16  [Blocks]=32768  [Threads]=1
[Cuda_Transfer_To_Device_Seconds]=1.856900e-05  [Cuda_Transfer_To_Host_Seconds]=3.115000e-06  [Cuda_Calculation_Time_Seconds]=2.533635e-02  [Sequential_Time_Seconds]=1.700000e-07  [N]=64  [Blocks]=32768  [Threads]=1
[Cuda_Transfer_To_Device_Seconds]=2.354300e-05  [Cuda_Transfer_To_Host_Seconds]=3.556000e-06  [Cuda_Calculation_Time_Seconds]=5.246796e-01  [Sequential_Time_Seconds]=3.290000e-07  [N]=128  [Blocks]=32768  [Threads]=1
[Cuda_Transfer_To_Device_Seconds]=2.108100e-05  [Cuda_Transfer_To_Host_Seconds]=3.520000e-06  [Cuda_Calculation_Time_Seconds]=2.195366e-02  [Sequential_Time_Seconds]=1.209000e-06  [N]=512  [Blocks]=32768  [Threads]=1
[Cuda_Transfer_To_Device_Seconds]=1.826700e-05  [Cuda_Transfer_To_Host_Seconds]=2.928000e-06  [Cuda_Calculation_Time_Seconds]=5.228291e-01  [Sequential_Time_Seconds]=2.408000e-06  [N]=1024  [Blocks]=32768  [Threads]=1
[Cuda_Transfer_To_Device_Seconds]=2.501400e-05  [Cuda_Transfer_To_Host_Seconds]=1.169000e-06  [Cuda_Calculation_Time_Seconds]=1.789433e-02  [Sequential_Time_Seconds]=5.450000e-06  [N]=2048  [Blocks]=32768  [Threads]=1
[Cuda_Transfer_To_Device_Seconds]=2.517200e-05  [Cuda_Transfer_To_Host_Seconds]=1.506000e-06  [Cuda_Calculation_Time_Seconds]=2.008920e-02  [Sequential_Time_Seconds]=1.266300e-05  [N]=4096  [Blocks]=32768  [Threads]=1
[Cuda_Transfer_To_Device_Seconds]=8.341400e-05  [Cuda_Transfer_To_Host_Seconds]=8.097900e-05  [Cuda_Calculation_Time_Seconds]=5.407300e-05  [Sequential_Time_Seconds]=1.090370e-04  [N]=32768  [Blocks]=32768  [Threads]=1
[Cuda_Transfer_To_Device_Seconds]=5.057190e-04  [Cuda_Transfer_To_Host_Seconds]=5.642650e-04  [Cuda_Calculation_Time_Seconds]=8.540600e-05  [Sequential_Time_Seconds]=1.233096e-03  [N]=262144  [Blocks]=32768  [Threads]=1
[Cuda_Transfer_To_Device_Seconds]=1.482873e-03  [Cuda_Transfer_To_Host_Seconds]=1.742669e-03  [Cuda_Calculation_Time_Seconds]=2.908580e-04  [Sequential_Time_Seconds]=3.569355e-03  [N]=1048576  [Blocks]=32768  [Threads]=1
[Cuda_Transfer_To_Device_Seconds]=3.235328e-03  [Cuda_Transfer_To_Host_Seconds]=3.594441e-03  [Cuda_Calculation_Time_Seconds]=4.974820e-04  [Sequential_Time_Seconds]=7.262000e-03  [N]=2097152  [Blocks]=32768  [Threads]=1
[Cuda_Transfer_To_Device_Seconds]=5.421622e-03  [Cuda_Transfer_To_Host_Seconds]=6.645915e-03  [Cuda_Calculation_Time_Seconds]=8.536260e-04  [Sequential_Time_Seconds]=1.408050e-02  [N]=4194304  [Blocks]=32768  [Threads]=1
[Cuda_Transfer_To_Device_Seconds]=1.073851e-02  [Cuda_Transfer_To_Host_Seconds]=1.225466e-02  [Cuda_Calculation_Time_Seconds]=2.953339e-03  [Sequential_Time_Seconds]=2.862316e-02  [N]=8388608  [Blocks]=32768  [Threads]=1
[Cuda_Transfer_To_Device_Seconds]=2.129395e-02  [Cuda_Transfer_To_Host_Seconds]=2.533988e-02  [Cuda_Calculation_Time_Seconds]=5.863715e-03  [Sequential_Time_Seconds]=5.518697e-02  [N]=16777216  [Blocks]=32768  [Threads]=1
[Cuda_Transfer_To_Device_Seconds]=4.237767e-02  [Cuda_Transfer_To_Host_Seconds]=4.963207e-02  [Cuda_Calculation_Time_Seconds]=1.170659e-02  [Sequential_Time_Seconds]=1.434014e-01  [N]=33554432  [Blocks]=32768  [Threads]=1
[Cuda_Transfer_To_Device_Seconds]=2.267200e-05  [Cuda_Transfer_To_Host_Seconds]=9.810000e-07  [Cuda_Calculation_Time_Seconds]=2.388170e-02  [Sequential_Time_Seconds]=6.800000e-08  [N]=16  [Blocks]=32768  [Threads]=4
[Cuda_Transfer_To_Device_Seconds]=1.954100e-05  [Cuda_Transfer_To_Host_Seconds]=3.531000e-06  [Cuda_Calculation_Time_Seconds]=5.241230e-01  [Sequential_Time_Seconds]=1.850000e-07  [N]=64  [Blocks]=32768  [Threads]=4
[Cuda_Transfer_To_Device_Seconds]=2.101300e-05  [Cuda_Transfer_To_Host_Seconds]=2.985000e-06  [Cuda_Calculation_Time_Seconds]=2.114581e-02  [Sequential_Time_Seconds]=3.130000e-07  [N]=128  [Blocks]=32768  [Threads]=4
[Cuda_Transfer_To_Device_Seconds]=1.714100e-05  [Cuda_Transfer_To_Host_Seconds]=1.031000e-06  [Cuda_Calculation_Time_Seconds]=1.673430e-02  [Sequential_Time_Seconds]=1.171000e-06  [N]=512  [Blocks]=32768  [Threads]=4
[Cuda_Transfer_To_Device_Seconds]=2.171900e-05  [Cuda_Transfer_To_Host_Seconds]=9.370000e-07  [Cuda_Calculation_Time_Seconds]=1.755408e-02  [Sequential_Time_Seconds]=2.366000e-06  [N]=1024  [Blocks]=32768  [Threads]=4
[Cuda_Transfer_To_Device_Seconds]=2.480800e-05  [Cuda_Transfer_To_Host_Seconds]=3.365000e-06  [Cuda_Calculation_Time_Seconds]=1.891259e-02  [Sequential_Time_Seconds]=5.530000e-06  [N]=2048  [Blocks]=32768  [Threads]=4
[Cuda_Transfer_To_Device_Seconds]=2.481200e-05  [Cuda_Transfer_To_Host_Seconds]=1.016000e-06  [Cuda_Calculation_Time_Seconds]=1.869843e-02  [Sequential_Time_Seconds]=1.195400e-05  [N]=4096  [Blocks]=32768  [Threads]=4
[Cuda_Transfer_To_Device_Seconds]=8.466300e-05  [Cuda_Transfer_To_Host_Seconds]=2.375600e-05  [Cuda_Calculation_Time_Seconds]=2.107180e-02  [Sequential_Time_Seconds]=1.087990e-04  [N]=32768  [Blocks]=32768  [Threads]=4
[Cuda_Transfer_To_Device_Seconds]=5.525780e-04  [Cuda_Transfer_To_Host_Seconds]=5.473840e-04  [Cuda_Calculation_Time_Seconds]=5.797400e-05  [Sequential_Time_Seconds]=8.882150e-04  [N]=262144  [Blocks]=32768  [Threads]=4
[Cuda_Transfer_To_Device_Seconds]=1.485392e-03  [Cuda_Transfer_To_Host_Seconds]=1.669007e-03  [Cuda_Calculation_Time_Seconds]=1.172470e-04  [Sequential_Time_Seconds]=3.506946e-03  [N]=1048576  [Blocks]=32768  [Threads]=4
[Cuda_Transfer_To_Device_Seconds]=2.844351e-03  [Cuda_Transfer_To_Host_Seconds]=3.396847e-03  [Cuda_Calculation_Time_Seconds]=2.706280e-04  [Sequential_Time_Seconds]=6.869456e-03  [N]=2097152  [Blocks]=32768  [Threads]=4
[Cuda_Transfer_To_Device_Seconds]=5.442340e-03  [Cuda_Transfer_To_Host_Seconds]=6.571472e-03  [Cuda_Calculation_Time_Seconds]=8.975110e-04  [Sequential_Time_Seconds]=1.343064e-02  [N]=4194304  [Blocks]=32768  [Threads]=4
[Cuda_Transfer_To_Device_Seconds]=1.071341e-02  [Cuda_Transfer_To_Host_Seconds]=1.295660e-02  [Cuda_Calculation_Time_Seconds]=1.760175e-03  [Sequential_Time_Seconds]=2.894171e-02  [N]=8388608  [Blocks]=32768  [Threads]=4
[Cuda_Transfer_To_Device_Seconds]=2.123943e-02  [Cuda_Transfer_To_Host_Seconds]=2.575567e-02  [Cuda_Calculation_Time_Seconds]=3.490911e-03  [Sequential_Time_Seconds]=5.294019e-02  [N]=16777216  [Blocks]=32768  [Threads]=4
[Cuda_Transfer_To_Device_Seconds]=4.254747e-02  [Cuda_Transfer_To_Host_Seconds]=5.034855e-02  [Cuda_Calculation_Time_Seconds]=6.950580e-03  [Sequential_Time_Seconds]=1.119121e-01  [N]=33554432  [Blocks]=32768  [Threads]=4
[Cuda_Transfer_To_Device_Seconds]=2.325800e-05  [Cuda_Transfer_To_Host_Seconds]=2.242000e-06  [Cuda_Calculation_Time_Seconds]=2.369754e-02  [Sequential_Time_Seconds]=7.800000e-08  [N]=16  [Blocks]=32768  [Threads]=16
[Cuda_Transfer_To_Device_Seconds]=2.097600e-05  [Cuda_Transfer_To_Host_Seconds]=3.736000e-06  [Cuda_Calculation_Time_Seconds]=5.226080e-01  [Sequential_Time_Seconds]=1.750000e-07  [N]=64  [Blocks]=32768  [Threads]=16
[Cuda_Transfer_To_Device_Seconds]=2.167700e-05  [Cuda_Transfer_To_Host_Seconds]=3.321000e-06  [Cuda_Calculation_Time_Seconds]=3.957985e-02  [Sequential_Time_Seconds]=3.210000e-07  [N]=128  [Blocks]=32768  [Threads]=16
[Cuda_Transfer_To_Device_Seconds]=1.791400e-05  [Cuda_Transfer_To_Host_Seconds]=2.199000e-06  [Cuda_Calculation_Time_Seconds]=2.043123e-02  [Sequential_Time_Seconds]=1.216000e-06  [N]=512  [Blocks]=32768  [Threads]=16
[Cuda_Transfer_To_Device_Seconds]=1.866900e-05  [Cuda_Transfer_To_Host_Seconds]=3.302000e-06  [Cuda_Calculation_Time_Seconds]=5.219495e-01  [Sequential_Time_Seconds]=2.402000e-06  [N]=1024  [Blocks]=32768  [Threads]=16
[Cuda_Transfer_To_Device_Seconds]=1.985200e-05  [Cuda_Transfer_To_Host_Seconds]=8.410000e-07  [Cuda_Calculation_Time_Seconds]=2.032439e-02  [Sequential_Time_Seconds]=5.614000e-06  [N]=2048  [Blocks]=32768  [Threads]=16
[Cuda_Transfer_To_Device_Seconds]=2.809200e-05  [Cuda_Transfer_To_Host_Seconds]=1.464000e-06  [Cuda_Calculation_Time_Seconds]=4.020905e-02  [Sequential_Time_Seconds]=1.212300e-05  [N]=4096  [Blocks]=32768  [Threads]=16
[Cuda_Transfer_To_Device_Seconds]=8.611400e-05  [Cuda_Transfer_To_Host_Seconds]=9.750000e-07  [Cuda_Calculation_Time_Seconds]=4.606271e-02  [Sequential_Time_Seconds]=1.035950e-04  [N]=32768  [Blocks]=32768  [Threads]=16
[Cuda_Transfer_To_Device_Seconds]=5.398850e-04  [Cuda_Transfer_To_Host_Seconds]=1.022000e-06  [Cuda_Calculation_Time_Seconds]=2.273328e-02  [Sequential_Time_Seconds]=8.464520e-04  [N]=262144  [Blocks]=32768  [Threads]=16
[Cuda_Transfer_To_Device_Seconds]=1.481451e-03  [Cuda_Transfer_To_Host_Seconds]=1.714474e-03  [Cuda_Calculation_Time_Seconds]=6.710100e-05  [Sequential_Time_Seconds]=3.506396e-03  [N]=1048576  [Blocks]=32768  [Threads]=16
[Cuda_Transfer_To_Device_Seconds]=2.843292e-03  [Cuda_Transfer_To_Host_Seconds]=3.224727e-03  [Cuda_Calculation_Time_Seconds]=8.661000e-05  [Sequential_Time_Seconds]=6.919469e-03  [N]=2097152  [Blocks]=32768  [Threads]=16
[Cuda_Transfer_To_Device_Seconds]=5.446169e-03  [Cuda_Transfer_To_Host_Seconds]=6.273930e-03  [Cuda_Calculation_Time_Seconds]=2.044690e-04  [Sequential_Time_Seconds]=1.700909e-02  [N]=4194304  [Blocks]=32768  [Threads]=16
[Cuda_Transfer_To_Device_Seconds]=1.074025e-02  [Cuda_Transfer_To_Host_Seconds]=1.272920e-02  [Cuda_Calculation_Time_Seconds]=9.896300e-04  [Sequential_Time_Seconds]=2.869761e-02  [N]=8388608  [Blocks]=32768  [Threads]=16
[Cuda_Transfer_To_Device_Seconds]=2.124212e-02  [Cuda_Transfer_To_Host_Seconds]=2.541402e-02  [Cuda_Calculation_Time_Seconds]=3.566079e-03  [Sequential_Time_Seconds]=6.182077e-02  [N]=16777216  [Blocks]=32768  [Threads]=16
[Cuda_Transfer_To_Device_Seconds]=4.238292e-02  [Cuda_Transfer_To_Host_Seconds]=5.273379e-02  [Cuda_Calculation_Time_Seconds]=6.996459e-03  [Sequential_Time_Seconds]=1.074633e-01  [N]=33554432  [Blocks]=32768  [Threads]=16
[Cuda_Transfer_To_Device_Seconds]=2.218400e-05  [Cuda_Transfer_To_Host_Seconds]=1.109000e-06  [Cuda_Calculation_Time_Seconds]=2.232683e-02  [Sequential_Time_Seconds]=8.100000e-08  [N]=16  [Blocks]=32768  [Threads]=64
[Cuda_Transfer_To_Device_Seconds]=1.886200e-05  [Cuda_Transfer_To_Host_Seconds]=1.396600e-05  [Cuda_Calculation_Time_Seconds]=5.241777e-01  [Sequential_Time_Seconds]=2.570000e-07  [N]=64  [Blocks]=32768  [Threads]=64
[Cuda_Transfer_To_Device_Seconds]=1.877600e-05  [Cuda_Transfer_To_Host_Seconds]=3.725000e-06  [Cuda_Calculation_Time_Seconds]=5.195837e-01  [Sequential_Time_Seconds]=3.260000e-07  [N]=128  [Blocks]=32768  [Threads]=64
[Cuda_Transfer_To_Device_Seconds]=2.105300e-05  [Cuda_Transfer_To_Host_Seconds]=1.254000e-06  [Cuda_Calculation_Time_Seconds]=1.943670e-02  [Sequential_Time_Seconds]=1.132000e-06  [N]=512  [Blocks]=32768  [Threads]=64
[Cuda_Transfer_To_Device_Seconds]=2.184800e-05  [Cuda_Transfer_To_Host_Seconds]=3.533000e-06  [Cuda_Calculation_Time_Seconds]=5.375385e-01  [Sequential_Time_Seconds]=2.371000e-06  [N]=1024  [Blocks]=32768  [Threads]=64
[Cuda_Transfer_To_Device_Seconds]=2.778800e-05  [Cuda_Transfer_To_Host_Seconds]=3.666000e-06  [Cuda_Calculation_Time_Seconds]=3.392331e-02  [Sequential_Time_Seconds]=5.233000e-06  [N]=2048  [Blocks]=32768  [Threads]=64
[Cuda_Transfer_To_Device_Seconds]=2.534800e-05  [Cuda_Transfer_To_Host_Seconds]=2.785000e-06  [Cuda_Calculation_Time_Seconds]=2.026465e-02  [Sequential_Time_Seconds]=1.248100e-05  [N]=4096  [Blocks]=32768  [Threads]=64
[Cuda_Transfer_To_Device_Seconds]=1.096240e-04  [Cuda_Transfer_To_Host_Seconds]=3.798000e-06  [Cuda_Calculation_Time_Seconds]=5.272180e-01  [Sequential_Time_Seconds]=1.087860e-04  [N]=32768  [Blocks]=32768  [Threads]=64
[Cuda_Transfer_To_Device_Seconds]=6.614630e-04  [Cuda_Transfer_To_Host_Seconds]=2.156200e-05  [Cuda_Calculation_Time_Seconds]=5.224302e-01  [Sequential_Time_Seconds]=8.849980e-04  [N]=262144  [Blocks]=32768  [Threads]=64
[Cuda_Transfer_To_Device_Seconds]=1.564512e-03  [Cuda_Transfer_To_Host_Seconds]=9.460000e-07  [Cuda_Calculation_Time_Seconds]=2.342158e-02  [Sequential_Time_Seconds]=3.497094e-03  [N]=1048576  [Blocks]=32768  [Threads]=64
[Cuda_Transfer_To_Device_Seconds]=2.812484e-03  [Cuda_Transfer_To_Host_Seconds]=3.232253e-03  [Cuda_Calculation_Time_Seconds]=8.285000e-05  [Sequential_Time_Seconds]=6.881828e-03  [N]=2097152  [Blocks]=32768  [Threads]=64
[Cuda_Transfer_To_Device_Seconds]=5.423627e-03  [Cuda_Transfer_To_Host_Seconds]=6.597061e-03  [Cuda_Calculation_Time_Seconds]=1.555050e-04  [Sequential_Time_Seconds]=1.628813e-02  [N]=4194304  [Blocks]=32768  [Threads]=64
[Cuda_Transfer_To_Device_Seconds]=1.067673e-02  [Cuda_Transfer_To_Host_Seconds]=1.262530e-02  [Cuda_Calculation_Time_Seconds]=3.024680e-04  [Sequential_Time_Seconds]=2.934883e-02  [N]=8388608  [Blocks]=32768  [Threads]=64
[Cuda_Transfer_To_Device_Seconds]=2.155675e-02  [Cuda_Transfer_To_Host_Seconds]=2.545511e-02  [Cuda_Calculation_Time_Seconds]=1.627679e-03  [Sequential_Time_Seconds]=5.448934e-02  [N]=16777216  [Blocks]=32768  [Threads]=64
[Cuda_Transfer_To_Device_Seconds]=4.246951e-02  [Cuda_Transfer_To_Host_Seconds]=4.836976e-02  [Cuda_Calculation_Time_Seconds]=1.395670e-02  [Sequential_Time_Seconds]=1.073775e-01  [N]=33554432  [Blocks]=32768  [Threads]=64
[Cuda_Transfer_To_Device_Seconds]=1.851300e-05  [Cuda_Transfer_To_Host_Seconds]=1.530000e-06  [Cuda_Calculation_Time_Seconds]=3.548200e-02  [Sequential_Time_Seconds]=7.300000e-08  [N]=16  [Blocks]=32768  [Threads]=256
[Cuda_Transfer_To_Device_Seconds]=2.158800e-05  [Cuda_Transfer_To_Host_Seconds]=4.160000e-06  [Cuda_Calculation_Time_Seconds]=2.367998e-02  [Sequential_Time_Seconds]=1.790000e-07  [N]=64  [Blocks]=32768  [Threads]=256
[Cuda_Transfer_To_Device_Seconds]=2.180900e-05  [Cuda_Transfer_To_Host_Seconds]=1.135000e-06  [Cuda_Calculation_Time_Seconds]=2.157302e-02  [Sequential_Time_Seconds]=3.270000e-07  [N]=128  [Blocks]=32768  [Threads]=256
[Cuda_Transfer_To_Device_Seconds]=2.188700e-05  [Cuda_Transfer_To_Host_Seconds]=3.454000e-06  [Cuda_Calculation_Time_Seconds]=2.280466e-02  [Sequential_Time_Seconds]=1.175000e-06  [N]=512  [Blocks]=32768  [Threads]=256
[Cuda_Transfer_To_Device_Seconds]=2.206200e-05  [Cuda_Transfer_To_Host_Seconds]=2.197000e-05  [Cuda_Calculation_Time_Seconds]=2.396909e-02  [Sequential_Time_Seconds]=2.354000e-06  [N]=1024  [Blocks]=32768  [Threads]=256
[Cuda_Transfer_To_Device_Seconds]=2.994100e-05  [Cuda_Transfer_To_Host_Seconds]=3.260000e-06  [Cuda_Calculation_Time_Seconds]=5.214763e-01  [Sequential_Time_Seconds]=5.482000e-06  [N]=2048  [Blocks]=32768  [Threads]=256
[Cuda_Transfer_To_Device_Seconds]=2.895400e-05  [Cuda_Transfer_To_Host_Seconds]=9.080000e-07  [Cuda_Calculation_Time_Seconds]=1.978572e-02  [Sequential_Time_Seconds]=1.225700e-05  [N]=4096  [Blocks]=32768  [Threads]=256
[Cuda_Transfer_To_Device_Seconds]=1.081660e-04  [Cuda_Transfer_To_Host_Seconds]=1.802000e-06  [Cuda_Calculation_Time_Seconds]=4.011792e-02  [Sequential_Time_Seconds]=1.063120e-04  [N]=32768  [Blocks]=32768  [Threads]=256
[Cuda_Transfer_To_Device_Seconds]=5.056350e-04  [Cuda_Transfer_To_Host_Seconds]=9.760000e-07  [Cuda_Calculation_Time_Seconds]=2.589479e-02  [Sequential_Time_Seconds]=8.842420e-04  [N]=262144  [Blocks]=32768  [Threads]=256
[Cuda_Transfer_To_Device_Seconds]=1.520056e-03  [Cuda_Transfer_To_Host_Seconds]=1.529800e-05  [Cuda_Calculation_Time_Seconds]=5.223726e-01  [Sequential_Time_Seconds]=3.496544e-03  [N]=1048576  [Blocks]=32768  [Threads]=256
[Cuda_Transfer_To_Device_Seconds]=2.793994e-03  [Cuda_Transfer_To_Host_Seconds]=9.250000e-07  [Cuda_Calculation_Time_Seconds]=2.162156e-02  [Sequential_Time_Seconds]=6.895039e-03  [N]=2097152  [Blocks]=32768  [Threads]=256
[Cuda_Transfer_To_Device_Seconds]=5.420210e-03  [Cuda_Transfer_To_Host_Seconds]=1.461000e-06  [Cuda_Calculation_Time_Seconds]=2.497623e-02  [Sequential_Time_Seconds]=1.382135e-02  [N]=4194304  [Blocks]=32768  [Threads]=256
[Cuda_Transfer_To_Device_Seconds]=1.067628e-02  [Cuda_Transfer_To_Host_Seconds]=1.233645e-02  [Cuda_Calculation_Time_Seconds]=3.014650e-04  [Sequential_Time_Seconds]=2.797852e-02  [N]=8388608  [Blocks]=32768  [Threads]=256
[Cuda_Transfer_To_Device_Seconds]=2.125597e-02  [Cuda_Transfer_To_Host_Seconds]=2.474928e-02  [Cuda_Calculation_Time_Seconds]=5.914690e-04  [Sequential_Time_Seconds]=5.649315e-02  [N]=16777216  [Blocks]=32768  [Threads]=256
[Cuda_Transfer_To_Device_Seconds]=4.274905e-02  [Cuda_Transfer_To_Host_Seconds]=4.927049e-02  [Cuda_Calculation_Time_Seconds]=1.623744e-03  [Sequential_Time_Seconds]=1.108805e-01  [N]=33554432  [Blocks]=32768  [Threads]=256
[Cuda_Transfer_To_Device_Seconds]=2.189800e-05  [Cuda_Transfer_To_Host_Seconds]=4.620000e-06  [Cuda_Calculation_Time_Seconds]=2.687727e-02  [Sequential_Time_Seconds]=8.000000e-08  [N]=16  [Blocks]=32768  [Threads]=1024
[Cuda_Transfer_To_Device_Seconds]=1.934000e-05  [Cuda_Transfer_To_Host_Seconds]=3.198000e-06  [Cuda_Calculation_Time_Seconds]=5.229825e-01  [Sequential_Time_Seconds]=1.690000e-07  [N]=64  [Blocks]=32768  [Threads]=1024
[Cuda_Transfer_To_Device_Seconds]=1.731400e-05  [Cuda_Transfer_To_Host_Seconds]=3.713000e-06  [Cuda_Calculation_Time_Seconds]=2.365939e-02  [Sequential_Time_Seconds]=3.140000e-07  [N]=128  [Blocks]=32768  [Threads]=1024
[Cuda_Transfer_To_Device_Seconds]=2.030800e-05  [Cuda_Transfer_To_Host_Seconds]=1.068000e-06  [Cuda_Calculation_Time_Seconds]=1.830516e-02  [Sequential_Time_Seconds]=1.131000e-06  [N]=512  [Blocks]=32768  [Threads]=1024
[Cuda_Transfer_To_Device_Seconds]=1.946000e-05  [Cuda_Transfer_To_Host_Seconds]=3.930000e-06  [Cuda_Calculation_Time_Seconds]=5.192295e-01  [Sequential_Time_Seconds]=2.261000e-06  [N]=1024  [Blocks]=32768  [Threads]=1024
[Cuda_Transfer_To_Device_Seconds]=2.028500e-05  [Cuda_Transfer_To_Host_Seconds]=1.201000e-06  [Cuda_Calculation_Time_Seconds]=1.829427e-02  [Sequential_Time_Seconds]=5.392000e-06  [N]=2048  [Blocks]=32768  [Threads]=1024
[Cuda_Transfer_To_Device_Seconds]=2.870300e-05  [Cuda_Transfer_To_Host_Seconds]=8.130000e-07  [Cuda_Calculation_Time_Seconds]=2.466145e-02  [Sequential_Time_Seconds]=1.202000e-05  [N]=4096  [Blocks]=32768  [Threads]=1024
[Cuda_Transfer_To_Device_Seconds]=8.688600e-05  [Cuda_Transfer_To_Host_Seconds]=1.245000e-06  [Cuda_Calculation_Time_Seconds]=2.005859e-02  [Sequential_Time_Seconds]=1.067300e-04  [N]=32768  [Blocks]=32768  [Threads]=1024
[Cuda_Transfer_To_Device_Seconds]=5.007960e-04  [Cuda_Transfer_To_Host_Seconds]=1.027000e-06  [Cuda_Calculation_Time_Seconds]=2.000197e-02  [Sequential_Time_Seconds]=9.191340e-04  [N]=262144  [Blocks]=32768  [Threads]=1024
[Cuda_Transfer_To_Device_Seconds]=1.481748e-03  [Cuda_Transfer_To_Host_Seconds]=2.250100e-05  [Cuda_Calculation_Time_Seconds]=2.041931e-02  [Sequential_Time_Seconds]=3.523476e-03  [N]=1048576  [Blocks]=32768  [Threads]=1024
[Cuda_Transfer_To_Device_Seconds]=3.126812e-03  [Cuda_Transfer_To_Host_Seconds]=1.273000e-06  [Cuda_Calculation_Time_Seconds]=1.966663e-02  [Sequential_Time_Seconds]=6.709885e-03  [N]=2097152  [Blocks]=32768  [Threads]=1024
[Cuda_Transfer_To_Device_Seconds]=5.421983e-03  [Cuda_Transfer_To_Host_Seconds]=1.146000e-06  [Cuda_Calculation_Time_Seconds]=2.044634e-02  [Sequential_Time_Seconds]=1.571958e-02  [N]=4194304  [Blocks]=32768  [Threads]=1024
[Cuda_Transfer_To_Device_Seconds]=1.070858e-02  [Cuda_Transfer_To_Host_Seconds]=9.480000e-07  [Cuda_Calculation_Time_Seconds]=2.128645e-02  [Sequential_Time_Seconds]=2.840584e-02  [N]=8388608  [Blocks]=32768  [Threads]=1024
[Cuda_Transfer_To_Device_Seconds]=2.123463e-02  [Cuda_Transfer_To_Host_Seconds]=1.153000e-06  [Cuda_Calculation_Time_Seconds]=2.153517e-02  [Sequential_Time_Seconds]=5.638567e-02  [N]=16777216  [Blocks]=32768  [Threads]=1024
[Cuda_Transfer_To_Device_Seconds]=4.243754e-02  [Cuda_Transfer_To_Host_Seconds]=4.929137e-02  [Cuda_Calculation_Time_Seconds]=1.463534e-03  [Sequential_Time_Seconds]=1.071807e-01  [N]=33554432  [Blocks]=32768  [Threads]=1024
